Archive member included to satisfy reference by file (symbol)

C:/ST/STM32CubeIDE_1.17.0/STM32CubeIDE/plugins/com.st.stm32cube.ide.mcu.externaltools.gnu-tools-for-stm32.12.3.rel1.win32_1.1.0.202410251130/tools/bin/../lib/gcc/arm-none-eabi/12.3.1/../../../../arm-none-eabi/lib/thumb/v7e-m+fp/hard\libc_nano.a(libc_a-exit.o)
                              C:/ST/STM32CubeIDE_1.17.0/STM32CubeIDE/plugins/com.st.stm32cube.ide.mcu.externaltools.gnu-tools-for-stm32.12.3.rel1.win32_1.1.0.202410251130/tools/bin/../lib/gcc/arm-none-eabi/12.3.1/../../../../arm-none-eabi/lib/thumb/v7e-m+fp/hard/crt0.o (exit)
C:/ST/STM32CubeIDE_1.17.0/STM32CubeIDE/plugins/com.st.stm32cube.ide.mcu.externaltools.gnu-tools-for-stm32.12.3.rel1.win32_1.1.0.202410251130/tools/bin/../lib/gcc/arm-none-eabi/12.3.1/../../../../arm-none-eabi/lib/thumb/v7e-m+fp/hard\libc_nano.a(libc_a-malloc.o)
                              ./Middlewares/ST/STM32_USB_Host_Library/Class/HID/Src/usbh_hid.o (malloc)
C:/ST/STM32CubeIDE_1.17.0/STM32CubeIDE/plugins/com.st.stm32cube.ide.mcu.externaltools.gnu-tools-for-stm32.12.3.rel1.win32_1.1.0.202410251130/tools/bin/../lib/gcc/arm-none-eabi/12.3.1/../../../../arm-none-eabi/lib/thumb/v7e-m+fp/hard\libc_nano.a(libc_a-mallocr.o)
                              C:/ST/STM32CubeIDE_1.17.0/STM32CubeIDE/plugins/com.st.stm32cube.ide.mcu.externaltools.gnu-tools-for-stm32.12.3.rel1.win32_1.1.0.202410251130/tools/bin/../lib/gcc/arm-none-eabi/12.3.1/../../../../arm-none-eabi/lib/thumb/v7e-m+fp/hard\libc_nano.a(libc_a-malloc.o) (_malloc_r)
C:/ST/STM32CubeIDE_1.17.0/STM32CubeIDE/plugins/com.st.stm32cube.ide.mcu.externaltools.gnu-tools-for-stm32.12.3.rel1.win32_1.1.0.202410251130/tools/bin/../lib/gcc/arm-none-eabi/12.3.1/../../../../arm-none-eabi/lib/thumb/v7e-m+fp/hard\libc_nano.a(libc_a-mlock.o)
                              C:/ST/STM32CubeIDE_1.17.0/STM32CubeIDE/plugins/com.st.stm32cube.ide.mcu.externaltools.gnu-tools-for-stm32.12.3.rel1.win32_1.1.0.202410251130/tools/bin/../lib/gcc/arm-none-eabi/12.3.1/../../../../arm-none-eabi/lib/thumb/v7e-m+fp/hard\libc_nano.a(libc_a-mallocr.o) (__malloc_lock)
C:/ST/STM32CubeIDE_1.17.0/STM32CubeIDE/plugins/com.st.stm32cube.ide.mcu.externaltools.gnu-tools-for-stm32.12.3.rel1.win32_1.1.0.202410251130/tools/bin/../lib/gcc/arm-none-eabi/12.3.1/../../../../arm-none-eabi/lib/thumb/v7e-m+fp/hard\libc_nano.a(libc_a-findfp.o)
                              C:/ST/STM32CubeIDE_1.17.0/STM32CubeIDE/plugins/com.st.stm32cube.ide.mcu.externaltools.gnu-tools-for-stm32.12.3.rel1.win32_1.1.0.202410251130/tools/bin/../lib/gcc/arm-none-eabi/12.3.1/../../../../arm-none-eabi/lib/thumb/v7e-m+fp/hard\libc_nano.a(libc_a-exit.o) (__stdio_exit_handler)
C:/ST/STM32CubeIDE_1.17.0/STM32CubeIDE/plugins/com.st.stm32cube.ide.mcu.externaltools.gnu-tools-for-stm32.12.3.rel1.win32_1.1.0.202410251130/tools/bin/../lib/gcc/arm-none-eabi/12.3.1/../../../../arm-none-eabi/lib/thumb/v7e-m+fp/hard\libc_nano.a(libc_a-fwalk.o)
                              C:/ST/STM32CubeIDE_1.17.0/STM32CubeIDE/plugins/com.st.stm32cube.ide.mcu.externaltools.gnu-tools-for-stm32.12.3.rel1.win32_1.1.0.202410251130/tools/bin/../lib/gcc/arm-none-eabi/12.3.1/../../../../arm-none-eabi/lib/thumb/v7e-m+fp/hard\libc_nano.a(libc_a-findfp.o) (_fwalk_sglue)
C:/ST/STM32CubeIDE_1.17.0/STM32CubeIDE/plugins/com.st.stm32cube.ide.mcu.externaltools.gnu-tools-for-stm32.12.3.rel1.win32_1.1.0.202410251130/tools/bin/../lib/gcc/arm-none-eabi/12.3.1/../../../../arm-none-eabi/lib/thumb/v7e-m+fp/hard\libc_nano.a(libc_a-printf.o)
                              ./Core/Src/main.o (printf)
C:/ST/STM32CubeIDE_1.17.0/STM32CubeIDE/plugins/com.st.stm32cube.ide.mcu.externaltools.gnu-tools-for-stm32.12.3.rel1.win32_1.1.0.202410251130/tools/bin/../lib/gcc/arm-none-eabi/12.3.1/../../../../arm-none-eabi/lib/thumb/v7e-m+fp/hard\libc_nano.a(libc_a-putchar.o)
                              ./Middlewares/ST/STM32_USB_Host_Library/Class/HID/Src/usbh_hid.o (putchar)
C:/ST/STM32CubeIDE_1.17.0/STM32CubeIDE/plugins/com.st.stm32cube.ide.mcu.externaltools.gnu-tools-for-stm32.12.3.rel1.win32_1.1.0.202410251130/tools/bin/../lib/gcc/arm-none-eabi/12.3.1/../../../../arm-none-eabi/lib/thumb/v7e-m+fp/hard\libc_nano.a(libc_a-puts.o)
                              ./Core/Src/main.o (puts)
C:/ST/STM32CubeIDE_1.17.0/STM32CubeIDE/plugins/com.st.stm32cube.ide.mcu.externaltools.gnu-tools-for-stm32.12.3.rel1.win32_1.1.0.202410251130/tools/bin/../lib/gcc/arm-none-eabi/12.3.1/../../../../arm-none-eabi/lib/thumb/v7e-m+fp/hard\libc_nano.a(libc_a-sprintf.o)
                              ./Core/Src/main.o (sprintf)
C:/ST/STM32CubeIDE_1.17.0/STM32CubeIDE/plugins/com.st.stm32cube.ide.mcu.externaltools.gnu-tools-for-stm32.12.3.rel1.win32_1.1.0.202410251130/tools/bin/../lib/gcc/arm-none-eabi/12.3.1/../../../../arm-none-eabi/lib/thumb/v7e-m+fp/hard\libc_nano.a(libc_a-stdio.o)
[...]
Memory Configuration

Name             Origin             Length             Attributes
CCMRAM           0x10000000         0x00010000         xrw
RAM              0x20000000         0x00030000         xrw
FLASH            0x08000000         0x00200000         xr
*default*        0x00000000         0xffffffff

Linker script and memory map

LOAD C:/ST/STM32CubeIDE_1.17.0/STM32CubeIDE/plugins/com.st.stm32cube.ide.mcu.externaltools.gnu-tools-for-stm32.12.3.rel1.win32_1.1.0.202410251130/tools/bin/../lib/gcc/arm-none-eabi/12.3.1/thumb/v7e-m+fp/hard/crti.o
LOAD C:/ST/STM32CubeIDE_1.17.0/STM32CubeIDE/plugins/com.st.stm32cube.ide.mcu.externaltools.gnu-tools-for-stm32.12.3.rel1.win32_1.1.0.202410251130/tools/bin/../lib/gcc/arm-none-eabi/12.3.1/thumb/v7e-m+fp/hard/crtbegin.o
LOAD C:/ST/STM32CubeIDE_1.17.0/STM32CubeIDE/plugins/com.st.stm32cube.ide.mcu.externaltools.gnu-tools-for-stm32.12.3.rel1.win32_1.1.0.202410251130/tools/bin/../lib/gcc/arm-none-eabi/12.3.1/../../../../arm-none-eabi/lib/thumb/v7e-m+fp/hard/crt0.o
LOAD ./Core/Src/STLogo.o
LOAD ./Core/Src/XPT2046_touch.o
LOAD ./Core/Src/font12.o
LOAD ./Core/Src/font16.o
LOAD ./Core/Src/font20.o
LOAD ./Core/Src/font24.o
LOAD ./Core/Src/font8.o
LOAD ./Core/Src/ili9341.o
LOAD ./Core/Src/main.o
LOAD ./Core/Src/stm32f4xx_hal_msp.o
LOAD ./Core/Src/stm32f4xx_it.o
LOAD ./Core/Src/syscalls.o
LOAD ./Core/Src/sysmem.o
LOAD ./Core/Src/system_stm32f4xx.o
LOAD ./Core/Startup/startup_stm32f429vitx.o
LOAD ./Drivers/STM32F4xx_HAL_Driver/Src/stm32f4xx_hal.o
LOAD ./Drivers/STM32F4xx_HAL_Driver/Src/stm32f4xx_hal_cortex.o
LOAD ./Drivers/STM32F4xx_HAL_Driver/Src/stm32f4xx_hal_dma.o
LOAD ./Drivers/STM32F4xx_HAL_Driver/Src/stm32f4xx_hal_dma_ex.o
LOAD ./Drivers/STM32F4xx_HAL_Driver/Src/stm32f4xx_hal_exti.o
LOAD ./Drivers/STM32F4xx_HAL_Driver/Src/stm32f4xx_hal_flash.o
LOAD ./Drivers/STM32F4xx_HAL_Driver/Src/stm32f4xx_hal_flash_ex.o
LOAD ./Drivers/STM32F4xx_HAL_Driver/Src/stm32f4xx_hal_flash_ramfunc.o
LOAD ./Drivers/STM32F4xx_HAL_Driver/Src/stm32f4xx_hal_gpio.o
LOAD ./Drivers/STM32F4xx_HAL_Driver/Src/stm32f4xx_hal_hcd.o
LOAD ./Drivers/STM32F4xx_HAL_Driver/Src/stm32f4xx_hal_nand.o
LOAD ./Drivers/STM32F4xx_HAL_Driver/Src/stm32f4xx_hal_nor.o
LOAD ./Drivers/STM32F4xx_HAL_Driver/Src/stm32f4xx_hal_pccard.o
LOAD ./Drivers/STM32F4xx_HAL_Driver/Src/stm32f4xx_hal_pwr.o
LOAD ./Drivers/STM32F4xx_HAL_Driver/Src/stm32f4xx_hal_pwr_ex.o
LOAD ./Drivers/STM32F4xx_HAL_Driver/Src/stm32f4xx_hal_rcc.o
LOAD ./Drivers/STM32F4xx_HAL_Driver/Src/stm32f4xx_hal_rcc_ex.o
LOAD ./Drivers/STM32F4xx_HAL_Driver/Src/stm32f4xx_hal_sdram.o
LOAD ./Drivers/STM32F4xx_HAL_Driver/Src/stm32f4xx_hal_spi.o
LOAD ./Drivers/STM32F4xx_HAL_Driver/Src/stm32f4xx_hal_sram.o
LOAD ./Drivers/STM32F4xx_HAL_Driver/Src/stm32f4xx_hal_tim.o
LOAD ./Drivers/STM32F4xx_HAL_Driver/Src/stm32f4xx_hal_tim_ex.o
LOAD ./Drivers/STM32F4xx_HAL_Driver/Src/stm32f4xx_hal_uart.o
LOAD ./Drivers/STM32F4xx_HAL_Driver/Src/stm32f4xx_ll_fmc.o
LOAD ./Drivers/STM32F4xx_HAL_Driver/Src/stm32f4xx_ll_usb.o
LOAD ./Middlewares/ST/STM32_USB_Host_Library/Class/HID/Src/usbh_hid.o
LOAD ./Middlewares/ST/STM32_USB_Host_Library/Class/HID/Src/usbh_hid_keybd.o
LOAD ./Middlewares/ST/STM32_USB_Host_Library/Class/HID/Src/usbh_hid_mouse.o
LOAD ./Middlewares/ST/STM32_USB_Host_Library/Class/HID/Src/usbh_hid_parser.o
LOAD ./Middlewares/ST/STM32_USB_Host_Library/Core/Src/usbh_core.o
LOAD ./Middlewares/ST/STM32_USB_Host_Library/Core/Src/usbh_ctlreq.o
LOAD ./Middlewares/ST/STM32_USB_Host_Library/Core/Src/usbh_ioreq.o
LOAD ./Middlewares/ST/STM32_USB_Host_Library/Core/Src/usbh_pipes.o
LOAD ./USB_HOST/App/usb_host.o
LOAD ./USB_HOST/Target/usbh_conf.o
LOAD ./USB_HOST/Target/usbh_platform.o
START GROUP
LOAD C:/ST/STM32CubeIDE_1.17.0/STM32CubeIDE/plugins/com.st.stm32cube.ide.mcu.externaltools.gnu-tools-for-stm32.12.3.rel1.win32_1.1.0.202410251130/tools/bin/../lib/gcc/arm-none-eabi/12.3.1/../../../../arm-none-eabi/lib/thumb/v7e-m+fp/hard\libc_nano.a
LOAD C:/ST/STM32CubeIDE_1.17.0/STM32CubeIDE/plugins/com.st.stm32cube.ide.mcu.externaltools.gnu-tools-for-stm32.12.3.rel1.win32_1.1.0.202410251130/tools/bin/../lib/gcc/arm-none-eabi/12.3.1/../../../../arm-none-eabi/lib/thumb/v7e-m+fp/hard\libm.a
END GROUP
START GROUP
LOAD C:/ST/STM32CubeIDE_1.17.0/STM32CubeIDE/plugins/com.st.stm32cube.ide.mcu.externaltools.gnu-tools-for-stm32.12.3.rel1.win32_1.1.0.202410251130/tools/bin/../lib/gcc/arm-none-eabi/12.3.1/thumb/v7e-m+fp/hard\libgcc.a
LOAD C:/ST/STM32CubeIDE_1.17.0/STM32CubeIDE/plugins/com.st.stm32cube.ide.mcu.externaltools.gnu-tools-for-stm32.12.3.rel1.win32_1.1.0.202410251130/tools/bin/../lib/gcc/arm-none-eabi/12.3.1/../../../../arm-none-eabi/lib/thumb/v7e-m+fp/hard\libc_nano.a
END GROUP
START GROUP
LOAD C:/ST/STM32CubeIDE_1.17.0/STM32CubeIDE/plugins/com.st.stm32cube.ide.mcu.externaltools.gnu-tools-for-stm32.12.3.rel1.win32_1.1.0.202410251130/tools/bin/../lib/gcc/arm-none-eabi/12.3.1/thumb/v7e-m+fp/hard\libgcc.a
LOAD C:/ST/STM32CubeIDE_1.17.0/STM32CubeIDE/plugins/com.st.stm32cube.ide.mcu.externaltools.gnu-tools-for-stm32.12.3.rel1.win32_1.1.0.202410251130/tools/bin/../lib/gcc/arm-none-eabi/12.3.1/../../../../arm-none-eabi/lib/thumb/v7e-m+fp/hard\libc_nano.a
LOAD C:/ST/STM32CubeIDE_1.17.0/STM32CubeIDE/plugins/com.st.stm32cube.ide.mcu.externaltools.gnu-tools-for-stm32.12.3.rel1.win32_1.1.0.202410251130/tools/bin/../lib/gcc/arm-none-eabi/12.3.1/../../../../arm-none-eabi/lib/thumb/v7e-m+fp/hard\libnosys.a
END GROUP
START GROUP
LOAD C:/ST/STM32CubeIDE_1.17.0/STM32CubeIDE/plugins/com.st.stm32cube.ide.mcu.externaltools.gnu-tools-for-stm32.12.3.rel1.win32_1.1.0.202410251130/tools/bin/../lib/gcc/arm-none-eabi/12.3.1/thumb/v7e-m+fp/hard\libgcc.a
LOAD C:/ST/STM32CubeIDE_1.17.0/STM32CubeIDE/plugins/com.st.stm32cube.ide.mcu.externaltools.gnu-tools-for-stm32.12.3.rel1.win32_1.1.0.202410251130/tools/bin/../lib/gcc/arm-none-eabi/12.3.1/../../../../arm-none-eabi/lib/thumb/v7e-m+fp/hard\libc_nano.a
LOAD C:/ST/STM32CubeIDE_1.17.0/STM32CubeIDE/plugins/com.st.stm32cube.ide.mcu.externaltools.gnu-tools-for-stm32.12.3.rel1.win32_1.1.0.202410251130/tools/bin/../lib/gcc/arm-none-eabi/12.3.1/../../../../arm-none-eabi/lib/thumb/v7e-m+fp/hard\libnosys.a
END GROUP
LOAD C:/ST/STM32CubeIDE_1.17.0/STM32CubeIDE/plugins/com.st.stm32cube.ide.mcu.externaltools.gnu-tools-for-stm32.12.3.rel1.win32_1.1.0.202410251130/tools/bin/../lib/gcc/arm-none-eabi/12.3.1/thumb/v7e-m+fp/hard/crtend.o
LOAD C:/ST/STM32CubeIDE_1.17.0/STM32CubeIDE/plugins/com.st.stm32cube.ide.mcu.externaltools.gnu-tools-for-stm32.12.3.rel1.win32_1.1.0.202410251130/tools/bin/../lib/gcc/arm-none-eabi/12.3.1/thumb/v7e-m+fp/hard/crtn.o
                0x20030000                        _estack = (ORIGIN (RAM) + LENGTH (RAM))
                0x00000200                        _Min_Heap_Size = 0x200
                0x00000400                        _Min_Stack_Size = 0x400

.isr_vector     0x08000000      0x1ac
                0x08000000                        . = ALIGN (0x4)
 *(.isr_vector)
 .isr_vector    0x08000000      0x1ac ./Core/Startup/startup_stm32f429vitx.o
                0x08000000                g_pfnVectors
                0x080001ac                        . = ALIGN (0x4)

.text           0x080001b0     0xdf44
                0x080001b0                        . = ALIGN (0x4)
 *(.text)
 .text          0x080001b0       0x40 C:/ST/STM32CubeIDE_1.17.0/STM32CubeIDE/plugins/com.st.stm32cube.ide.mcu.externaltools.gnu-tools-for-stm32.12.3.rel1.win32_1.1.0.202410251130/tools/bin/../lib/gcc/arm-none-eabi/12.3.1/thumb/v7e-m+fp/hard/crtbegin.o
 .text          0x080001f0       0x10 C:/ST/STM32CubeIDE_1.17.0/STM32CubeIDE/plugins/com.st.stm32cube.ide.mcu.externaltools.gnu-tools-for-stm32.12.3.rel1.win32_1.1.0.202410251130/tools/bin/../lib/gcc/arm-none-eabi/12.3.1/../../../../arm-none-eabi/lib/thumb/v7e-m+fp/hard\libc_nano.a(libc_a-strlen.o)
                0x080001f0                strlen
 .text          0x08000200       0xa0 C:/ST/STM32CubeIDE_1.17.0/STM32CubeIDE/plugins/com.st.stm32cube.ide.mcu.externaltools.gnu-tools-for-stm32.12.3.rel1.win32_1.1.0.202410251130/tools/bin/../lib/gcc/arm-none-eabi/12.3.1/../../../../arm-none-eabi/lib/thumb/v7e-m+fp/hard\libc_nano.a(libc_a-memchr.o)
                0x08000200                memchr
 .text          0x080002a0       0x30 C:/ST/STM32CubeIDE_1.17.0/STM32CubeIDE/plugins/com.st.stm32cube.ide.mcu.externaltools.gnu-tools-for-stm32.12.3.rel1.win32_1.1.0.202410251130/tools/bin/../lib/gcc/arm-none-eabi/12.3.1/thumb/v7e-m+fp/hard\libgcc.a(_aeabi_uldivmod.o)
                0x080002a0                __aeabi_uldivmod
 .text          0x080002d0      0x2bc C:/ST/STM32CubeIDE_1.17.0/STM32CubeIDE/plugins/com.st.stm32cube.ide.mcu.externaltools.gnu-tools-for-stm32.12.3.rel1.win32_1.1.0.202410251130/tools/bin/../lib/gcc/arm-none-eabi/12.3.1/thumb/v7e-m+fp/hard\libgcc.a(_udivmoddi4.o)
                0x080002d0                __udivmoddi4
 .text          0x0800058c        0x4 C:/ST/STM32CubeIDE_1.17.0/STM32CubeIDE/plugins/com.st.stm32cube.ide.mcu.externaltools.gnu-tools-for-stm32.12.3.rel1.win32_1.1.0.202410251130/tools/bin/../lib/gcc/arm-none-eabi/12.3.1/thumb/v7e-m+fp/hard\libgcc.a(_dvmd_tls.o)
                0x0800058c                __aeabi_idiv0
                0x0800058c                __aeabi_ldiv0
 *(.text*)
 .text.XPT2046_TouchSelect
                0x08000590       0x18 ./Core/Src/XPT2046_touch.o
 .text.XPT2046_TouchUnselect
                0x080005a8       0x18 ./Core/Src/XPT2046_touch.o
 .text.XPT2046_TouchPressed
                0x080005c0       0x20 ./Core/Src/XPT2046_touch.o
                0x080005c0                XPT2046_TouchPressed
 .text.XPT2046_TouchGetCoordinates
                0x080005e0      0x168 ./Core/Src/XPT2046_touch.o
                0x080005e0                XPT2046_TouchGetCoordinates
 .text.lcdInit  0x08000748      0x2e8 ./Core/Src/ili9341.o
                0x08000748                lcdInit
 .text.lcdFillRGB
                0x08000a30       0x54 ./Core/Src/ili9341.o
                0x08000a30                lcdFillRGB
 .text.lcdDrawPixel
                0x08000a84       0x48 ./Core/Src/ili9341.o
                0x08000a84                lcdDrawPixel
 .text.lcdDrawHLine
                0x08000acc       0x8c ./Core/Src/ili9341.o
                0x08000acc                lcdDrawHLine
 .text.lcdDrawVLine
                0x08000b58       0xa0 ./Core/Src/ili9341.o
                0x08000b58                lcdDrawVLine
 .text.lcdDrawRect
                0x08000bf8       0x92 ./Core/Src/ili9341.o
                0x08000bf8                lcdDrawRect
 *fill*         0x08000c8a        0x2 
 .text.lcdDrawChar
                0x08000c8c      0x154 ./Core/Src/ili9341.o
                0x08000c8c                lcdDrawChar
 .text.lcdPrintf
                0x08000de0      0x118 ./Core/Src/ili9341.o
                0x08000de0                lcdPrintf
 .text.lcdSetTextFont
                0x08000ef8       0x20 ./Core/Src/ili9341.o
                0x08000ef8                lcdSetTextFont
 .text.lcdSetTextColor
                0x08000f18       0x2c ./Core/Src/ili9341.o
                0x08000f18                lcdSetTextColor
 .text.lcdSetOrientation
                0x08000f44       0xd4 ./Core/Src/ili9341.o
                0x08000f44                lcdSetOrientation
 .text.lcdSetCursor
                0x08001018       0x34 ./Core/Src/ili9341.o
                0x08001018                lcdSetCursor
 .text.lcdSetWindow
                0x0800104c       0x98 ./Core/Src/ili9341.o
                0x0800104c                lcdSetWindow
 .text.lcdReset
                0x080010e4       0x14 ./Core/Src/ili9341.o
 .text.lcdWriteCommand
                0x080010f8       0x20 ./Core/Src/ili9341.o
 .text.lcdWriteData
                0x08001118       0x20 ./Core/Src/ili9341.o
 .text.lcdBuildMemoryAccessControlConfig
                0x08001138       0x82 ./Core/Src/ili9341.o
 .text.ITM_SendChar
                0x080011ba       0x4e ./Core/Src/main.o
 .text._write   0x08001208       0x38 ./Core/Src/main.o
                0x08001208                _write
 .text.USBH_HID_EventCallback
                0x08001240      0x144 ./Core/Src/main.o
                0x08001240                USBH_HID_EventCallback
 .text.main     0x08001384       0x90 ./Core/Src/main.o
                0x08001384                main
 .text.SystemClock_Config
                0x08001414       0xd4 ./Core/Src/main.o
                0x08001414                SystemClock_Config
 .text.MX_SPI4_Init
                0x080014e8       0x6c ./Core/Src/main.o
 .text.MX_TIM3_Init
                0x08001554       0xb0 ./Core/Src/main.o
 .text.MX_USART2_UART_Init
                0x08001604       0x54 ./Core/Src/main.o
 .text.MX_FMC_Init
                0x08001658       0xc4 ./Core/Src/main.o
 .text.MX_GPIO_Init
                0x0800171c      0x1a0 ./Core/Src/main.o
 .text.DrawMainPage
                0x080018bc      0x3c4 ./Core/Src/main.o
                0x080018bc                DrawMainPage
 .text.DrawInfoPage
                0x08001c80      0x154 ./Core/Src/main.o
                0x08001c80                DrawInfoPage
 .text.DrawConfirmationPage
                0x08001dd4       0xf0 ./Core/Src/main.o
                0x08001dd4                DrawConfirmationPage
 .text.DrawQueuePage
                0x08001ec4      0x1cc ./Core/Src/main.o
                0x08001ec4                DrawQueuePage
 .text.DrawPageFinish
                0x08002090       0x84 ./Core/Src/main.o
                0x08002090                DrawPageFinish
 .text.handleTouch
                0x08002114      0x640 ./Core/Src/main.o
                0x08002114                handleTouch
 .text.erase_sector
                0x08002754       0x28 ./Core/Src/main.o
                0x08002754                erase_sector
 .text.write_to_flash
                0x0800277c       0x52 ./Core/Src/main.o
                0x0800277c                write_to_flash
 .text.read_from_flash
                0x080027ce       0x6a ./Core/Src/main.o
                0x080027ce                read_from_flash
 .text.storeProtocol
                0x08002838      0x33e ./Core/Src/main.o
                0x08002838                storeProtocol
 .text.get_num_protocols_in_sector
                0x08002b76       0x4e ./Core/Src/main.o
                0x08002b76                get_num_protocols_in_sector
 .text.getFreeSector
                0x08002bc4       0x64 ./Core/Src/main.o
                0x08002bc4                getFreeSector
 .text.transmitProtocol
                0x08002c28       0x98 ./Core/Src/main.o
                0x08002c28                transmitProtocol
 .text.queueProtocol
                0x08002cc0       0xb4 ./Core/Src/main.o
                0x08002cc0                queueProtocol
 .text.transmitQueuedProtocols
                0x08002d74       0x58 ./Core/Src/main.o
                0x08002d74                transmitQueuedProtocols
 .text.deleteProtocol
                0x08002dcc      0x290 ./Core/Src/main.o
                0x08002dcc                deleteProtocol
 .text.get_sector_address
                0x0800305c       0xd0 ./Core/Src/main.o
                0x0800305c                get_sector_address
 .text.sector_mapping
                0x0800312c       0x94 ./Core/Src/main.o
                0x0800312c                sector_mapping
 .text.HAL_GPIO_EXTI_Callback
                0x080031c0       0x80 ./Core/Src/main.o
                0x080031c0                HAL_GPIO_EXTI_Callback
 .text.Error_Handler
                0x08003240        0xc ./Core/Src/main.o
                0x08003240                Error_Handler
 .text.HAL_MspInit
                0x0800324c       0x50 ./Core/Src/stm32f4xx_hal_msp.o
                0x0800324c                HAL_MspInit
 .text.HAL_SPI_MspInit
                0x0800329c       0x90 ./Core/Src/stm32f4xx_hal_msp.o
                0x0800329c                HAL_SPI_MspInit
 .text.HAL_TIM_PWM_MspInit
                0x0800332c       0x44 ./Core/Src/stm32f4xx_hal_msp.o
                0x0800332c                HAL_TIM_PWM_MspInit
 .text.HAL_TIM_MspPostInit
                0x08003370       0x74 ./Core/Src/stm32f4xx_hal_msp.o
                0x08003370                HAL_TIM_MspPostInit
 .text.HAL_UART_MspInit
                0x080033e4       0x90 ./Core/Src/stm32f4xx_hal_msp.o
                0x080033e4                HAL_UART_MspInit
 .text.HAL_FMC_MspInit
                0x08003474       0x98 ./Core/Src/stm32f4xx_hal_msp.o
 .text.HAL_SRAM_MspInit
                0x0800350c       0x14 ./Core/Src/stm32f4xx_hal_msp.o
                0x0800350c                HAL_SRAM_MspInit
 .text.NMI_Handler
                0x08003520        0x8 ./Core/Src/stm32f4xx_it.o
                0x08003520                NMI_Handler
 .text.HardFault_Handler
                0x08003528        0x8 ./Core/Src/stm32f4xx_it.o
                0x08003528                HardFault_Handler
 .text.MemManage_Handler
                0x08003530        0x8 ./Core/Src/stm32f4xx_it.o
                0x08003530                MemManage_Handler
 .text.BusFault_Handler
                0x08003538        0x8 ./Core/Src/stm32f4xx_it.o
                0x08003538                BusFault_Handler
 .text.UsageFault_Handler
                0x08003540        0x8 ./Core/Src/stm32f4xx_it.o
                0x08003540                UsageFault_Handler
 .text.SVC_Handler
                0x08003548        0xe ./Core/Src/stm32f4xx_it.o
                0x08003548                SVC_Handler
 .text.DebugMon_Handler
                0x08003556        0xe ./Core/Src/stm32f4xx_it.o
                0x08003556                DebugMon_Handler
 .text.PendSV_Handler
                0x08003564        0xe ./Core/Src/stm32f4xx_it.o
                0x08003564                PendSV_Handler
 .text.SysTick_Handler
                0x08003572        0xc ./Core/Src/stm32f4xx_it.o
                0x08003572                SysTick_Handler
 .text.EXTI9_5_IRQHandler
                0x0800357e        0xe ./Core/Src/stm32f4xx_it.o
                0x0800357e                EXTI9_5_IRQHandler
 .text.OTG_FS_IRQHandler
                0x0800358c       0x14 ./Core/Src/stm32f4xx_it.o
                0x0800358c                OTG_FS_IRQHandler
 .text._read    0x080035a0       0x3a ./Core/Src/syscalls.o
                0x080035a0                _read
 .text._close   0x080035da       0x18 ./Core/Src/syscalls.o
                0x080035da                _close
 .text._fstat   0x080035f2       0x20 ./Core/Src/syscalls.o
                0x080035f2                _fstat
 .text._isatty  0x08003612       0x16 ./Core/Src/syscalls.o
                0x08003612                _isatty
 .text._lseek   0x08003628       0x1a ./Core/Src/syscalls.o
                0x08003628                _lseek
 *fill*         0x08003642        0x2 
 .text._sbrk    0x08003644       0x6c ./Core/Src/sysmem.o
                0x08003644                _sbrk
 .text.SystemInit
                0x080036b0       0x24 ./Core/Src/system_stm32f4xx.o
                0x080036b0                SystemInit
 .text.Reset_Handler
                0x080036d4       0x50 ./Core/Startup/startup_stm32f429vitx.o
                0x080036d4                Reset_Handler
 .text.Default_Handler
                0x08003724        0x2 ./Core/Startup/startup_stm32f429vitx.o
                0x08003724                RTC_Alarm_IRQHandler
                0x08003724                HASH_RNG_IRQHandler
                0x08003724                EXTI2_IRQHandler
                0x08003724                TIM8_CC_IRQHandler
                0x08003724                UART8_IRQHandler
                0x08003724                SPI4_IRQHandler
                0x08003724                TIM1_CC_IRQHandler
                0x08003724                DMA2_Stream5_IRQHandler
                0x08003724                DMA1_Stream5_IRQHandler
                0x08003724                PVD_IRQHandler
                0x08003724                SDIO_IRQHandler
                0x08003724                TAMP_STAMP_IRQHandler
                0x08003724                CAN2_RX1_IRQHandler
                0x08003724                EXTI3_IRQHandler
                0x08003724                TIM8_TRG_COM_TIM14_IRQHandler
                0x08003724                TIM1_UP_TIM10_IRQHandler
                0x08003724                TIM8_UP_TIM13_IRQHandler
                0x08003724                I2C3_ER_IRQHandler
                0x08003724                EXTI0_IRQHandler
                0x08003724                I2C2_EV_IRQHandler
                0x08003724                DMA1_Stream2_IRQHandler
                0x08003724                CAN1_RX0_IRQHandler
                0x08003724                FPU_IRQHandler
                0x08003724                OTG_HS_WKUP_IRQHandler
                0x08003724                LTDC_ER_IRQHandler
                0x08003724                CAN2_SCE_IRQHandler
                0x08003724                DMA2_Stream2_IRQHandler
                0x08003724                SPI1_IRQHandler
                0x08003724                TIM6_DAC_IRQHandler
                0x08003724                TIM1_BRK_TIM9_IRQHandler
                0x08003724                DCMI_IRQHandler
                0x08003724                CAN2_RX0_IRQHandler
                0x08003724                DMA2_Stream3_IRQHandler
                0x08003724                USART6_IRQHandler
                0x08003724                USART3_IRQHandler
                0x08003724                CAN1_RX1_IRQHandler
                0x08003724                UART5_IRQHandler
                0x08003724                DMA2_Stream0_IRQHandler
                0x08003724                TIM4_IRQHandler
                0x08003724                I2C1_EV_IRQHandler
                0x08003724                DMA1_Stream6_IRQHandler
                0x08003724                DMA1_Stream1_IRQHandler
                0x08003724                UART4_IRQHandler
                0x08003724                TIM3_IRQHandler
                0x08003724                RCC_IRQHandler
                0x08003724                TIM8_BRK_TIM12_IRQHandler
                0x08003724                Default_Handler
                0x08003724                EXTI15_10_IRQHandler
                0x08003724                ADC_IRQHandler
                0x08003724                DMA1_Stream7_IRQHandler
                0x08003724                SPI5_IRQHandler
                0x08003724                TIM7_IRQHandler
                0x08003724                CAN2_TX_IRQHandler
                0x08003724                TIM5_IRQHandler
                0x08003724                DMA2_Stream7_IRQHandler
                0x08003724                I2C3_EV_IRQHandler
                0x08003724                RTC_WKUP_IRQHandler
                0x08003724                LTDC_IRQHandler
                0x08003724                ETH_WKUP_IRQHandler
                0x08003724                SPI2_IRQHandler
                0x08003724                OTG_HS_EP1_IN_IRQHandler
                0x08003724                DMA1_Stream0_IRQHandler
                0x08003724                CAN1_TX_IRQHandler
                0x08003724                EXTI4_IRQHandler
                0x08003724                ETH_IRQHandler
                0x08003724                OTG_HS_EP1_OUT_IRQHandler
                0x08003724                WWDG_IRQHandler
                0x08003724                SPI6_IRQHandler
                0x08003724                TIM2_IRQHandler
                0x08003724                OTG_FS_WKUP_IRQHandler
                0x08003724                TIM1_TRG_COM_TIM11_IRQHandler
                0x08003724                OTG_HS_IRQHandler
                0x08003724                DMA2D_IRQHandler
                0x08003724                EXTI1_IRQHandler
                0x08003724                UART7_IRQHandler
                0x08003724                USART2_IRQHandler
                0x08003724                I2C2_ER_IRQHandler
                0x08003724                DMA2_Stream1_IRQHandler
                0x08003724                CAN1_SCE_IRQHandler
                0x08003724                FLASH_IRQHandler
                0x08003724                DMA2_Stream4_IRQHandler
                0x08003724                USART1_IRQHandler
                0x08003724                SPI3_IRQHandler
                0x08003724                DMA1_Stream4_IRQHandler
                0x08003724                I2C1_ER_IRQHandler
                0x08003724                FMC_IRQHandler
                0x08003724                DMA2_Stream6_IRQHandler
                0x08003724                SAI1_IRQHandler
                0x08003724                DMA1_Stream3_IRQHandler
 *fill*         0x08003726        0x2 
 .text.HAL_Init
                0x08003728       0x44 ./Drivers/STM32F4xx_HAL_Driver/Src/stm32f4xx_hal.o
                0x08003728                HAL_Init
 .text.HAL_InitTick
                0x0800376c       0x60 ./Drivers/STM32F4xx_HAL_Driver/Src/stm32f4xx_hal.o
                0x0800376c                HAL_InitTick
 .text.HAL_IncTick
                0x080037cc       0x28 ./Drivers/STM32F4xx_HAL_Driver/Src/stm32f4xx_hal.o
                0x080037cc                HAL_IncTick
 .text.HAL_GetTick
                0x080037f4       0x18 ./Drivers/STM32F4xx_HAL_Driver/Src/stm32f4xx_hal.o
                0x080037f4                HAL_GetTick
 .text.HAL_Delay
                0x0800380c       0x48 ./Drivers/STM32F4xx_HAL_Driver/Src/stm32f4xx_hal.o
                0x0800380c                HAL_Delay
 .text.__NVIC_SetPriorityGrouping
                0x08003854       0x48 ./Drivers/STM32F4xx_HAL_Driver/Src/stm32f4xx_hal_cortex.o
 .text.__NVIC_GetPriorityGrouping
                0x0800389c       0x1c ./Drivers/STM32F4xx_HAL_Driver/Src/stm32f4xx_hal_cortex.o
 .text.__NVIC_EnableIRQ
                0x080038b8       0x3c ./Drivers/STM32F4xx_HAL_Driver/Src/stm32f4xx_hal_cortex.o
 .text.__NVIC_SetPriority
                0x080038f4       0x54 ./Drivers/STM32F4xx_HAL_Driver/Src/stm32f4xx_hal_cortex.o
 .text.NVIC_EncodePriority
                0x08003948       0x66 ./Drivers/STM32F4xx_HAL_Driver/Src/stm32f4xx_hal_cortex.o
 *fill*         0x080039ae        0x2 
 .text.SysTick_Config
                0x080039b0       0x44 ./Drivers/STM32F4xx_HAL_Driver/Src/stm32f4xx_hal_cortex.o
 .text.HAL_NVIC_SetPriorityGrouping
                0x080039f4       0x16 ./Drivers/STM32F4xx_HAL_Driver/Src/stm32f4xx_hal_cortex.o
                0x080039f4                HAL_NVIC_SetPriorityGrouping
 .text.HAL_NVIC_SetPriority
                0x08003a0a       0x38 ./Drivers/STM32F4xx_HAL_Driver/Src/stm32f4xx_hal_cortex.o
                0x08003a0a                HAL_NVIC_SetPriority
 .text.HAL_NVIC_EnableIRQ
                0x08003a42       0x1c ./Drivers/STM32F4xx_HAL_Driver/Src/stm32f4xx_hal_cortex.o
                0x08003a42                HAL_NVIC_EnableIRQ
 .text.HAL_SYSTICK_Config
                0x08003a5e       0x18 ./Drivers/STM32F4xx_HAL_Driver/Src/stm32f4xx_hal_cortex.o
                0x08003a5e                HAL_SYSTICK_Config
 *fill*         0x08003a76        0x2 
 .text.HAL_FLASH_Program
                0x08003a78       0xa8 ./Drivers/STM32F4xx_HAL_Driver/Src/stm32f4xx_hal_flash.o
                0x08003a78                HAL_FLASH_Program
 .text.HAL_FLASH_Unlock
                0x08003b20       0x44 ./Drivers/STM32F4xx_HAL_Driver/Src/stm32f4xx_hal_flash.o
                0x08003b20                HAL_FLASH_Unlock
 .text.HAL_FLASH_Lock
                0x08003b64       0x20 ./Drivers/STM32F4xx_HAL_Driver/Src/stm32f4xx_hal_flash.o
                0x08003b64                HAL_FLASH_Lock
 .text.FLASH_WaitForLastOperation
                0x08003b84       0x80 ./Drivers/STM32F4xx_HAL_Driver/Src/stm32f4xx_hal_flash.o
                0x08003b84                FLASH_WaitForLastOperation
 .text.FLASH_Program_DoubleWord
                0x08003c04       0x64 ./Drivers/STM32F4xx_HAL_Driver/Src/stm32f4xx_hal_flash.o
 .text.FLASH_Program_Word
                0x08003c68       0x44 ./Drivers/STM32F4xx_HAL_Driver/Src/stm32f4xx_hal_flash.o
 .text.FLASH_Program_HalfWord
                0x08003cac       0x48 ./Drivers/STM32F4xx_HAL_Driver/Src/stm32f4xx_hal_flash.o
 .text.FLASH_Program_Byte
                0x08003cf4       0x44 ./Drivers/STM32F4xx_HAL_Driver/Src/stm32f4xx_hal_flash.o
 .text.FLASH_SetErrorCode
                0x08003d38       0xcc ./Drivers/STM32F4xx_HAL_Driver/Src/stm32f4xx_hal_flash.o
 .text.FLASH_Erase_Sector
                0x08003e04       0x9c ./Drivers/STM32F4xx_HAL_Driver/Src/stm32f4xx_hal_flash_ex.o
                0x08003e04                FLASH_Erase_Sector
 .text.HAL_GPIO_Init
                0x08003ea0      0x358 ./Drivers/STM32F4xx_HAL_Driver/Src/stm32f4xx_hal_gpio.o
                0x08003ea0                HAL_GPIO_Init
 .text.HAL_GPIO_ReadPin
                0x080041f8       0x30 ./Drivers/STM32F4xx_HAL_Driver/Src/stm32f4xx_hal_gpio.o
                0x080041f8                HAL_GPIO_ReadPin
 .text.HAL_GPIO_WritePin
                0x08004228       0x32 ./Drivers/STM32F4xx_HAL_Driver/Src/stm32f4xx_hal_gpio.o
                0x08004228                HAL_GPIO_WritePin
 *fill*         0x0800425a        0x2 
 .text.HAL_GPIO_EXTI_IRQHandler
                0x0800425c       0x30 ./Drivers/STM32F4xx_HAL_Driver/Src/stm32f4xx_hal_gpio.o
                0x0800425c                HAL_GPIO_EXTI_IRQHandler
 .text.HAL_HCD_Init
                0x0800428c       0xce ./Drivers/STM32F4xx_HAL_Driver/Src/stm32f4xx_hal_hcd.o
                0x0800428c                HAL_HCD_Init
 .text.HAL_HCD_HC_Init
                0x0800435a      0x170 ./Drivers/STM32F4xx_HAL_Driver/Src/stm32f4xx_hal_hcd.o
                0x0800435a                HAL_HCD_HC_Init
 .text.HAL_HCD_HC_Halt
                0x080044ca       0x46 ./Drivers/STM32F4xx_HAL_Driver/Src/stm32f4xx_hal_hcd.o
                0x080044ca                HAL_HCD_HC_Halt
 .text.HAL_HCD_HC_SubmitRequest
                0x08004510      0x33c ./Drivers/STM32F4xx_HAL_Driver/Src/stm32f4xx_hal_hcd.o
                0x08004510                HAL_HCD_HC_SubmitRequest
 .text.HAL_HCD_IRQHandler
                0x0800484c      0x220 ./Drivers/STM32F4xx_HAL_Driver/Src/stm32f4xx_hal_hcd.o
                0x0800484c                HAL_HCD_IRQHandler
 .text.HAL_HCD_Start
                0x08004a6c       0x46 ./Drivers/STM32F4xx_HAL_Driver/Src/stm32f4xx_hal_hcd.o
                0x08004a6c                HAL_HCD_Start
 .text.HAL_HCD_Stop
                0x08004ab2       0x3a ./Drivers/STM32F4xx_HAL_Driver/Src/stm32f4xx_hal_hcd.o
                0x08004ab2                HAL_HCD_Stop
 .text.HAL_HCD_ResetPort
                0x08004aec       0x1c ./Drivers/STM32F4xx_HAL_Driver/Src/stm32f4xx_hal_hcd.o
                0x08004aec                HAL_HCD_ResetPort
 .text.HAL_HCD_HC_GetURBState
                0x08004b08       0x2a ./Drivers/STM32F4xx_HAL_Driver/Src/stm32f4xx_hal_hcd.o
                0x08004b08                HAL_HCD_HC_GetURBState
 .text.HAL_HCD_HC_GetXferCount
                0x08004b32       0x2a ./Drivers/STM32F4xx_HAL_Driver/Src/stm32f4xx_hal_hcd.o
                0x08004b32                HAL_HCD_HC_GetXferCount
 .text.HAL_HCD_GetCurrentFrame
                0x08004b5c       0x1c ./Drivers/STM32F4xx_HAL_Driver/Src/stm32f4xx_hal_hcd.o
                0x08004b5c                HAL_HCD_GetCurrentFrame
 .text.HAL_HCD_GetCurrentSpeed
                0x08004b78       0x1c ./Drivers/STM32F4xx_HAL_Driver/Src/stm32f4xx_hal_hcd.o
                0x08004b78                HAL_HCD_GetCurrentSpeed
 .text.HAL_HCD_HC_ClearHubInfo
                0x08004b94       0x6a ./Drivers/STM32F4xx_HAL_Driver/Src/stm32f4xx_hal_hcd.o
                0x08004b94                HAL_HCD_HC_ClearHubInfo
 .text.HCD_HC_IN_IRQHandler
                0x08004bfe      0xcd2 ./Drivers/STM32F4xx_HAL_Driver/Src/stm32f4xx_hal_hcd.o
 .text.HCD_HC_OUT_IRQHandler
                0x080058d0      0x97e ./Drivers/STM32F4xx_HAL_Driver/Src/stm32f4xx_hal_hcd.o
 .text.HCD_RXQLVL_IRQHandler
                0x0800624e      0x1be ./Drivers/STM32F4xx_HAL_Driver/Src/stm32f4xx_hal_hcd.o
 .text.HCD_Port_IRQHandler
                0x0800640c       0xe6 ./Drivers/STM32F4xx_HAL_Driver/Src/stm32f4xx_hal_hcd.o
 *fill*         0x080064f2        0x2 
 .text.HAL_RCC_OscConfig
                0x080064f4      0x4f0 ./Drivers/STM32F4xx_HAL_Driver/Src/stm32f4xx_hal_rcc.o
                0x080064f4                HAL_RCC_OscConfig
 .text.HAL_RCC_ClockConfig
                0x080069e4      0x1cc ./Drivers/STM32F4xx_HAL_Driver/Src/stm32f4xx_hal_rcc.o
                0x080069e4                HAL_RCC_ClockConfig
 .text.HAL_RCC_GetSysClockFreq
                0x08006bb0      0x208 ./Drivers/STM32F4xx_HAL_Driver/Src/stm32f4xx_hal_rcc.o
                0x08006bb0                HAL_RCC_GetSysClockFreq
 .text.HAL_RCC_GetHCLKFreq
                0x08006db8       0x18 ./Drivers/STM32F4xx_HAL_Driver/Src/stm32f4xx_hal_rcc.o
                0x08006db8                HAL_RCC_GetHCLKFreq
 .text.HAL_RCC_GetPCLK1Freq
                0x08006dd0       0x28 ./Drivers/STM32F4xx_HAL_Driver/Src/stm32f4xx_hal_rcc.o
                0x08006dd0                HAL_RCC_GetPCLK1Freq
 .text.HAL_RCC_GetPCLK2Freq
                0x08006df8       0x28 ./Drivers/STM32F4xx_HAL_Driver/Src/stm32f4xx_hal_rcc.o
                0x08006df8                HAL_RCC_GetPCLK2Freq
 .text.HAL_SPI_Init
                0x08006e20      0x112 ./Drivers/STM32F4xx_HAL_Driver/Src/stm32f4xx_hal_spi.o
                0x08006e20                HAL_SPI_Init
 .text.HAL_SPI_Transmit
                0x08006f32      0x288 ./Drivers/STM32F4xx_HAL_Driver/Src/stm32f4xx_hal_spi.o
                0x08006f32                HAL_SPI_Transmit
 .text.HAL_SPI_TransmitReceive
                0x080071ba      0x352 ./Drivers/STM32F4xx_HAL_Driver/Src/stm32f4xx_hal_spi.o
                0x080071ba                HAL_SPI_TransmitReceive
 .text.SPI_WaitFlagStateUntilTimeout
                0x0800750c      0x110 ./Drivers/STM32F4xx_HAL_Driver/Src/stm32f4xx_hal_spi.o
 .text.SPI_EndRxTxTransaction
                0x0800761c       0xa8 ./Drivers/STM32F4xx_HAL_Driver/Src/stm32f4xx_hal_spi.o
 .text.HAL_SRAM_Init
                0x080076c4       0x90 ./Drivers/STM32F4xx_HAL_Driver/Src/stm32f4xx_hal_sram.o
                0x080076c4                HAL_SRAM_Init
 .text.HAL_TIM_PWM_Init
                0x08007754       0x9e ./Drivers/STM32F4xx_HAL_Driver/Src/stm32f4xx_hal_tim.o
                0x08007754                HAL_TIM_PWM_Init
 *fill*         0x080077f2        0x2 
 .text.HAL_TIM_PWM_Start
                0x080077f4      0x190 ./Drivers/STM32F4xx_HAL_Driver/Src/stm32f4xx_hal_tim.o
                0x080077f4                HAL_TIM_PWM_Start
 .text.HAL_TIM_PWM_ConfigChannel
                0x08007984      0x184 ./Drivers/STM32F4xx_HAL_Driver/Src/stm32f4xx_hal_tim.o
                0x08007984                HAL_TIM_PWM_ConfigChannel
 .text.TIM_Base_SetConfig
                0x08007b08      0x158 ./Drivers/STM32F4xx_HAL_Driver/Src/stm32f4xx_hal_tim.o
                0x08007b08                TIM_Base_SetConfig
 .text.TIM_OC1_SetConfig
                0x08007c60       0xe0 ./Drivers/STM32F4xx_HAL_Driver/Src/stm32f4xx_hal_tim.o
 .text.TIM_OC2_SetConfig
                0x08007d40       0xec ./Drivers/STM32F4xx_HAL_Driver/Src/stm32f4xx_hal_tim.o
                0x08007d40                TIM_OC2_SetConfig
 .text.TIM_OC3_SetConfig
                0x08007e2c       0xe8 ./Drivers/STM32F4xx_HAL_Driver/Src/stm32f4xx_hal_tim.o
 .text.TIM_OC4_SetConfig
                0x08007f14       0xac ./Drivers/STM32F4xx_HAL_Driver/Src/stm32f4xx_hal_tim.o
 .text.TIM_CCxChannelCmd
                0x08007fc0       0x4a ./Drivers/STM32F4xx_HAL_Driver/Src/stm32f4xx_hal_tim.o
                0x08007fc0                TIM_CCxChannelCmd
 *fill*         0x0800800a        0x2 
 .text.HAL_TIMEx_MasterConfigSynchronization
                0x0800800c       0xf8 ./Drivers/STM32F4xx_HAL_Driver/Src/stm32f4xx_hal_tim_ex.o
                0x0800800c                HAL_TIMEx_MasterConfigSynchronization
 .text.HAL_UART_Init
                0x08008104       0xa0 ./Drivers/STM32F4xx_HAL_Driver/Src/stm32f4xx_hal_uart.o
                0x08008104                HAL_UART_Init
 .text.UART_SetConfig
                0x080081a4      0x4e8 ./Drivers/STM32F4xx_HAL_Driver/Src/stm32f4xx_hal_uart.o
 .text.FMC_NORSRAM_Init
                0x0800868c      0x10c ./Drivers/STM32F4xx_HAL_Driver/Src/stm32f4xx_ll_fmc.o
                0x0800868c                FMC_NORSRAM_Init
 .text.FMC_NORSRAM_Timing_Init
                0x08008798       0xa0 ./Drivers/STM32F4xx_HAL_Driver/Src/stm32f4xx_ll_fmc.o
                0x08008798                FMC_NORSRAM_Timing_Init
 .text.FMC_NORSRAM_Extended_Timing_Init
                0x08008838       0x70 ./Drivers/STM32F4xx_HAL_Driver/Src/stm32f4xx_ll_fmc.o
                0x08008838                FMC_NORSRAM_Extended_Timing_Init
 .text.USB_CoreInit
                0x080088a8       0xc8 ./Drivers/STM32F4xx_HAL_Driver/Src/stm32f4xx_ll_usb.o
                0x080088a8                USB_CoreInit
 .text.USB_EnableGlobalInt
                0x08008970       0x22 ./Drivers/STM32F4xx_HAL_Driver/Src/stm32f4xx_ll_usb.o
                0x08008970                USB_EnableGlobalInt
 .text.USB_DisableGlobalInt
                0x08008992       0x22 ./Drivers/STM32F4xx_HAL_Driver/Src/stm32f4xx_ll_usb.o
                0x08008992                USB_DisableGlobalInt
 .text.USB_SetCurrentMode
                0x080089b4       0x98 ./Drivers/STM32F4xx_HAL_Driver/Src/stm32f4xx_ll_usb.o
                0x080089b4                USB_SetCurrentMode
 .text.USB_FlushTxFifo
                0x08008a4c       0x64 ./Drivers/STM32F4xx_HAL_Driver/Src/stm32f4xx_ll_usb.o
                0x08008a4c                USB_FlushTxFifo
 .text.USB_FlushRxFifo
                0x08008ab0       0x5c ./Drivers/STM32F4xx_HAL_Driver/Src/stm32f4xx_ll_usb.o
                0x08008ab0                USB_FlushRxFifo
 .text.USB_WritePacket
                0x08008b0c       0x7c ./Drivers/STM32F4xx_HAL_Driver/Src/stm32f4xx_ll_usb.o
                0x08008b0c                USB_WritePacket
 .text.USB_ReadPacket
                0x08008b88       0xb0 ./Drivers/STM32F4xx_HAL_Driver/Src/stm32f4xx_ll_usb.o
                0x08008b88                USB_ReadPacket
 .text.USB_ReadInterrupts
                0x08008c38       0x26 ./Drivers/STM32F4xx_HAL_Driver/Src/stm32f4xx_ll_usb.o
                0x08008c38                USB_ReadInterrupts
 .text.USB_ReadChInterrupts
                0x08008c5e       0x42 ./Drivers/STM32F4xx_HAL_Driver/Src/stm32f4xx_ll_usb.o
                0x08008c5e                USB_ReadChInterrupts
 .text.USB_GetMode
                0x08008ca0       0x1c ./Drivers/STM32F4xx_HAL_Driver/Src/stm32f4xx_ll_usb.o
                0x08008ca0                USB_GetMode
 .text.USB_CoreReset
                0x08008cbc       0x62 ./Drivers/STM32F4xx_HAL_Driver/Src/stm32f4xx_ll_usb.o
 *fill*         0x08008d1e        0x2 
 .text.USB_HostInit
                0x08008d20      0x188 ./Drivers/STM32F4xx_HAL_Driver/Src/stm32f4xx_ll_usb.o
                0x08008d20                USB_HostInit
 .text.USB_InitFSLSPClkSel
                0x08008ea8       0x7a ./Drivers/STM32F4xx_HAL_Driver/Src/stm32f4xx_ll_usb.o
                0x08008ea8                USB_InitFSLSPClkSel
 .text.USB_ResetPort
                0x08008f22       0x54 ./Drivers/STM32F4xx_HAL_Driver/Src/stm32f4xx_ll_usb.o
                0x08008f22                USB_ResetPort
 .text.USB_DriveVbus
                0x08008f76       0x72 ./Drivers/STM32F4xx_HAL_Driver/Src/stm32f4xx_ll_usb.o
                0x08008f76                USB_DriveVbus
 .text.USB_GetHostSpeed
                0x08008fe8       0x2e ./Drivers/STM32F4xx_HAL_Driver/Src/stm32f4xx_ll_usb.o
                0x08008fe8                USB_GetHostSpeed
 .text.USB_GetCurrentFrame
                0x08009016       0x22 ./Drivers/STM32F4xx_HAL_Driver/Src/stm32f4xx_ll_usb.o
                0x08009016                USB_GetCurrentFrame
 .text.USB_HC_Init
                0x08009038      0x258 ./Drivers/STM32F4xx_HAL_Driver/Src/stm32f4xx_ll_usb.o
                0x08009038                USB_HC_Init
 .text.USB_HC_StartXfer
                0x08009290      0x4f4 ./Drivers/STM32F4xx_HAL_Driver/Src/stm32f4xx_ll_usb.o
                0x08009290                USB_HC_StartXfer
 .text.USB_HC_ReadInterrupt
                0x08009784       0x22 ./Drivers/STM32F4xx_HAL_Driver/Src/stm32f4xx_ll_usb.o
                0x08009784                USB_HC_ReadInterrupt
 .text.USB_HC_Halt
                0x080097a6      0x240 ./Drivers/STM32F4xx_HAL_Driver/Src/stm32f4xx_ll_usb.o
                0x080097a6                USB_HC_Halt
 *fill*         0x080099e6        0x2 
 .text.USB_DoPing
                0x080099e8       0x78 ./Drivers/STM32F4xx_HAL_Driver/Src/stm32f4xx_ll_usb.o
                0x080099e8                USB_DoPing
 .text.USB_StopHost
                0x08009a60      0x124 ./Drivers/STM32F4xx_HAL_Driver/Src/stm32f4xx_ll_usb.o
                0x08009a60                USB_StopHost
 .text.USBH_HID_InterfaceInit
                0x08009b84      0x2f4 ./Middlewares/ST/STM32_USB_Host_Library/Class/HID/Src/usbh_hid.o
 .text.USBH_HID_InterfaceDeInit
                0x08009e78       0x8c ./Middlewares/ST/STM32_USB_Host_Library/Class/HID/Src/usbh_hid.o
 .text.USBH_HID_ClassRequest
                0x08009f04      0x12c ./Middlewares/ST/STM32_USB_Host_Library/Class/HID/Src/usbh_hid.o
 .text.USBH_HID_Process
                0x0800a030      0x1c0 ./Middlewares/ST/STM32_USB_Host_Library/Class/HID/Src/usbh_hid.o
 .text.USBH_HID_SOFProcess
                0x0800a1f0       0x42 ./Middlewares/ST/STM32_USB_Host_Library/Class/HID/Src/usbh_hid.o
 *fill*         0x0800a232        0x2 
 .text.USBH_HID_GetHIDReportDescriptor
                0x0800a234       0x58 ./Middlewares/ST/STM32_USB_Host_Library/Class/HID/Src/usbh_hid.o
                0x0800a234                USBH_HID_GetHIDReportDescriptor
 .text.USBH_HID_SetIdle
                0x0800a28c       0x50 ./Middlewares/ST/STM32_USB_Host_Library/Class/HID/Src/usbh_hid.o
                0x0800a28c                USBH_HID_SetIdle
 .text.USBH_HID_GetReport
                0x0800a2dc       0x58 ./Middlewares/ST/STM32_USB_Host_Library/Class/HID/Src/usbh_hid.o
                0x0800a2dc                USBH_HID_GetReport
 .text.USBH_HID_SetProtocol
                0x0800a334       0x4c ./Middlewares/ST/STM32_USB_Host_Library/Class/HID/Src/usbh_hid.o
                0x0800a334                USBH_HID_SetProtocol
 .text.USBH_HID_ParseHIDDesc
                0x0800a380       0xb6 ./Middlewares/ST/STM32_USB_Host_Library/Class/HID/Src/usbh_hid.o
 .text.USBH_HID_FifoInit
                0x0800a436       0x38 ./Middlewares/ST/STM32_USB_Host_Library/Class/HID/Src/usbh_hid.o
                0x0800a436                USBH_HID_FifoInit
 .text.USBH_HID_FifoRead
                0x0800a46e       0x92 ./Middlewares/ST/STM32_USB_Host_Library/Class/HID/Src/usbh_hid.o
                0x0800a46e                USBH_HID_FifoRead
 .text.USBH_HID_FifoWrite
                0x0800a500       0xa8 ./Middlewares/ST/STM32_USB_Host_Library/Class/HID/Src/usbh_hid.o
                0x0800a500                USBH_HID_FifoWrite
 .text.USBH_HID_KeybdInit
                0x0800a5a8       0xa8 ./Middlewares/ST/STM32_USB_Host_Library/Class/HID/Src/usbh_hid_keybd.o
                0x0800a5a8                USBH_HID_KeybdInit
 .text.USBH_HID_GetKeybdInfo
                0x0800a650       0x28 ./Middlewares/ST/STM32_USB_Host_Library/Class/HID/Src/usbh_hid_keybd.o
                0x0800a650                USBH_HID_GetKeybdInfo
 .text.USBH_HID_KeybdDecode
                0x0800a678      0x128 ./Middlewares/ST/STM32_USB_Host_Library/Class/HID/Src/usbh_hid_keybd.o
 .text.USBH_HID_GetASCIICode
                0x0800a7a0       0x58 ./Middlewares/ST/STM32_USB_Host_Library/Class/HID/Src/usbh_hid_keybd.o
                0x0800a7a0                USBH_HID_GetASCIICode
 .text.USBH_HID_MouseInit
                0x0800a7f8       0x94 ./Middlewares/ST/STM32_USB_Host_Library/Class/HID/Src/usbh_hid_mouse.o
                0x0800a7f8                USBH_HID_MouseInit
 .text.HID_ReadItem
                0x0800a88c      0x134 ./Middlewares/ST/STM32_USB_Host_Library/Class/HID/Src/usbh_hid_parser.o
                0x0800a88c                HID_ReadItem
 .text.USBH_Init
                0x0800a9c0       0x90 ./Middlewares/ST/STM32_USB_Host_Library/Core/Src/usbh_core.o
                0x0800a9c0                USBH_Init
 .text.DeInitStateMachine
                0x0800aa50       0xe6 ./Middlewares/ST/STM32_USB_Host_Library/Core/Src/usbh_core.o
 *fill*         0x0800ab36        0x2 
 .text.USBH_RegisterClass
                0x0800ab38       0x80 ./Middlewares/ST/STM32_USB_Host_Library/Core/Src/usbh_core.o
                0x0800ab38                USBH_RegisterClass
 .text.USBH_SelectInterface
                0x0800abb8       0xd0 ./Middlewares/ST/STM32_USB_Host_Library/Core/Src/usbh_core.o
                0x0800abb8                USBH_SelectInterface
 .text.USBH_FindInterface
                0x0800ac88       0x8c ./Middlewares/ST/STM32_USB_Host_Library/Core/Src/usbh_core.o
                0x0800ac88                USBH_FindInterface
 .text.USBH_Start
                0x0800ad14       0x20 ./Middlewares/ST/STM32_USB_Host_Library/Core/Src/usbh_core.o
                0x0800ad14                USBH_Start
 .text.USBH_Process
                0x0800ad34      0x4e0 ./Middlewares/ST/STM32_USB_Host_Library/Core/Src/usbh_core.o
                0x0800ad34                USBH_Process
 .text.USBH_HandleEnum
                0x0800b214      0x554 ./Middlewares/ST/STM32_USB_Host_Library/Core/Src/usbh_core.o
 .text.USBH_LL_SetTimer
                0x0800b768       0x1e ./Middlewares/ST/STM32_USB_Host_Library/Core/Src/usbh_core.o
                0x0800b768                USBH_LL_SetTimer
 .text.USBH_LL_IncTimer
                0x0800b786       0x24 ./Middlewares/ST/STM32_USB_Host_Library/Core/Src/usbh_core.o
                0x0800b786                USBH_LL_IncTimer
 .text.USBH_HandleSof
                0x0800b7aa       0x30 ./Middlewares/ST/STM32_USB_Host_Library/Core/Src/usbh_core.o
 .text.USBH_LL_PortEnabled
                0x0800b7da       0x1c ./Middlewares/ST/STM32_USB_Host_Library/Core/Src/usbh_core.o
                0x0800b7da                USBH_LL_PortEnabled
 .text.USBH_LL_PortDisabled
                0x0800b7f6       0x1c ./Middlewares/ST/STM32_USB_Host_Library/Core/Src/usbh_core.o
                0x0800b7f6                USBH_LL_PortDisabled
 .text.USBH_LL_Connect
                0x0800b812       0x2e ./Middlewares/ST/STM32_USB_Host_Library/Core/Src/usbh_core.o
                0x0800b812                USBH_LL_Connect
 .text.USBH_LL_Disconnect
                0x0800b840       0x48 ./Middlewares/ST/STM32_USB_Host_Library/Core/Src/usbh_core.o
                0x0800b840                USBH_LL_Disconnect
 .text.USBH_Get_DevDesc
                0x0800b888       0x74 ./Middlewares/ST/STM32_USB_Host_Library/Core/Src/usbh_ctlreq.o
                0x0800b888                USBH_Get_DevDesc
 .text.USBH_Get_CfgDesc
                0x0800b8fc       0x70 ./Middlewares/ST/STM32_USB_Host_Library/Core/Src/usbh_ctlreq.o
                0x0800b8fc                USBH_Get_CfgDesc
 .text.USBH_Get_StringDesc
                0x0800b96c       0x84 ./Middlewares/ST/STM32_USB_Host_Library/Core/Src/usbh_ctlreq.o
                0x0800b96c                USBH_Get_StringDesc
 .text.USBH_GetDescriptor
                0x0800b9f0       0x6a ./Middlewares/ST/STM32_USB_Host_Library/Core/Src/usbh_ctlreq.o
                0x0800b9f0                USBH_GetDescriptor
 .text.USBH_SetAddress
                0x0800ba5a       0x48 ./Middlewares/ST/STM32_USB_Host_Library/Core/Src/usbh_ctlreq.o
                0x0800ba5a                USBH_SetAddress
 .text.USBH_SetCfg
                0x0800baa2       0x46 ./Middlewares/ST/STM32_USB_Host_Library/Core/Src/usbh_ctlreq.o
                0x0800baa2                USBH_SetCfg
 .text.USBH_SetFeature
                0x0800bae8       0x48 ./Middlewares/ST/STM32_USB_Host_Library/Core/Src/usbh_ctlreq.o
                0x0800bae8                USBH_SetFeature
 .text.USBH_ClrFeature
                0x0800bb30       0x48 ./Middlewares/ST/STM32_USB_Host_Library/Core/Src/usbh_ctlreq.o
                0x0800bb30                USBH_ClrFeature
 .text.USBH_ParseDevDesc
                0x0800bb78      0x160 ./Middlewares/ST/STM32_USB_Host_Library/Core/Src/usbh_ctlreq.o
 .text.USBH_ParseCfgDesc
                0x0800bcd8      0x1f0 ./Middlewares/ST/STM32_USB_Host_Library/Core/Src/usbh_ctlreq.o
 .text.USBH_ParseInterfaceDesc
                0x0800bec8       0x68 ./Middlewares/ST/STM32_USB_Host_Library/Core/Src/usbh_ctlreq.o
 .text.USBH_ParseEPDesc
                0x0800bf30      0x1d0 ./Middlewares/ST/STM32_USB_Host_Library/Core/Src/usbh_ctlreq.o
 .text.USBH_ParseStringDesc
                0x0800c100       0x66 ./Middlewares/ST/STM32_USB_Host_Library/Core/Src/usbh_ctlreq.o
 .text.USBH_GetNextDesc
                0x0800c166       0x34 ./Middlewares/ST/STM32_USB_Host_Library/Core/Src/usbh_ctlreq.o
                0x0800c166                USBH_GetNextDesc
 .text.USBH_CtlReq
                0x0800c19a       0x7a ./Middlewares/ST/STM32_USB_Host_Library/Core/Src/usbh_ctlreq.o
                0x0800c19a                USBH_CtlReq
 .text.USBH_HandleControl
                0x0800c214      0x304 ./Middlewares/ST/STM32_USB_Host_Library/Core/Src/usbh_ctlreq.o
 .text.USBH_CtlSendSetup
                0x0800c518       0x34 ./Middlewares/ST/STM32_USB_Host_Library/Core/Src/usbh_ioreq.o
                0x0800c518                USBH_CtlSendSetup
 .text.USBH_CtlSendData
                0x0800c54c       0x4a ./Middlewares/ST/STM32_USB_Host_Library/Core/Src/usbh_ioreq.o
                0x0800c54c                USBH_CtlSendData
 .text.USBH_CtlReceiveData
                0x0800c596       0x3c ./Middlewares/ST/STM32_USB_Host_Library/Core/Src/usbh_ioreq.o
                0x0800c596                USBH_CtlReceiveData
 .text.USBH_InterruptReceiveData
                0x0800c5d2       0x3e ./Middlewares/ST/STM32_USB_Host_Library/Core/Src/usbh_ioreq.o
                0x0800c5d2                USBH_InterruptReceiveData
 .text.USBH_OpenPipe
                0x0800c610       0x3e ./Middlewares/ST/STM32_USB_Host_Library/Core/Src/usbh_pipes.o
                0x0800c610                USBH_OpenPipe
 .text.USBH_ClosePipe
                0x0800c64e       0x20 ./Middlewares/ST/STM32_USB_Host_Library/Core/Src/usbh_pipes.o
                0x0800c64e                USBH_ClosePipe
 .text.USBH_AllocPipe
                0x0800c66e       0x42 ./Middlewares/ST/STM32_USB_Host_Library/Core/Src/usbh_pipes.o
                0x0800c66e                USBH_AllocPipe
 .text.USBH_FreePipe
                0x0800c6b0       0x3c ./Middlewares/ST/STM32_USB_Host_Library/Core/Src/usbh_pipes.o
                0x0800c6b0                USBH_FreePipe
 .text.USBH_GetFreePipe
                0x0800c6ec       0x48 ./Middlewares/ST/STM32_USB_Host_Library/Core/Src/usbh_pipes.o
 .text.MX_USB_HOST_Init
                0x0800c734       0x4c ./USB_HOST/App/usb_host.o
                0x0800c734                MX_USB_HOST_Init
 .text.MX_USB_HOST_Process
                0x0800c780       0x14 ./USB_HOST/App/usb_host.o
                0x0800c780                MX_USB_HOST_Process
 .text.USBH_UserProcess
                0x0800c794       0x5c ./USB_HOST/App/usb_host.o
 .text.HAL_HCD_MspInit
                0x0800c7f0       0xa8 ./USB_HOST/Target/usbh_conf.o
                0x0800c7f0                HAL_HCD_MspInit
 .text.HAL_HCD_SOF_Callback
                0x0800c898       0x1c ./USB_HOST/Target/usbh_conf.o
                0x0800c898                HAL_HCD_SOF_Callback
 .text.HAL_HCD_Connect_Callback
                0x0800c8b4       0x1c ./USB_HOST/Target/usbh_conf.o
                0x0800c8b4                HAL_HCD_Connect_Callback
 .text.HAL_HCD_Disconnect_Callback
                0x0800c8d0       0x1c ./USB_HOST/Target/usbh_conf.o
                0x0800c8d0                HAL_HCD_Disconnect_Callback
 .text.HAL_HCD_HC_NotifyURBChange_Callback
                0x0800c8ec       0x1c ./USB_HOST/Target/usbh_conf.o
                0x0800c8ec                HAL_HCD_HC_NotifyURBChange_Callback
 .text.HAL_HCD_PortEnabled_Callback
                0x0800c908       0x1c ./USB_HOST/Target/usbh_conf.o
                0x0800c908                HAL_HCD_PortEnabled_Callback
 .text.HAL_HCD_PortDisabled_Callback
                0x0800c924       0x1c ./USB_HOST/Target/usbh_conf.o
                0x0800c924                HAL_HCD_PortDisabled_Callback
 .text.USBH_LL_Init
                0x0800c940       0x78 ./USB_HOST/Target/usbh_conf.o
                0x0800c940                USBH_LL_Init
 .text.USBH_LL_Start
                0x0800c9b8       0x36 ./USB_HOST/Target/usbh_conf.o
                0x0800c9b8                USBH_LL_Start
 .text.USBH_LL_Stop
                0x0800c9ee       0x36 ./USB_HOST/Target/usbh_conf.o
                0x0800c9ee                USBH_LL_Stop
 .text.USBH_LL_GetSpeed
                0x0800ca24       0x4e ./USB_HOST/Target/usbh_conf.o
                0x0800ca24                USBH_LL_GetSpeed
 .text.USBH_LL_ResetPort
                0x0800ca72       0x36 ./USB_HOST/Target/usbh_conf.o
                0x0800ca72                USBH_LL_ResetPort
 .text.USBH_LL_GetLastXferSize
                0x0800caa8       0x26 ./USB_HOST/Target/usbh_conf.o
                0x0800caa8                USBH_LL_GetLastXferSize
 .text.USBH_LL_OpenPipe
                0x0800cace       0x5e ./USB_HOST/Target/usbh_conf.o
                0x0800cace                USBH_LL_OpenPipe
 .text.USBH_LL_ClosePipe
                0x0800cb2c       0x3e ./USB_HOST/Target/usbh_conf.o
                0x0800cb2c                USBH_LL_ClosePipe
 .text.USBH_LL_SubmitURB
                0x0800cb6a       0x62 ./USB_HOST/Target/usbh_conf.o
                0x0800cb6a                USBH_LL_SubmitURB
 .text.USBH_LL_GetURBState
                0x0800cbcc       0x26 ./USB_HOST/Target/usbh_conf.o
                0x0800cbcc                USBH_LL_GetURBState
 .text.USBH_LL_DriverVBUS
                0x0800cbf2       0x2e ./USB_HOST/Target/usbh_conf.o
                0x0800cbf2                USBH_LL_DriverVBUS
 .text.USBH_LL_SetToggle
                0x0800cc20       0x66 ./USB_HOST/Target/usbh_conf.o
                0x0800cc20                USBH_LL_SetToggle
 .text.USBH_Delay
                0x0800cc86       0x16 ./USB_HOST/Target/usbh_conf.o
                0x0800cc86                USBH_Delay
 .text.USBH_Get_USB_Status
                0x0800cc9c       0x58 ./USB_HOST/Target/usbh_conf.o
                0x0800cc9c                USBH_Get_USB_Status
 .text.MX_DriverVbusFS
                0x0800ccf4       0x38 ./USB_HOST/Target/usbh_platform.o
                0x0800ccf4                MX_DriverVbusFS
 .text.malloc   0x0800cd2c       0x10 C:/ST/STM32CubeIDE_1.17.0/STM32CubeIDE/plugins/com.st.stm32cube.ide.mcu.externaltools.gnu-tools-for-stm32.12.3.rel1.win32_1.1.0.202410251130/tools/bin/../lib/gcc/arm-none-eabi/12.3.1/../../../../arm-none-eabi/lib/thumb/v7e-m+fp/hard\libc_nano.a(libc_a-malloc.o)
                0x0800cd2c                malloc
 .text.free     0x0800cd3c       0x10 C:/ST/STM32CubeIDE_1.17.0/STM32CubeIDE/plugins/com.st.stm32cube.ide.mcu.externaltools.gnu-tools-for-stm32.12.3.rel1.win32_1.1.0.202410251130/tools/bin/../lib/gcc/arm-none-eabi/12.3.1/../../../../arm-none-eabi/lib/thumb/v7e-m+fp/hard\libc_nano.a(libc_a-malloc.o)
                0x0800cd3c                free
 .text.sbrk_aligned
                0x0800cd4c       0x44 C:/ST/STM32CubeIDE_1.17.0/STM32CubeIDE/plugins/com.st.stm32cube.ide.mcu.externaltools.gnu-tools-for-stm32.12.3.rel1.win32_1.1.0.202410251130/tools/bin/../lib/gcc/arm-none-eabi/12.3.1/../../../../arm-none-eabi/lib/thumb/v7e-m+fp/hard\libc_nano.a(libc_a-mallocr.o)
 .text._malloc_r
                0x0800cd90      0x100 C:/ST/STM32CubeIDE_1.17.0/STM32CubeIDE/plugins/com.st.stm32cube.ide.mcu.externaltools.gnu-tools-for-stm32.12.3.rel1.win32_1.1.0.202410251130/tools/bin/../lib/gcc/arm-none-eabi/12.3.1/../../../../arm-none-eabi/lib/thumb/v7e-m+fp/hard\libc_nano.a(libc_a-mallocr.o)
                0x0800cd90                _malloc_r
 .text.__malloc_lock
                0x0800ce90        0xc C:/ST/STM32CubeIDE_1.17.0/STM32CubeIDE/plugins/com.st.stm32cube.ide.mcu.externaltools.gnu-tools-for-stm32.12.3.rel1.win32_1.1.0.202410251130/tools/bin/../lib/gcc/arm-none-eabi/12.3.1/../../../../arm-none-eabi/lib/thumb/v7e-m+fp/hard\libc_nano.a(libc_a-mlock.o)
                0x0800ce90                __malloc_lock
 .text.__malloc_unlock
                0x0800ce9c        0xc C:/ST/STM32CubeIDE_1.17.0/STM32CubeIDE/plugins/com.st.stm32cube.ide.mcu.externaltools.gnu-tools-for-stm32.12.3.rel1.win32_1.1.0.202410251130/tools/bin/../lib/gcc/arm-none-eabi/12.3.1/../../../../arm-none-eabi/lib/thumb/v7e-m+fp/hard\libc_nano.a(libc_a-mlock.o)
                0x0800ce9c                __malloc_unlock
 .text.std      0x0800cea8       0x6c C:/ST/STM32CubeIDE_1.17.0/STM32CubeIDE/plugins/com.st.stm32cube.ide.mcu.externaltools.gnu-tools-for-stm32.12.3.rel1.win32_1.1.0.202410251130/tools/bin/../lib/gcc/arm-none-eabi/12.3.1/../../../../arm-none-eabi/lib/thumb/v7e-m+fp/hard\libc_nano.a(libc_a-findfp.o)
 .text.stdio_exit_handler
                0x0800cf14       0x18 C:/ST/STM32CubeIDE_1.17.0/STM32CubeIDE/plugins/com.st.stm32cube.ide.mcu.externaltools.gnu-tools-for-stm32.12.3.rel1.win32_1.1.0.202410251130/tools/bin/../lib/gcc/arm-none-eabi/12.3.1/../../../../arm-none-eabi/lib/thumb/v7e-m+fp/hard\libc_nano.a(libc_a-findfp.o)
 .text.cleanup_stdio
                0x0800cf2c       0x40 C:/ST/STM32CubeIDE_1.17.0/STM32CubeIDE/plugins/com.st.stm32cube.ide.mcu.externaltools.gnu-tools-for-stm32.12.3.rel1.win32_1.1.0.202410251130/tools/bin/../lib/gcc/arm-none-eabi/12.3.1/../../../../arm-none-eabi/lib/thumb/v7e-m+fp/hard\libc_nano.a(libc_a-findfp.o)
 .text.global_stdio_init.part.0
                0x0800cf6c       0x3c C:/ST/STM32CubeIDE_1.17.0/STM32CubeIDE/plugins/com.st.stm32cube.ide.mcu.externaltools.gnu-tools-for-stm32.12.3.rel1.win32_1.1.0.202410251130/tools/bin/../lib/gcc/arm-none-eabi/12.3.1/../../../../arm-none-eabi/lib/thumb/v7e-m+fp/hard\libc_nano.a(libc_a-findfp.o)
 .text.__sfp_lock_acquire
                0x0800cfa8        0xc C:/ST/STM32CubeIDE_1.17.0/STM32CubeIDE/plugins/com.st.stm32cube.ide.mcu.externaltools.gnu-tools-for-stm32.12.3.rel1.win32_1.1.0.202410251130/tools/bin/../lib/gcc/arm-none-eabi/12.3.1/../../../../arm-none-eabi/lib/thumb/v7e-m+fp/hard\libc_nano.a(libc_a-findfp.o)
                0x0800cfa8                __sfp_lock_acquire
 .text.__sfp_lock_release
                0x0800cfb4        0xc C:/ST/STM32CubeIDE_1.17.0/STM32CubeIDE/plugins/com.st.stm32cube.ide.mcu.externaltools.gnu-tools-for-stm32.12.3.rel1.win32_1.1.0.202410251130/tools/bin/../lib/gcc/arm-none-eabi/12.3.1/../../../../arm-none-eabi/lib/thumb/v7e-m+fp/hard\libc_nano.a(libc_a-findfp.o)
                0x0800cfb4                __sfp_lock_release
 .text.__sinit  0x0800cfc0       0x30 C:/ST/STM32CubeIDE_1.17.0/STM32CubeIDE/plugins/com.st.stm32cube.ide.mcu.externaltools.gnu-tools-for-stm32.12.3.rel1.win32_1.1.0.202410251130/tools/bin/../lib/gcc/arm-none-eabi/12.3.1/../../../../arm-none-eabi/lib/thumb/v7e-m+fp/hard\libc_nano.a(libc_a-findfp.o)
                0x0800cfc0                __sinit
 .text._fwalk_sglue
                0x0800cff0       0x3c C:/ST/STM32CubeIDE_1.17.0/STM32CubeIDE/plugins/com.st.stm32cube.ide.mcu.externaltools.gnu-tools-for-stm32.12.3.rel1.win32_1.1.0.202410251130/tools/bin/../lib/gcc/arm-none-eabi/12.3.1/../../../../arm-none-eabi/lib/thumb/v7e-m+fp/hard\libc_nano.a(libc_a-fwalk.o)
                0x0800cff0                _fwalk_sglue
 .text.printf   0x0800d02c       0x24 C:/ST/STM32CubeIDE_1.17.0/STM32CubeIDE/plugins/com.st.stm32cube.ide.mcu.externaltools.gnu-tools-for-stm32.12.3.rel1.win32_1.1.0.202410251130/tools/bin/../lib/gcc/arm-none-eabi/12.3.1/../../../../arm-none-eabi/lib/thumb/v7e-m+fp/hard\libc_nano.a(libc_a-printf.o)
                0x0800d02c                iprintf
                0x0800d02c                printf
 .text.putchar  0x0800d050       0x10 C:/ST/STM32CubeIDE_1.17.0/STM32CubeIDE/plugins/com.st.stm32cube.ide.mcu.externaltools.gnu-tools-for-stm32.12.3.rel1.win32_1.1.0.202410251130/tools/bin/../lib/gcc/arm-none-eabi/12.3.1/../../../../arm-none-eabi/lib/thumb/v7e-m+fp/hard\libc_nano.a(libc_a-putchar.o)
                0x0800d050                putchar
 .text._puts_r  0x0800d060       0xaa C:/ST/STM32CubeIDE_1.17.0/STM32CubeIDE/plugins/com.st.stm32cube.ide.mcu.externaltools.gnu-tools-for-stm32.12.3.rel1.win32_1.1.0.202410251130/tools/bin/../lib/gcc/arm-none-eabi/12.3.1/../../../../arm-none-eabi/lib/thumb/v7e-m+fp/hard\libc_nano.a(libc_a-puts.o)
                0x0800d060                _puts_r
 *fill*         0x0800d10a        0x2 
 .text.puts     0x0800d10c       0x10 C:/ST/STM32CubeIDE_1.17.0/STM32CubeIDE/plugins/com.st.stm32cube.ide.mcu.externaltools.gnu-tools-for-stm32.12.3.rel1.win32_1.1.0.202410251130/tools/bin/../lib/gcc/arm-none-eabi/12.3.1/../../../../arm-none-eabi/lib/thumb/v7e-m+fp/hard\libc_nano.a(libc_a-puts.o)
                0x0800d10c                puts
 .text.sprintf  0x0800d11c       0x40 C:/ST/STM32CubeIDE_1.17.0/STM32CubeIDE/plugins/com.st.stm32cube.ide.mcu.externaltools.gnu-tools-for-stm32.12.3.rel1.win32_1.1.0.202410251130/tools/bin/../lib/gcc/arm-none-eabi/12.3.1/../../../../arm-none-eabi/lib/thumb/v7e-m+fp/hard\libc_nano.a(libc_a-sprintf.o)
                0x0800d11c                siprintf
                0x0800d11c                sprintf
 .text.__sread  0x0800d15c       0x22 C:/ST/STM32CubeIDE_1.17.0/STM32CubeIDE/plugins/com.st.stm32cube.ide.mcu.externaltools.gnu-tools-for-stm32.12.3.rel1.win32_1.1.0.202410251130/tools/bin/../lib/gcc/arm-none-eabi/12.3.1/../../../../arm-none-eabi/lib/thumb/v7e-m+fp/hard\libc_nano.a(libc_a-stdio.o)
                0x0800d15c                __sread
 .text.__swrite
                0x0800d17e       0x38 C:/ST/STM32CubeIDE_1.17.0/STM32CubeIDE/plugins/com.st.stm32cube.ide.mcu.externaltools.gnu-tools-for-stm32.12.3.rel1.win32_1.1.0.202410251130/tools/bin/../lib/gcc/arm-none-eabi/12.3.1/../../../../arm-none-eabi/lib/thumb/v7e-m+fp/hard\libc_nano.a(libc_a-stdio.o)
                0x0800d17e                __swrite
 .text.__sseek  0x0800d1b6       0x24 C:/ST/STM32CubeIDE_1.17.0/STM32CubeIDE/plugins/com.st.stm32cube.ide.mcu.externaltools.gnu-tools-for-stm32.12.3.rel1.win32_1.1.0.202410251130/tools/bin/../lib/gcc/arm-none-eabi/12.3.1/../../../../arm-none-eabi/lib/thumb/v7e-m+fp/hard\libc_nano.a(libc_a-stdio.o)
                0x0800d1b6                __sseek
 .text.__sclose
                0x0800d1da        0x8 C:/ST/STM32CubeIDE_1.17.0/STM32CubeIDE/plugins/com.st.stm32cube.ide.mcu.externaltools.gnu-tools-for-stm32.12.3.rel1.win32_1.1.0.202410251130/tools/bin/../lib/gcc/arm-none-eabi/12.3.1/../../../../arm-none-eabi/lib/thumb/v7e-m+fp/hard\libc_nano.a(libc_a-stdio.o)
                0x0800d1da                __sclose
 *fill*         0x0800d1e2        0x2 
 .text._vsprintf_r
                0x0800d1e4       0x2c C:/ST/STM32CubeIDE_1.17.0/STM32CubeIDE/plugins/com.st.stm32cube.ide.mcu.externaltools.gnu-tools-for-stm32.12.3.rel1.win32_1.1.0.202410251130/tools/bin/../lib/gcc/arm-none-eabi/12.3.1/../../../../arm-none-eabi/lib/thumb/v7e-m+fp/hard\libc_nano.a(libc_a-vsprintf.o)
                0x0800d1e4                _vsprintf_r
                0x0800d1e4                _vsiprintf_r
 .text.vsprintf
                0x0800d210       0x14 C:/ST/STM32CubeIDE_1.17.0/STM32CubeIDE/plugins/com.st.stm32cube.ide.mcu.externaltools.gnu-tools-for-stm32.12.3.rel1.win32_1.1.0.202410251130/tools/bin/../lib/gcc/arm-none-eabi/12.3.1/../../../../arm-none-eabi/lib/thumb/v7e-m+fp/hard\libc_nano.a(libc_a-vsprintf.o)
                0x0800d210                vsiprintf
                0x0800d210                vsprintf
 .text.__swbuf_r
                0x0800d224       0x7c C:/ST/STM32CubeIDE_1.17.0/STM32CubeIDE/plugins/com.st.stm32cube.ide.mcu.externaltools.gnu-tools-for-stm32.12.3.rel1.win32_1.1.0.202410251130/tools/bin/../lib/gcc/arm-none-eabi/12.3.1/../../../../arm-none-eabi/lib/thumb/v7e-m+fp/hard\libc_nano.a(libc_a-wbuf.o)
                0x0800d224                __swbuf_r
 .text.__swsetup_r
                0x0800d2a0       0xac C:/ST/STM32CubeIDE_1.17.0/STM32CubeIDE/plugins/com.st.stm32cube.ide.mcu.externaltools.gnu-tools-for-stm32.12.3.rel1.win32_1.1.0.202410251130/tools/bin/../lib/gcc/arm-none-eabi/12.3.1/../../../../arm-none-eabi/lib/thumb/v7e-m+fp/hard\libc_nano.a(libc_a-wsetup.o)
                0x0800d2a0                __swsetup_r
 .text.memset   0x0800d34c       0x10 C:/ST/STM32CubeIDE_1.17.0/STM32CubeIDE/plugins/com.st.stm32cube.ide.mcu.externaltools.gnu-tools-for-stm32.12.3.rel1.win32_1.1.0.202410251130/tools/bin/../lib/gcc/arm-none-eabi/12.3.1/../../../../arm-none-eabi/lib/thumb/v7e-m+fp/hard\libc_nano.a(libc_a-memset.o)
                0x0800d34c                memset
 .text._close_r
                0x0800d35c       0x20 C:/ST/STM32CubeIDE_1.17.0/STM32CubeIDE/plugins/com.st.stm32cube.ide.mcu.externaltools.gnu-tools-for-stm32.12.3.rel1.win32_1.1.0.202410251130/tools/bin/../lib/gcc/arm-none-eabi/12.3.1/../../../../arm-none-eabi/lib/thumb/v7e-m+fp/hard\libc_nano.a(libc_a-closer.o)
                0x0800d35c                _close_r
 .text._lseek_r
                0x0800d37c       0x24 C:/ST/STM32CubeIDE_1.17.0/STM32CubeIDE/plugins/com.st.stm32cube.ide.mcu.externaltools.gnu-tools-for-stm32.12.3.rel1.win32_1.1.0.202410251130/tools/bin/../lib/gcc/arm-none-eabi/12.3.1/../../../../arm-none-eabi/lib/thumb/v7e-m+fp/hard\libc_nano.a(libc_a-lseekr.o)
                0x0800d37c                _lseek_r
 .text._read_r  0x0800d3a0       0x24 C:/ST/STM32CubeIDE_1.17.0/STM32CubeIDE/plugins/com.st.stm32cube.ide.mcu.externaltools.gnu-tools-for-stm32.12.3.rel1.win32_1.1.0.202410251130/tools/bin/../lib/gcc/arm-none-eabi/12.3.1/../../../../arm-none-eabi/lib/thumb/v7e-m+fp/hard\libc_nano.a(libc_a-readr.o)
                0x0800d3a0                _read_r
 .text._sbrk_r  0x0800d3c4       0x20 C:/ST/STM32CubeIDE_1.17.0/STM32CubeIDE/plugins/com.st.stm32cube.ide.mcu.externaltools.gnu-tools-for-stm32.12.3.rel1.win32_1.1.0.202410251130/tools/bin/../lib/gcc/arm-none-eabi/12.3.1/../../../../arm-none-eabi/lib/thumb/v7e-m+fp/hard\libc_nano.a(libc_a-sbrkr.o)
                0x0800d3c4                _sbrk_r
 .text._write_r
                0x0800d3e4       0x24 C:/ST/STM32CubeIDE_1.17.0/STM32CubeIDE/plugins/com.st.stm32cube.ide.mcu.externaltools.gnu-tools-for-stm32.12.3.rel1.win32_1.1.0.202410251130/tools/bin/../lib/gcc/arm-none-eabi/12.3.1/../../../../arm-none-eabi/lib/thumb/v7e-m+fp/hard\libc_nano.a(libc_a-writer.o)
                0x0800d3e4                _write_r
 .text.__errno  0x0800d408        0xc C:/ST/STM32CubeIDE_1.17.0/STM32CubeIDE/plugins/com.st.stm32cube.ide.mcu.externaltools.gnu-tools-for-stm32.12.3.rel1.win32_1.1.0.202410251130/tools/bin/../lib/gcc/arm-none-eabi/12.3.1/../../../../arm-none-eabi/lib/thumb/v7e-m+fp/hard\libc_nano.a(libc_a-errno.o)
                0x0800d408                __errno
 .text.__libc_init_array
                0x0800d414       0x48 C:/ST/STM32CubeIDE_1.17.0/STM32CubeIDE/plugins/com.st.stm32cube.ide.mcu.externaltools.gnu-tools-for-stm32.12.3.rel1.win32_1.1.0.202410251130/tools/bin/../lib/gcc/arm-none-eabi/12.3.1/../../../../arm-none-eabi/lib/thumb/v7e-m+fp/hard\libc_nano.a(libc_a-init.o)
                0x0800d414                __libc_init_array
 .text.__retarget_lock_init_recursive
                0x0800d45c        0x2 C:/ST/STM32CubeIDE_1.17.0/STM32CubeIDE/plugins/com.st.stm32cube.ide.mcu.externaltools.gnu-tools-for-stm32.12.3.rel1.win32_1.1.0.202410251130/tools/bin/../lib/gcc/arm-none-eabi/12.3.1/../../../../arm-none-eabi/lib/thumb/v7e-m+fp/hard\libc_nano.a(libc_a-lock.o)
                0x0800d45c                __retarget_lock_init_recursive
 .text.__retarget_lock_acquire_recursive
                0x0800d45e        0x2 C:/ST/STM32CubeIDE_1.17.0/STM32CubeIDE/plugins/com.st.stm32cube.ide.mcu.externaltools.gnu-tools-for-stm32.12.3.rel1.win32_1.1.0.202410251130/tools/bin/../lib/gcc/arm-none-eabi/12.3.1/../../../../arm-none-eabi/lib/thumb/v7e-m+fp/hard\libc_nano.a(libc_a-lock.o)
                0x0800d45e                __retarget_lock_acquire_recursive
 .text.__retarget_lock_release_recursive
                0x0800d460        0x2 C:/ST/STM32CubeIDE_1.17.0/STM32CubeIDE/plugins/com.st.stm32cube.ide.mcu.externaltools.gnu-tools-for-stm32.12.3.rel1.win32_1.1.0.202410251130/tools/bin/../lib/gcc/arm-none-eabi/12.3.1/../../../../arm-none-eabi/lib/thumb/v7e-m+fp/hard\libc_nano.a(libc_a-lock.o)
                0x0800d460                __retarget_lock_release_recursive
 .text.strcpy   0x0800d462       0x10 C:/ST/STM32CubeIDE_1.17.0/STM32CubeIDE/plugins/com.st.stm32cube.ide.mcu.externaltools.gnu-tools-for-stm32.12.3.rel1.win32_1.1.0.202410251130/tools/bin/../lib/gcc/arm-none-eabi/12.3.1/../../../../arm-none-eabi/lib/thumb/v7e-m+fp/hard\libc_nano.a(libc_a-strcpy.o)
                0x0800d462                strcpy
 *fill*         0x0800d472        0x2 
 .text._free_r  0x0800d474       0x94 C:/ST/STM32CubeIDE_1.17.0/STM32CubeIDE/plugins/com.st.stm32cube.ide.mcu.externaltools.gnu-tools-for-stm32.12.3.rel1.win32_1.1.0.202410251130/tools/bin/../lib/gcc/arm-none-eabi/12.3.1/../../../../arm-none-eabi/lib/thumb/v7e-m+fp/hard\libc_nano.a(libc_a-freer.o)
                0x0800d474                _free_r
 .text.__ssputs_r
                0x0800d508       0xb6 C:/ST/STM32CubeIDE_1.17.0/STM32CubeIDE/plugins/com.st.stm32cube.ide.mcu.externaltools.gnu-tools-for-stm32.12.3.rel1.win32_1.1.0.202410251130/tools/bin/../lib/gcc/arm-none-eabi/12.3.1/../../../../arm-none-eabi/lib/thumb/v7e-m+fp/hard\libc_nano.a(libc_a-nano-svfprintf.o)
                0x0800d508                __ssputs_r
 *fill*         0x0800d5be        0x2 
 .text._svfprintf_r
                0x0800d5c0      0x1f8 C:/ST/STM32CubeIDE_1.17.0/STM32CubeIDE/plugins/com.st.stm32cube.ide.mcu.externaltools.gnu-tools-for-stm32.12.3.rel1.win32_1.1.0.202410251130/tools/bin/../lib/gcc/arm-none-eabi/12.3.1/../../../../arm-none-eabi/lib/thumb/v7e-m+fp/hard\libc_nano.a(libc_a-nano-svfprintf.o)
                0x0800d5c0                _svfiprintf_r
                0x0800d5c0                _svfprintf_r
 .text.__sfputc_r
                0x0800d7b8       0x2e C:/ST/STM32CubeIDE_1.17.0/STM32CubeIDE/plugins/com.st.stm32cube.ide.mcu.externaltools.gnu-tools-for-stm32.12.3.rel1.win32_1.1.0.202410251130/tools/bin/../lib/gcc/arm-none-eabi/12.3.1/../../../../arm-none-eabi/lib/thumb/v7e-m+fp/hard\libc_nano.a(libc_a-nano-vfprintf.o)
 .text.__sfputs_r
                0x0800d7e6       0x24 C:/ST/STM32CubeIDE_1.17.0/STM32CubeIDE/plugins/com.st.stm32cube.ide.mcu.externaltools.gnu-tools-for-stm32.12.3.rel1.win32_1.1.0.202410251130/tools/bin/../lib/gcc/arm-none-eabi/12.3.1/../../../../arm-none-eabi/lib/thumb/v7e-m+fp/hard\libc_nano.a(libc_a-nano-vfprintf.o)
                0x0800d7e6                __sfputs_r
 *fill*         0x0800d80a        0x2 
 .text._vfprintf_r
                0x0800d80c      0x230 C:/ST/STM32CubeIDE_1.17.0/STM32CubeIDE/plugins/com.st.stm32cube.ide.mcu.externaltools.gnu-tools-for-stm32.12.3.rel1.win32_1.1.0.202410251130/tools/bin/../lib/gcc/arm-none-eabi/12.3.1/../../../../arm-none-eabi/lib/thumb/v7e-m+fp/hard\libc_nano.a(libc_a-nano-vfprintf.o)
                0x0800d80c                _vfprintf_r
                0x0800d80c                _vfiprintf_r
 .text._printf_common
                0x0800da3c       0xda C:/ST/STM32CubeIDE_1.17.0/STM32CubeIDE/plugins/com.st.stm32cube.ide.mcu.externaltools.gnu-tools-for-stm32.12.3.rel1.win32_1.1.0.202410251130/tools/bin/../lib/gcc/arm-none-eabi/12.3.1/../../../../arm-none-eabi/lib/thumb/v7e-m+fp/hard\libc_nano.a(libc_a-nano-vfprintf_i.o)
                0x0800da3c                _printf_common
 *fill*         0x0800db16        0x2 
 .text._printf_i
                0x0800db18      0x240 C:/ST/STM32CubeIDE_1.17.0/STM32CubeIDE/plugins/com.st.stm32cube.ide.mcu.externaltools.gnu-tools-for-stm32.12.3.rel1.win32_1.1.0.202410251130/tools/bin/../lib/gcc/arm-none-eabi/12.3.1/../../../../arm-none-eabi/lib/thumb/v7e-m+fp/hard\libc_nano.a(libc_a-nano-vfprintf_i.o)
                0x0800db18                _printf_i
 .text.__sflush_r
                0x0800dd58      0x108 C:/ST/STM32CubeIDE_1.17.0/STM32CubeIDE/plugins/com.st.stm32cube.ide.mcu.externaltools.gnu-tools-for-stm32.12.3.rel1.win32_1.1.0.202410251130/tools/bin/../lib/gcc/arm-none-eabi/12.3.1/../../../../arm-none-eabi/lib/thumb/v7e-m+fp/hard\libc_nano.a(libc_a-fflush.o)
                0x0800dd58                __sflush_r
 .text._fflush_r
                0x0800de60       0x50 C:/ST/STM32CubeIDE_1.17.0/STM32CubeIDE/plugins/com.st.stm32cube.ide.mcu.externaltools.gnu-tools-for-stm32.12.3.rel1.win32_1.1.0.202410251130/tools/bin/../lib/gcc/arm-none-eabi/12.3.1/../../../../arm-none-eabi/lib/thumb/v7e-m+fp/hard\libc_nano.a(libc_a-fflush.o)
                0x0800de60                _fflush_r
 .text.__swhatbuf_r
                0x0800deb0       0x4c C:/ST/STM32CubeIDE_1.17.0/STM32CubeIDE/plugins/com.st.stm32cube.ide.mcu.externaltools.gnu-tools-for-stm32.12.3.rel1.win32_1.1.0.202410251130/tools/bin/../lib/gcc/arm-none-eabi/12.3.1/../../../../arm-none-eabi/lib/thumb/v7e-m+fp/hard\libc_nano.a(libc_a-makebuf.o)
                0x0800deb0                __swhatbuf_r
 .text.__smakebuf_r
                0x0800defc       0x78 C:/ST/STM32CubeIDE_1.17.0/STM32CubeIDE/plugins/com.st.stm32cube.ide.mcu.externaltools.gnu-tools-for-stm32.12.3.rel1.win32_1.1.0.202410251130/tools/bin/../lib/gcc/arm-none-eabi/12.3.1/../../../../arm-none-eabi/lib/thumb/v7e-m+fp/hard\libc_nano.a(libc_a-makebuf.o)
                0x0800defc                __smakebuf_r
 .text._putc_r  0x0800df74       0x68 C:/ST/STM32CubeIDE_1.17.0/STM32CubeIDE/plugins/com.st.stm32cube.ide.mcu.externaltools.gnu-tools-for-stm32.12.3.rel1.win32_1.1.0.202410251130/tools/bin/../lib/gcc/arm-none-eabi/12.3.1/../../../../arm-none-eabi/lib/thumb/v7e-m+fp/hard\libc_nano.a(libc_a-putc.o)
                0x0800df74                _putc_r
 .text.memmove  0x0800dfdc       0x34 C:/ST/STM32CubeIDE_1.17.0/STM32CubeIDE/plugins/com.st.stm32cube.ide.mcu.externaltools.gnu-tools-for-stm32.12.3.rel1.win32_1.1.0.202410251130/tools/bin/../lib/gcc/arm-none-eabi/12.3.1/../../../../arm-none-eabi/lib/thumb/v7e-m+fp/hard\libc_nano.a(libc_a-memmove.o)
                0x0800dfdc                memmove
 .text._fstat_r
                0x0800e010       0x24 C:/ST/STM32CubeIDE_1.17.0/STM32CubeIDE/plugins/com.st.stm32cube.ide.mcu.externaltools.gnu-tools-for-stm32.12.3.rel1.win32_1.1.0.202410251130/tools/bin/../lib/gcc/arm-none-eabi/12.3.1/../../../../arm-none-eabi/lib/thumb/v7e-m+fp/hard\libc_nano.a(libc_a-fstatr.o)
                0x0800e010                _fstat_r
 .text._isatty_r
                0x0800e034       0x20 C:/ST/STM32CubeIDE_1.17.0/STM32CubeIDE/plugins/com.st.stm32cube.ide.mcu.externaltools.gnu-tools-for-stm32.12.3.rel1.win32_1.1.0.202410251130/tools/bin/../lib/gcc/arm-none-eabi/12.3.1/../../../../arm-none-eabi/lib/thumb/v7e-m+fp/hard\libc_nano.a(libc_a-isattyr.o)
                0x0800e034                _isatty_r
 .text.memcpy   0x0800e054       0x1c C:/ST/STM32CubeIDE_1.17.0/STM32CubeIDE/plugins/com.st.stm32cube.ide.mcu.externaltools.gnu-tools-for-stm32.12.3.rel1.win32_1.1.0.202410251130/tools/bin/../lib/gcc/arm-none-eabi/12.3.1/../../../../arm-none-eabi/lib/thumb/v7e-m+fp/hard\libc_nano.a(libc_a-memcpy-stub.o)
                0x0800e054                memcpy
 .text._realloc_r
                0x0800e070       0x5c C:/ST/STM32CubeIDE_1.17.0/STM32CubeIDE/plugins/com.st.stm32cube.ide.mcu.externaltools.gnu-tools-for-stm32.12.3.rel1.win32_1.1.0.202410251130/tools/bin/../lib/gcc/arm-none-eabi/12.3.1/../../../../arm-none-eabi/lib/thumb/v7e-m+fp/hard\libc_nano.a(libc_a-reallocr.o)
                0x0800e070                _realloc_r
 .text._malloc_usable_size_r
                0x0800e0cc       0x10 C:/ST/STM32CubeIDE_1.17.0/STM32CubeIDE/plugins/com.st.stm32cube.ide.mcu.externaltools.gnu-tools-for-stm32.12.3.rel1.win32_1.1.0.202410251130/tools/bin/../lib/gcc/arm-none-eabi/12.3.1/../../../../arm-none-eabi/lib/thumb/v7e-m+fp/hard\libc_nano.a(libc_a-msizer.o)
                0x0800e0cc                _malloc_usable_size_r
 *(.glue_7)
 .glue_7        0x0800e0dc        0x0 linker stubs
 *(.glue_7t)
 .glue_7t       0x0800e0dc        0x0 linker stubs
 *(.eh_frame)
 .eh_frame      0x0800e0dc        0x0 C:/ST/STM32CubeIDE_1.17.0/STM32CubeIDE/plugins/com.st.stm32cube.ide.mcu.externaltools.gnu-tools-for-stm32.12.3.rel1.win32_1.1.0.202410251130/tools/bin/../lib/gcc/arm-none-eabi/12.3.1/thumb/v7e-m+fp/hard/crtbegin.o
 *(.init)
 .init          0x0800e0dc        0x4 C:/ST/STM32CubeIDE_1.17.0/STM32CubeIDE/plugins/com.st.stm32cube.ide.mcu.externaltools.gnu-tools-for-stm32.12.3.rel1.win32_1.1.0.202410251130/tools/bin/../lib/gcc/arm-none-eabi/12.3.1/thumb/v7e-m+fp/hard/crti.o
                0x0800e0dc                _init
 .init          0x0800e0e0        0x8 C:/ST/STM32CubeIDE_1.17.0/STM32CubeIDE/plugins/com.st.stm32cube.ide.mcu.externaltools.gnu-tools-for-stm32.12.3.rel1.win32_1.1.0.202410251130/tools/bin/../lib/gcc/arm-none-eabi/12.3.1/thumb/v7e-m+fp/hard/crtn.o
 *(.fini)
 .fini          0x0800e0e8        0x4 C:/ST/STM32CubeIDE_1.17.0/STM32CubeIDE/plugins/com.st.stm32cube.ide.mcu.externaltools.gnu-tools-for-stm32.12.3.rel1.win32_1.1.0.202410251130/tools/bin/../lib/gcc/arm-none-eabi/12.3.1/thumb/v7e-m+fp/hard/crti.o
                0x0800e0e8                _fini
 .fini          0x0800e0ec        0x8 C:/ST/STM32CubeIDE_1.17.0/STM32CubeIDE/plugins/com.st.stm32cube.ide.mcu.externaltools.gnu-tools-for-stm32.12.3.rel1.win32_1.1.0.202410251130/tools/bin/../lib/gcc/arm-none-eabi/12.3.1/thumb/v7e-m+fp/hard/crtn.o
                0x0800e0f4                        . = ALIGN (0x4)
                0x0800e0f4                        _etext = .

.vfp11_veneer   0x0800e0f4        0x0
 .vfp11_veneer  0x0800e0f4        0x0 linker stubs

.v4_bx          0x0800e0f4        0x0
 .v4_bx         0x0800e0f4        0x0 linker stubs

.iplt           0x0800e0f4        0x0
 .iplt          0x0800e0f4        0x0 C:/ST/STM32CubeIDE_1.17.0/STM32CubeIDE/plugins/com.st.stm32cube.ide.mcu.externaltools.gnu-tools-for-stm32.12.3.rel1.win32_1.1.0.202410251130/tools/bin/../lib/gcc/arm-none-eabi/12.3.1/thumb/v7e-m+fp/hard/crtbegin.o

.rodata         0x0800e0f4     0x2a4c
                0x0800e0f4                        . = ALIGN (0x4)
 *(.rodata)
 .rodata        0x0800e0f4       0x8c ./Core/Src/main.o
 .rodata        0x0800e180      0x1c5 ./Middlewares/ST/STM32_USB_Host_Library/Class/HID/Src/usbh_hid.o
 *fill*         0x0800e345        0x3 
 .rodata        0x0800e348      0x460 ./Middlewares/ST/STM32_USB_Host_Library/Core/Src/usbh_core.o
 .rodata        0x0800e7a8      0x101 ./Middlewares/ST/STM32_USB_Host_Library/Core/Src/usbh_ctlreq.o
 *(.rodata*)
 *fill*         0x0800e8a9        0x3 
 .rodata.cmd_read_y.2
                0x0800e8ac        0x1 ./Core/Src/XPT2046_touch.o
 *fill*         0x0800e8ad        0x3 
 .rodata.zeroes_tx.1
                0x0800e8b0        0x2 ./Core/Src/XPT2046_touch.o
 *fill*         0x0800e8b2        0x2 
 .rodata.cmd_read_x.0
                0x0800e8b4        0x1 ./Core/Src/XPT2046_touch.o
 *fill*         0x0800e8b5        0x3 
 .rodata.Font12_Table
                0x0800e8b8      0x474 ./Core/Src/font12.o
                0x0800e8b8                Font12_Table
 .rodata.Font16_Table
                0x0800ed2c      0xbe0 ./Core/Src/font16.o
                0x0800ed2c                Font16_Table
 .rodata.Font20_Table
                0x0800f90c      0xed8 ./Core/Src/font20.o
                0x0800f90c                Font20_Table
 .rodata.AHBPrescTable
                0x080107e4       0x10 ./Core/Src/system_stm32f4xx.o
                0x080107e4                AHBPrescTable
 .rodata.APBPrescTable
                0x080107f4        0x8 ./Core/Src/system_stm32f4xx.o
                0x080107f4                APBPrescTable
 .rodata.imp_0_lctrl
                0x080107fc       0x20 ./Middlewares/ST/STM32_USB_Host_Library/Class/HID/Src/usbh_hid_keybd.o
 .rodata.imp_0_lshift
                0x0801081c       0x20 ./Middlewares/ST/STM32_USB_Host_Library/Class/HID/Src/usbh_hid_keybd.o
 .rodata.imp_0_lalt
                0x0801083c       0x20 ./Middlewares/ST/STM32_USB_Host_Library/Class/HID/Src/usbh_hid_keybd.o
 .rodata.imp_0_lgui
                0x0801085c       0x20 ./Middlewares/ST/STM32_USB_Host_Library/Class/HID/Src/usbh_hid_keybd.o
 .rodata.imp_0_rctrl
                0x0801087c       0x20 ./Middlewares/ST/STM32_USB_Host_Library/Class/HID/Src/usbh_hid_keybd.o
 .rodata.imp_0_rshift
                0x0801089c       0x20 ./Middlewares/ST/STM32_USB_Host_Library/Class/HID/Src/usbh_hid_keybd.o
 .rodata.imp_0_ralt
                0x080108bc       0x20 ./Middlewares/ST/STM32_USB_Host_Library/Class/HID/Src/usbh_hid_keybd.o
 .rodata.imp_0_rgui
                0x080108dc       0x20 ./Middlewares/ST/STM32_USB_Host_Library/Class/HID/Src/usbh_hid_keybd.o
 .rodata.imp_0_key_array
                0x080108fc       0x20 ./Middlewares/ST/STM32_USB_Host_Library/Class/HID/Src/usbh_hid_keybd.o
 .rodata.HID_KEYBRD_Key
                0x0801091c       0x82 ./Middlewares/ST/STM32_USB_Host_Library/Class/HID/Src/usbh_hid_keybd.o
 *fill*         0x0801099e        0x2 
 .rodata.HID_KEYBRD_ShiftKey
                0x080109a0       0x82 ./Middlewares/ST/STM32_USB_Host_Library/Class/HID/Src/usbh_hid_keybd.o
 *fill*         0x08010a22        0x2 
 .rodata.HID_KEYBRD_Codes
                0x08010a24       0xe8 ./Middlewares/ST/STM32_USB_Host_Library/Class/HID/Src/usbh_hid_keybd.o
 .rodata._svfprintf_r.str1.1
                0x08010b0c       0x11 C:/ST/STM32CubeIDE_1.17.0/STM32CubeIDE/plugins/com.st.stm32cube.ide.mcu.externaltools.gnu-tools-for-stm32.12.3.rel1.win32_1.1.0.202410251130/tools/bin/../lib/gcc/arm-none-eabi/12.3.1/../../../../arm-none-eabi/lib/thumb/v7e-m+fp/hard\libc_nano.a(libc_a-nano-svfprintf.o)
 .rodata._vfprintf_r.str1.1
                0x08010b1d       0x11 C:/ST/STM32CubeIDE_1.17.0/STM32CubeIDE/plugins/com.st.stm32cube.ide.mcu.externaltools.gnu-tools-for-stm32.12.3.rel1.win32_1.1.0.202410251130/tools/bin/../lib/gcc/arm-none-eabi/12.3.1/../../../../arm-none-eabi/lib/thumb/v7e-m+fp/hard\libc_nano.a(libc_a-nano-vfprintf.o)
 .rodata._printf_i.str1.1
                0x08010b1d       0x22 C:/ST/STM32CubeIDE_1.17.0/STM32CubeIDE/plugins/com.st.stm32cube.ide.mcu.externaltools.gnu-tools-for-stm32.12.3.rel1.win32_1.1.0.202410251130/tools/bin/../lib/gcc/arm-none-eabi/12.3.1/../../../../arm-none-eabi/lib/thumb/v7e-m+fp/hard\libc_nano.a(libc_a-nano-vfprintf_i.o)
                0x08010b40                        . = ALIGN (0x4)
 *fill*         0x08010b3f        0x1 

.ARM.extab      0x08010b40        0x0
                0x08010b40                        . = ALIGN (0x4)
 *(.ARM.extab* .gnu.linkonce.armextab.*)
                0x08010b40                        . = ALIGN (0x4)

.ARM            0x08010b40        0x8
                0x08010b40                        . = ALIGN (0x4)
                0x08010b40                        __exidx_start = .
 *(.ARM.exidx*)
 .ARM.exidx     0x08010b40        0x8 C:/ST/STM32CubeIDE_1.17.0/STM32CubeIDE/plugins/com.st.stm32cube.ide.mcu.externaltools.gnu-tools-for-stm32.12.3.rel1.win32_1.1.0.202410251130/tools/bin/../lib/gcc/arm-none-eabi/12.3.1/../../../../arm-none-eabi/lib/thumb/v7e-m+fp/hard\libc_nano.a(libc_a-strlen.o)
 .ARM.exidx     0x08010b48        0x0 C:/ST/STM32CubeIDE_1.17.0/STM32CubeIDE/plugins/com.st.stm32cube.ide.mcu.externaltools.gnu-tools-for-stm32.12.3.rel1.win32_1.1.0.202410251130/tools/bin/../lib/gcc/arm-none-eabi/12.3.1/../../../../arm-none-eabi/lib/thumb/v7e-m+fp/hard\libc_nano.a(libc_a-memchr.o)
                                  0x8 (size before relaxing)
 .ARM.exidx     0x08010b48        0x0 C:/ST/STM32CubeIDE_1.17.0/STM32CubeIDE/plugins/com.st.stm32cube.ide.mcu.externaltools.gnu-tools-for-stm32.12.3.rel1.win32_1.1.0.202410251130/tools/bin/../lib/gcc/arm-none-eabi/12.3.1/thumb/v7e-m+fp/hard\libgcc.a(_udivmoddi4.o)
                                  0x8 (size before relaxing)
                0x08010b48                        __exidx_end = .
                0x08010b48                        . = ALIGN (0x4)

.preinit_array  0x08010b48        0x0
                0x08010b48                        . = ALIGN (0x4)
                0x08010b48                        PROVIDE (__preinit_array_start = .)
 *(.preinit_array*)
                0x08010b48                        PROVIDE (__preinit_array_end = .)
                0x08010b48                        . = ALIGN (0x4)

.init_array     0x08010b48        0x4
                0x08010b48                        . = ALIGN (0x4)
                0x08010b48                        PROVIDE (__init_array_start = .)
 *(SORT_BY_NAME(.init_array.*))
 *(.init_array*)
 .init_array    0x08010b48        0x4 C:/ST/STM32CubeIDE_1.17.0/STM32CubeIDE/plugins/com.st.stm32cube.ide.mcu.externaltools.gnu-tools-for-stm32.12.3.rel1.win32_1.1.0.202410251130/tools/bin/../lib/gcc/arm-none-eabi/12.3.1/thumb/v7e-m+fp/hard/crtbegin.o
                0x08010b4c                        PROVIDE (__init_array_end = .)
                0x08010b4c                        . = ALIGN (0x4)

.fini_array     0x08010b4c        0x4
                0x08010b4c                        . = ALIGN (0x4)
                [!provide]                        PROVIDE (__fini_array_start = .)
 *(SORT_BY_NAME(.fini_array.*))
 *(.fini_array*)
 .fini_array    0x08010b4c        0x4 C:/ST/STM32CubeIDE_1.17.0/STM32CubeIDE/plugins/com.st.stm32cube.ide.mcu.externaltools.gnu-tools-for-stm32.12.3.rel1.win32_1.1.0.202410251130/tools/bin/../lib/gcc/arm-none-eabi/12.3.1/thumb/v7e-m+fp/hard/crtbegin.o
                [!provide]                        PROVIDE (__fini_array_end = .)
                0x08010b50                        . = ALIGN (0x4)
                0x08010b50                        _sidata = LOADADDR (.data)

.rel.dyn        0x08010b50        0x0
 .rel.iplt      0x08010b50        0x0 C:/ST/STM32CubeIDE_1.17.0/STM32CubeIDE/plugins/com.st.stm32cube.ide.mcu.externaltools.gnu-tools-for-stm32.12.3.rel1.win32_1.1.0.202410251130/tools/bin/../lib/gcc/arm-none-eabi/12.3.1/thumb/v7e-m+fp/hard/crtbegin.o

.data           0x20000000      0x298 load address 0x08010b50
                0x20000000                        . = ALIGN (0x4)
                0x20000000                        _sdata = .
 *(.data)
 *(.data*)
 .data.Font12   0x20000000        0x8 ./Core/Src/font12.o
                0x20000000                Font12
 .data.Font16   0x20000008        0x8 ./Core/Src/font16.o
                0x20000008                Font16
 .data.Font20   0x20000010        0x8 ./Core/Src/font20.o
                0x20000010                Font20
 .data.lcdProperties
                0x20000018        0x8 ./Core/Src/ili9341.o
 .data.lcdFont  0x20000020       0x10 ./Core/Src/ili9341.o
 .data.buttons  0x20000030       0x7e ./Core/Src/main.o
                0x20000030                buttons
 *fill*         0x200000ae        0x2 
 .data.queueButton
                0x200000b0       0x2a ./Core/Src/main.o
                0x200000b0                queueButton
 *fill*         0x200000da        0x2 
 .data.runButton
                0x200000dc       0x2a ./Core/Src/main.o
                0x200000dc                runButton
 *fill*         0x20000106        0x2 
 .data.confirmButton
                0x20000108       0x2a ./Core/Src/main.o
                0x20000108                confirmButton
 *fill*         0x20000132        0x2 
 .data.queueSelectButton
                0x20000134       0x2a ./Core/Src/main.o
                0x20000134                queueSelectButton
 *fill*         0x2000015e        0x2 
 .data.selectButton
                0x20000160       0x2a ./Core/Src/main.o
                0x20000160                selectButton
 *fill*         0x2000018a        0x2 
 .data.deleteButton
                0x2000018c       0x2a ./Core/Src/main.o
                0x2000018c                deleteButton
 *fill*         0x200001b6        0x2 
 .data.backButton
                0x200001b8       0x2a ./Core/Src/main.o
                0x200001b8                backButton
 *fill*         0x200001e2        0x2 
 .data.nextButton
                0x200001e4       0x2a ./Core/Src/main.o
                0x200001e4                nextButton
 .data.page_num
                0x2000020e        0x1 ./Core/Src/main.o
 .data.pageNum  0x2000020f        0x1 ./Core/Src/main.o
 .data.SystemCoreClock
                0x20000210        0x4 ./Core/Src/system_stm32f4xx.o
                0x20000210                SystemCoreClock
 .data.uwTickPrio
                0x20000214        0x4 ./Drivers/STM32F4xx_HAL_Driver/Src/stm32f4xx_hal.o
                0x20000214                uwTickPrio
 .data.uwTickFreq
                0x20000218        0x1 ./Drivers/STM32F4xx_HAL_Driver/Src/stm32f4xx_hal.o
                0x20000218                uwTickFreq
 *fill*         0x20000219        0x3 
 .data.HID_Class
                0x2000021c       0x20 ./Middlewares/ST/STM32_USB_Host_Library/Class/HID/Src/usbh_hid.o
                0x2000021c                HID_Class
 .data.__sglue  0x2000023c        0xc C:/ST/STM32CubeIDE_1.17.0/STM32CubeIDE/plugins/com.st.stm32cube.ide.mcu.externaltools.gnu-tools-for-stm32.12.3.rel1.win32_1.1.0.202410251130/tools/bin/../lib/gcc/arm-none-eabi/12.3.1/../../../../arm-none-eabi/lib/thumb/v7e-m+fp/hard\libc_nano.a(libc_a-findfp.o)
                0x2000023c                __sglue
 .data._impure_ptr
                0x20000248        0x4 C:/ST/STM32CubeIDE_1.17.0/STM32CubeIDE/plugins/com.st.stm32cube.ide.mcu.externaltools.gnu-tools-for-stm32.12.3.rel1.win32_1.1.0.202410251130/tools/bin/../lib/gcc/arm-none-eabi/12.3.1/../../../../arm-none-eabi/lib/thumb/v7e-m+fp/hard\libc_nano.a(libc_a-impure.o)
                0x20000248                _impure_ptr
 .data._impure_data
                0x2000024c       0x4c C:/ST/STM32CubeIDE_1.17.0/STM32CubeIDE/plugins/com.st.stm32cube.ide.mcu.externaltools.gnu-tools-for-stm32.12.3.rel1.win32_1.1.0.202410251130/tools/bin/../lib/gcc/arm-none-eabi/12.3.1/../../../../arm-none-eabi/lib/thumb/v7e-m+fp/hard\libc_nano.a(libc_a-impure.o)
                0x2000024c                _impure_data
 *(.RamFunc)
 *(.RamFunc*)
                0x20000298                        . = ALIGN (0x4)
                0x20000298                        _edata = .
                0x08010de8                        _siccmram = LOADADDR (.ccmram)

.igot.plt       0x20000298        0x0 load address 0x08010de8
 .igot.plt      0x20000298        0x0 C:/ST/STM32CubeIDE_1.17.0/STM32CubeIDE/plugins/com.st.stm32cube.ide.mcu.externaltools.gnu-tools-for-stm32.12.3.rel1.win32_1.1.0.202410251130/tools/bin/../lib/gcc/arm-none-eabi/12.3.1/thumb/v7e-m+fp/hard/crtbegin.o

.ccmram         0x10000000        0x0 load address 0x08010de8
                0x10000000                        . = ALIGN (0x4)
                0x10000000                        _sccmram = .
 *(.ccmram)
 *(.ccmram*)
                0x10000000                        . = ALIGN (0x4)
                0x10000000                        _eccmram = .
                0x10000000                        . = ALIGN (0x4)

.bss            0x20000298    0x11ee8
                0x20000298                        _sbss = .
                0x20000298                        __bss_start__ = _sbss
 *(.bss)
 .bss           0x20000298       0x1c C:/ST/STM32CubeIDE_1.17.0/STM32CubeIDE/plugins/com.st.stm32cube.ide.mcu.externaltools.gnu-tools-for-stm32.12.3.rel1.win32_1.1.0.202410251130/tools/bin/../lib/gcc/arm-none-eabi/12.3.1/thumb/v7e-m+fp/hard/crtbegin.o
 *(.bss*)
 .bss.cursorXY  0x200002b4        0x4 ./Core/Src/ili9341.o
 .bss.lcdPortraitConfig
                0x200002b8        0x1 ./Core/Src/ili9341.o
 .bss.lcdLandscapeConfig
                0x200002b9        0x1 ./Core/Src/ili9341.o
 .bss.lcdPortraitMirrorConfig
                0x200002ba        0x1 ./Core/Src/ili9341.o
 .bss.lcdLandscapeMirrorConfig
                0x200002bb        0x1 ./Core/Src/ili9341.o
 .bss.buf.0     0x200002bc      0x100 ./Core/Src/ili9341.o
 .bss.hspi4     0x200003bc       0x58 ./Core/Src/main.o
                0x200003bc                hspi4
 .bss.htim3     0x20000414       0x48 ./Core/Src/main.o
                0x20000414                htim3
 .bss.huart2    0x2000045c       0x48 ./Core/Src/main.o
                0x2000045c                huart2
 .bss.hsram1    0x200004a4       0x50 ./Core/Src/main.o
                0x200004a4                hsram1
 .bss.currentPage
                0x200004f4        0x1 ./Core/Src/main.o
                0x200004f4                currentPage
 *fill*         0x200004f5        0x3 
 .bss.last_interrupt_time
                0x200004f8        0x4 ./Core/Src/main.o
                0x200004f8                last_interrupt_time
 .bss.touchFlag
                0x200004fc        0x1 ./Core/Src/main.o
 *fill*         0x200004fd        0x3 
 .bss.i         0x20000500        0x4 ./Core/Src/main.o
                0x20000500                i
 .bss.j         0x20000504        0x4 ./Core/Src/main.o
                0x20000504                j
 .bss.queueBuffer
                0x20000508     0xfa00 ./Core/Src/main.o
 .bss.queueSize
                0x2000ff08        0x1 ./Core/Src/main.o
 .bss.USB_BUSY  0x2000ff09        0x1 ./Core/Src/main.o
 *fill*         0x2000ff0a        0x2 
 .bss.qr_code_data
                0x2000ff0c     0x1900 ./Core/Src/main.o
                0x2000ff0c                qr_code_data
 .bss.Keyboard_Info
                0x2001180c        0x4 ./Core/Src/main.o
                0x2001180c                Keyboard_Info
 .bss.protocol_num.1
                0x20011810        0x1 ./Core/Src/main.o
 .bss.protocol_offset.0
                0x20011811        0x1 ./Core/Src/main.o
 *fill*         0x20011812        0x2 
 .bss.FMC_Initialized
                0x20011814        0x4 ./Core/Src/stm32f4xx_hal_msp.o
 .bss.__sbrk_heap_end
                0x20011818        0x4 ./Core/Src/sysmem.o
 .bss.uwTick    0x2001181c        0x4 ./Drivers/STM32F4xx_HAL_Driver/Src/stm32f4xx_hal.o
                0x2001181c                uwTick
 .bss.pFlash    0x20011820       0x20 ./Drivers/STM32F4xx_HAL_Driver/Src/stm32f4xx_hal_flash.o
                0x20011820                pFlash
 .bss.keybd_info
                0x20011840        0xf ./Middlewares/ST/STM32_USB_Host_Library/Class/HID/Src/usbh_hid_keybd.o
                0x20011840                keybd_info