../Core/Src/main.c:210:6:USBH_HID_EventCallback	32	static,ignoring_inline_asm
../Core/Src/main.c:266:5:main	8	static
../Core/Src/main.c:348:6:SystemClock_Config	88	static
../Core/Src/main.c:391:13:MX_CRC_Init	8	static
../Core/Src/main.c:415:13:MX_DMA2D_Init	8	static
../Core/Src/main.c:449:13:MX_I2C3_Init	8	static
../Core/Src/main.c:494:13:MX_LTDC_Init	64	static
../Core/Src/main.c:553:13:MX_SPI5_Init	8	static
../Core/Src/main.c:589:13:MX_TIM1_Init	32	static
../Core/Src/main.c:632:13:MX_TIM10_Init	8	static
../Core/Src/main.c:661:13:MX_USART1_UART_Init	8	static
../Core/Src/main.c:688:13:MX_FMC_Init	40	static
../Core/Src/main.c:737:13:MX_GPIO_Init	64	static
../Core/Src/main.c:826:6:output_protocol	24	static
../Core/Src/main.c:831:5:_write	24	static
../Core/Src/main.c:843:6:erase_sector	16	static
../Core/Src/main.c:858:6:write_to_flash	40	static
../Core/Src/main.c:877:9:read_from_flash	24	static
../Core/Src/main.c:909:9:storeProtocol	8744	static
../Core/Src/main.c:970:9:get_num_protocols_in_sector	32	static
../Core/Src/main.c:1009:9:getFreeSector	24	static
../Core/Src/main.c:1032:6:transmitProtocol	56	static
../Core/Src/main.c:1054:6:queueProtocol	56	static
../Core/Src/main.c:1070:6:transmitQueuedProtocols	56	static
../Core/Src/main.c:1083:6:write_number_to_flash	16	static
../Core/Src/main.c:1089:6:Touch_Init	8	static
../Core/Src/main.c:1103:6:DrawMainPage	168	static
../Core/Src/main.c:1190:6:DrawInfoPage	16	static
../Core/Src/main.c:1224:6:DrawQueuePage	64	static
../Core/Src/main.c:1264:6:DrawPageFinish	8	static
../Core/Src/main.c:1283:9:HandleTouch	40	static
../Core/Src/main.c:1465:10:get_sector_address	16	static
../Core/Src/main.c:1500:10:sector_mapping	16	static
../Core/Src/main.c:1544:6:HAL_TIM_PeriodElapsedCallback	16	static
../Core/Src/main.c:1573:6:Error_Handler	4	static,ignoring_inline_asm
