../Drivers/CMSIS/Include/core_cm4.h:2064:26:ITM_SendChar	16	static,ignoring_inline_asm
../Core/Src/main.c:191:5:_write	32	static
../Core/Src/main.c:225:6:USBH_HID_EventCallback	32	static,ignoring_inline_asm
../Core/Src/main.c:286:5:main	40	static
../Core/Src/main.c:417:6:SystemClock_Config	88	static
../Core/Src/main.c:463:13:MX_SPI4_Init	8	static
../Core/Src/main.c:501:13:MX_TIM2_Init	32	static
../Core/Src/main.c:546:13:MX_TIM3_Init	48	static
../Core/Src/main.c:595:13:MX_USART2_UART_Init	8	static
../Core/Src/main.c:624:13:MX_FMC_Init	40	static
../Core/Src/main.c:682:13:MX_GPIO_Init	56	static
../Core/Src/main.c:755:6:DrawMainPage	176	static
../Core/Src/main.c:839:6:DrawInfoPage	32	static
../Core/Src/main.c:878:6:DrawConfirmationPage	32	static
../Core/Src/main.c:907:6:DrawQueuePage	88	static
../Core/Src/main.c:958:6:DrawProgressPage	352	static
../Core/Src/main.c:1080:6:DrawCountdownTime	40	static
../Core/Src/main.c:1105:10:ConvertCharsToInt	24	static
../Core/Src/main.c:1110:6:DrawStopPage	24	static
../Core/Src/main.c:1131:6:DrawPageFinish	24	static
../Core/Src/main.c:1145:9:handleTouch	32	static
../Core/Src/main.c:1360:6:erase_sector	16	static
../Core/Src/main.c:1374:6:write_to_flash	40	static
../Core/Src/main.c:1393:9:read_from_flash	24	static
../Core/Src/main.c:1425:9:storeProtocol	19240	static
../Core/Src/main.c:1486:9:get_num_protocols_in_sector	32	static
../Core/Src/main.c:1502:9:getFreeSector	24	static
../Core/Src/main.c:1525:6:transmitProtocol	56	static
../Core/Src/main.c:1548:6:queueProtocol	64	static
../Core/Src/main.c:1568:6:transmitQueuedProtocols	32	static
../Core/Src/main.c:1596:6:deleteProtocol	19320	static
../Core/Src/main.c:1686:6:SendStopMotorsMessage	8	static
../Core/Src/main.c:1693:6:write_number_to_flash	16	static
../Core/Src/main.c:1698:10:get_sector_address	16	static
../Core/Src/main.c:1733:10:sector_mapping	16	static
../Core/Src/main.c:1769:6:HAL_GPIO_EXTI_Callback	24	static
../Core/Src/main.c:1796:6:HAL_TIM_PeriodElapsedCallback	16	static
../Core/Src/main.c:1819:6:Error_Handler	4	static,ignoring_inline_asm
