../Drivers/CMSIS/Include/core_cm4.h:2064:26:ITM_SendChar	16	static,ignoring_inline_asm
../Core/Src/main.c:188:5:_write	32	static
../Core/Src/main.c:219:6:USBH_HID_EventCallback	32	static,ignoring_inline_asm
../Core/Src/main.c:280:5:main	8	static
../Core/Src/main.c:395:6:SystemClock_Config	88	static
../Core/Src/main.c:441:13:MX_SPI4_Init	8	static
../Core/Src/main.c:479:13:MX_TIM3_Init	48	static
../Core/Src/main.c:528:13:MX_USART2_UART_Init	8	static
../Core/Src/main.c:557:13:MX_FMC_Init	40	static
../Core/Src/main.c:615:13:MX_GPIO_Init	56	static
../Core/Src/main.c:688:6:DrawMainPage	176	static
../Core/Src/main.c:767:6:DrawInfoPage	32	static
../Core/Src/main.c:800:6:DrawConfirmationPage	32	static
../Core/Src/main.c:824:6:DrawQueuePage	88	static
../Core/Src/main.c:868:6:DrawProgressPage	272	static
../Core/Src/main.c:958:6:DrawStopPage	24	static
../Core/Src/main.c:979:6:DrawPageFinish	24	static
../Core/Src/main.c:993:9:handleTouch	32	static
../Core/Src/main.c:1196:6:erase_sector	16	static
../Core/Src/main.c:1210:6:write_to_flash	40	static
../Core/Src/main.c:1229:9:read_from_flash	24	static
../Core/Src/main.c:1261:9:storeProtocol	19240	static
../Core/Src/main.c:1322:9:get_num_protocols_in_sector	32	static
../Core/Src/main.c:1338:9:getFreeSector	24	static
../Core/Src/main.c:1361:6:transmitProtocol	56	static
../Core/Src/main.c:1384:6:queueProtocol	64	static
../Core/Src/main.c:1404:6:transmitQueuedProtocols	32	static
../Core/Src/main.c:1432:6:deleteProtocol	19320	static
../Core/Src/main.c:1522:6:SendStopMotorsMessage	8	static
../Core/Src/main.c:1529:6:write_number_to_flash	16	static
../Core/Src/main.c:1534:10:get_sector_address	16	static
../Core/Src/main.c:1569:10:sector_mapping	16	static
../Core/Src/main.c:1605:6:HAL_GPIO_EXTI_Callback	24	static
../Core/Src/main.c:1637:6:Error_Handler	4	static,ignoring_inline_asm
