../Core/Src/stm32f4xx_hal_msp.c:65:6:HAL_MspInit	16	static
../Core/Src/stm32f4xx_hal_msp.c:88:6:HAL_SPI_MspInit	48	static
../Core/Src/stm32f4xx_hal_msp.c:127:6:HAL_SPI_MspDeInit	16	static
../Core/Src/stm32f4xx_hal_msp.c:158:6:HAL_TIM_PWM_MspInit	24	static
../Core/Src/stm32f4xx_hal_msp.c:175:6:HAL_TIM_MspPostInit	40	static
../Core/Src/stm32f4xx_hal_msp.c:207:6:HAL_TIM_PWM_MspDeInit	16	static
../Core/Src/stm32f4xx_hal_msp.c:229:6:HAL_UART_MspInit	48	static
../Core/Src/stm32f4xx_hal_msp.c:269:6:HAL_UART_MspDeInit	16	static
../Core/Src/stm32f4xx_hal_msp.c:296:13:HAL_FMC_MspInit	32	static
../Core/Src/stm32f4xx_hal_msp.c:354:6:HAL_SRAM_MspInit	16	static
../Core/Src/stm32f4xx_hal_msp.c:366:13:HAL_FMC_MspDeInit	8	static
../Core/Src/stm32f4xx_hal_msp.c:412:6:HAL_SRAM_MspDeInit	16	static
