../Core/Src/stm32f4xx_hal_msp.c:65:6:HAL_MspInit	16	static
../Core/Src/stm32f4xx_hal_msp.c:88:6:HAL_SPI_MspInit	48	static
../Core/Src/stm32f4xx_hal_msp.c:127:6:HAL_SPI_MspDeInit	16	static
../Core/Src/stm32f4xx_hal_msp.c:158:6:HAL_TIM_Base_MspInit	24	static
../Core/Src/stm32f4xx_hal_msp.c:184:6:HAL_TIM_PWM_MspInit	24	static
../Core/Src/stm32f4xx_hal_msp.c:201:6:HAL_TIM_MspPostInit	40	static
../Core/Src/stm32f4xx_hal_msp.c:233:6:HAL_TIM_Base_MspDeInit	16	static
../Core/Src/stm32f4xx_hal_msp.c:258:6:HAL_TIM_PWM_MspDeInit	16	static
../Core/Src/stm32f4xx_hal_msp.c:280:6:HAL_UART_MspInit	48	static
../Core/Src/stm32f4xx_hal_msp.c:320:6:HAL_UART_MspDeInit	16	static
../Core/Src/stm32f4xx_hal_msp.c:347:13:HAL_FMC_MspInit	32	static
../Core/Src/stm32f4xx_hal_msp.c:405:6:HAL_SRAM_MspInit	16	static
../Core/Src/stm32f4xx_hal_msp.c:417:13:HAL_FMC_MspDeInit	8	static
../Core/Src/stm32f4xx_hal_msp.c:463:6:HAL_SRAM_MspDeInit	16	static
