../Drivers/CMSIS/Include/core_cm4.h:2064:26:ITM_SendChar	16	static,ignoring_inline_asm
../Core/Src/main.c:195:5:_write	32	static
../Core/Src/main.c:229:6:USBH_HID_EventCallback	32	static,ignoring_inline_asm
../Core/Src/main.c:290:5:main	40	static
../Core/Src/main.c:437:6:SystemClock_Config	88	static
../Core/Src/main.c:483:13:MX_SPI4_Init	8	static
../Core/Src/main.c:521:13:MX_TIM2_Init	32	static
../Core/Src/main.c:566:13:MX_TIM3_Init	48	static
../Core/Src/main.c:615:13:MX_USART2_UART_Init	8	static
../Core/Src/main.c:644:13:MX_FMC_Init	40	static
../Core/Src/main.c:702:13:MX_GPIO_Init	56	static
../Core/Src/main.c:770:6:DrawMainPage	176	static
../Core/Src/main.c:854:6:DrawInfoPage	32	static
../Core/Src/main.c:900:6:DrawConfirmationPage	32	static
../Core/Src/main.c:929:6:DrawQueuePage	88	static
../Core/Src/main.c:982:6:DrawProgressPage	352	static
../Core/Src/main.c:1109:6:DrawCountdownTime	40	static
../Core/Src/main.c:1136:10:ConvertCharsToInt	24	static
../Core/Src/main.c:1148:6:DrawProtocolInfoPage	56	static
../Core/Src/main.c:1269:6:DrawStopPage	24	static
../Core/Src/main.c:1290:6:DrawPageFinish	24	static
../Core/Src/main.c:1304:9:handleTouch	32	static
../Core/Src/main.c:1544:6:erase_sector	16	static
../Core/Src/main.c:1558:6:write_to_flash	40	static
../Core/Src/main.c:1577:9:read_from_flash	24	static
../Core/Src/main.c:1609:9:storeProtocol	19240	static
../Core/Src/main.c:1670:9:get_num_protocols_in_sector	32	static
../Core/Src/main.c:1686:9:getFreeSector	24	static
../Core/Src/main.c:1709:6:transmitProtocol	56	static
../Core/Src/main.c:1732:6:queueProtocol	64	static
../Core/Src/main.c:1752:6:transmitQueuedProtocols	32	static
../Core/Src/main.c:1780:6:deleteProtocol	19320	static
../Core/Src/main.c:1870:6:SendStopMotorsMessage	8	static
../Core/Src/main.c:1877:6:write_number_to_flash	16	static
../Core/Src/main.c:1882:10:get_sector_address	16	static
../Core/Src/main.c:1917:10:sector_mapping	16	static
../Core/Src/main.c:1953:6:HAL_GPIO_EXTI_Callback	24	static
../Core/Src/main.c:1977:6:HAL_TIM_PeriodElapsedCallback	16	static
../Core/Src/main.c:1998:6:Error_Handler	4	static,ignoring_inline_asm
