../Core/Src/stm32f4xx_hal_msp.c:65:6:HAL_MspInit	16	static
../Core/Src/stm32f4xx_hal_msp.c:88:6:HAL_SPI_MspInit	48	static
../Core/Src/stm32f4xx_hal_msp.c:127:6:HAL_SPI_MspDeInit	16	static
../Core/Src/stm32f4xx_hal_msp.c:158:6:HAL_TIM_Base_MspInit	24	static
../Core/Src/stm32f4xx_hal_msp.c:181:6:HAL_TIM_PWM_MspInit	24	static
../Core/Src/stm32f4xx_hal_msp.c:198:6:HAL_TIM_MspPostInit	40	static
../Core/Src/stm32f4xx_hal_msp.c:230:6:HAL_TIM_Base_MspDeInit	16	static
../Core/Src/stm32f4xx_hal_msp.c:252:6:HAL_TIM_PWM_MspDeInit	16	static
../Core/Src/stm32f4xx_hal_msp.c:274:6:HAL_UART_MspInit	48	static
../Core/Src/stm32f4xx_hal_msp.c:314:6:HAL_UART_MspDeInit	16	static
../Core/Src/stm32f4xx_hal_msp.c:341:13:HAL_FMC_MspInit	32	static
../Core/Src/stm32f4xx_hal_msp.c:399:6:HAL_SRAM_MspInit	16	static
../Core/Src/stm32f4xx_hal_msp.c:411:13:HAL_FMC_MspDeInit	8	static
../Core/Src/stm32f4xx_hal_msp.c:457:6:HAL_SRAM_MspDeInit	16	static
