../Drivers/CMSIS/Include/core_cm4.h:2064:26:ITM_SendChar	16	static,ignoring_inline_asm
../Core/Src/main.c:176:5:_write	32	static
../Core/Src/main.c:199:6:USBH_HID_EventCallback	32	static,ignoring_inline_asm
../Core/Src/main.c:258:5:main	8	static
../Core/Src/main.c:336:6:SystemClock_Config	88	static
../Core/Src/main.c:382:13:MX_SPI4_Init	8	static
../Core/Src/main.c:420:13:MX_TIM3_Init	48	static
../Core/Src/main.c:469:13:MX_USART2_UART_Init	8	static
../Core/Src/main.c:498:13:MX_FMC_Init	40	static
../Core/Src/main.c:556:13:MX_GPIO_Init	56	static
../Core/Src/main.c:629:6:DrawMainPage	176	static
../Core/Src/main.c:711:6:DrawInfoPage	32	static
../Core/Src/main.c:744:6:DrawConfirmationPage	32	static
../Core/Src/main.c:768:6:DrawQueuePage	88	static
../Core/Src/main.c:812:6:DrawPageFinish	24	static
../Core/Src/main.c:826:9:handleTouch	24	static
../Core/Src/main.c:990:6:erase_sector	16	static
../Core/Src/main.c:1004:6:write_to_flash	40	static
../Core/Src/main.c:1023:9:read_from_flash	24	static
../Core/Src/main.c:1055:9:storeProtocol	19240	static
../Core/Src/main.c:1116:9:get_num_protocols_in_sector	32	static
../Core/Src/main.c:1132:9:getFreeSector	24	static
../Core/Src/main.c:1155:6:transmitProtocol	56	static
../Core/Src/main.c:1178:6:queueProtocol	56	static
../Core/Src/main.c:1194:6:transmitQueuedProtocols	24	static
../Core/Src/main.c:1210:6:deleteProtocol	19304	static
../Core/Src/main.c:1253:6:write_number_to_flash	16	static
../Core/Src/main.c:1258:10:get_sector_address	16	static
../Core/Src/main.c:1293:10:sector_mapping	16	static
../Core/Src/main.c:1329:6:HAL_GPIO_EXTI_Callback	24	static
../Core/Src/main.c:1361:6:Error_Handler	4	static,ignoring_inline_asm
