../Drivers/CMSIS/Include/core_cm4.h:2064:26:ITM_SendChar	16	static,ignoring_inline_asm
../Core/Src/main.c:88:5:_write	32	static
../Core/Src/main.c:105:5:main	8	static
../Core/Src/main.c:183:6:SystemClock_Config	88	static
../Core/Src/main.c:226:13:MX_SPI4_Init	8	static
../Core/Src/main.c:262:13:MX_TIM3_Init	48	static
../Core/Src/main.c:305:13:MX_FMC_Init	40	static
../Core/Src/main.c:361:13:MX_GPIO_Init	56	static
../Core/Src/main.c:423:6:DrawMainPage	72	static
../Core/Src/main.c:510:9:handleTouch	16	static
../Core/Src/main.c:535:6:HAL_GPIO_EXTI_Callback	16	static
../Core/Src/main.c:549:6:Error_Handler	4	static,ignoring_inline_asm
