Archive member included to satisfy reference by file (symbol)

C:/ST/STM32CubeIDE_1.17.0/STM32CubeIDE/plugins/com.st.stm32cube.ide.mcu.externaltools.gnu-tools-for-stm32.12.3.rel1.win32_1.1.0.202410251130/tools/bin/../lib/gcc/arm-none-eabi/12.3.1/../../../../arm-none-eabi/lib/thumb/v7e-m+fp/hard\libc_nano.a(libc_a-atoi.o)
                              ./Core/Src/main.o (atoi)
C:/ST/STM32CubeIDE_1.17.0/STM32CubeIDE/plugins/com.st.stm32cube.ide.mcu.externaltools.gnu-tools-for-stm32.12.3.rel1.win32_1.1.0.202410251130/tools/bin/../lib/gcc/arm-none-eabi/12.3.1/../../../../arm-none-eabi/lib/thumb/v7e-m+fp/hard\libc_nano.a(libc_a-exit.o)
                              C:/ST/STM32CubeIDE_1.17.0/STM32CubeIDE/plugins/com.st.stm32cube.ide.mcu.externaltools.gnu-tools-for-stm32.12.3.rel1.win32_1.1.0.202410251130/tools/bin/../lib/gcc/arm-none-eabi/12.3.1/../../../../arm-none-eabi/lib/thumb/v7e-m+fp/hard/crt0.o (exit)
C:/ST/STM32CubeIDE_1.17.0/STM32CubeIDE/plugins/com.st.stm32cube.ide.mcu.externaltools.gnu-tools-for-stm32.12.3.rel1.win32_1.1.0.202410251130/tools/bin/../lib/gcc/arm-none-eabi/12.3.1/../../../../arm-none-eabi/lib/thumb/v7e-m+fp/hard\libc_nano.a(libc_a-malloc.o)
                              ./Middlewares/ST/STM32_USB_Host_Library/Class/HID/Src/usbh_hid.o (malloc)
C:/ST/STM32CubeIDE_1.17.0/STM32CubeIDE/plugins/com.st.stm32cube.ide.mcu.externaltools.gnu-tools-for-stm32.12.3.rel1.win32_1.1.0.202410251130/tools/bin/../lib/gcc/arm-none-eabi/12.3.1/../../../../arm-none-eabi/lib/thumb/v7e-m+fp/hard\libc_nano.a(libc_a-mallocr.o)
                              C:/ST/STM32CubeIDE_1.17.0/STM32CubeIDE/plugins/com.st.stm32cube.ide.mcu.externaltools.gnu-tools-for-stm32.12.3.rel1.win32_1.1.0.202410251130/tools/bin/../lib/gcc/arm-none-eabi/12.3.1/../../../../arm-none-eabi/lib/thumb/v7e-m+fp/hard\libc_nano.a(libc_a-malloc.o) (_malloc_r)
C:/ST/STM32CubeIDE_1.17.0/STM32CubeIDE/plugins/com.st.stm32cube.ide.mcu.externaltools.gnu-tools-for-stm32.12.3.rel1.win32_1.1.0.202410251130/tools/bin/../lib/gcc/arm-none-eabi/12.3.1/../../../../arm-none-eabi/lib/thumb/v7e-m+fp/hard\libc_nano.a(libc_a-mlock.o)
                              C:/ST/STM32CubeIDE_1.17.0/STM32CubeIDE/plugins/com.st.stm32cube.ide.mcu.externaltools.gnu-tools-for-stm32.12.3.rel1.win32_1.1.0.202410251130/tools/bin/../lib/gcc/arm-none-eabi/12.3.1/../../../../arm-none-eabi/lib/thumb/v7e-m+fp/hard\libc_nano.a(libc_a-mallocr.o) (__malloc_lock)
C:/ST/STM32CubeIDE_1.17.0/STM32CubeIDE/plugins/com.st.stm32cube.ide.mcu.externaltools.gnu-tools-for-stm32.12.3.rel1.win32_1.1.0.202410251130/tools/bin/../lib/gcc/arm-none-eabi/12.3.1/../../../../arm-none-eabi/lib/thumb/v7e-m+fp/hard\libc_nano.a(libc_a-strtol.o)
                              C:/ST/STM32CubeIDE_1.17.0/STM32CubeIDE/plugins/com.st.stm32cube.ide.mcu.externaltools.gnu-tools-for-stm32.12.3.rel1.win32_1.1.0.202410251130/tools/bin/../lib/gcc/arm-none-eabi/12.3.1/../../../../arm-none-eabi/lib/thumb/v7e-m+fp/hard\libc_nano.a(libc_a-atoi.o) (_strtol_r)
C:/ST/STM32CubeIDE_1.17.0/STM32CubeIDE/plugins/com.st.stm32cube.ide.mcu.externaltools.gnu-tools-for-stm32.12.3.rel1.win32_1.1.0.202410251130/tools/bin/../lib/gcc/arm-none-eabi/12.3.1/../../../../arm-none-eabi/lib/thumb/v7e-m+fp/hard\libc_nano.a(libc_a-ctype_.o)
                              C:/ST/STM32CubeIDE_1.17.0/STM32CubeIDE/plugins/com.st.stm32cube.ide.mcu.externaltools.gnu-tools-for-stm32.12.3.rel1.win32_1.1.0.202410251130/tools/bin/../lib/gcc/arm-none-eabi/12.3.1/../../../../arm-none-eabi/lib/thumb/v7e-m+fp/hard\libc_nano.a(libc_a-strtol.o) (_ctype_)
C:/ST/STM32CubeIDE_1.17.0/STM32CubeIDE/plugins/com.st.stm32cube.ide.mcu.externaltools.gnu-tools-for-stm32.12.3.rel1.win32_1.1.0.202410251130/tools/bin/../lib/gcc/arm-none-eabi/12.3.1/../../../../arm-none-eabi/lib/thumb/v7e-m+fp/hard\libc_nano.a(libc_a-findfp.o)
                              C:/ST/STM32CubeIDE_1.17.0/STM32CubeIDE/plugins/com.st.stm32cube.ide.mcu.externaltools.gnu-tools-for-stm32.12.3.rel1.win32_1.1.0.202410251130/tools/bin/../lib/gcc/arm-none-eabi/12.3.1/../../../../arm-none-eabi/lib/thumb/v7e-m+fp/hard\libc_nano.a(libc_a-exit.o) (__stdio_exit_handler)
C:/ST/STM32CubeIDE_1.17.0/STM32CubeIDE/plugins/com.st.stm32cube.ide.mcu.externaltools.gnu-tools-for-stm32.12.3.rel1.win32_1.1.0.202410251130/tools/bin/../lib/gcc/arm-none-eabi/12.3.1/../../../../arm-none-eabi/lib/thumb/v7e-m+fp/hard\libc_nano.a(libc_a-fwalk.o)
                              C:/ST/STM32CubeIDE_1.17.0/STM32CubeIDE/plugins/com.st.stm32cube.ide.mcu.externaltools.gnu-tools-for-stm32.12.3.rel1.win32_1.1.0.202410251130/tools/bin/../lib/gcc/arm-none-eabi/12.3.1/../../../../arm-none-eabi/lib/thumb/v7e-m+fp/hard\libc_nano.a(libc_a-findfp.o) (_fwalk_sglue)
C:/ST/STM32CubeIDE_1.17.0/STM32CubeIDE/plugins/com.st.stm32cube.ide.mcu.externaltools.gnu-tools-for-stm32.12.3.rel1.win32_1.1.0.202410251130/tools/bin/../lib/gcc/arm-none-eabi/12.3.1/../../../../arm-none-eabi/lib/thumb/v7e-m+fp/hard\libc_nano.a(libc_a-printf.o)
[...]
Memory Configuration

Name             Origin             Length             Attributes
CCMRAM           0x10000000         0x00010000         xrw
RAM              0x20000000         0x00030000         xrw
FLASH            0x08000000         0x00200000         xr
*default*        0x00000000         0xffffffff

Linker script and memory map

LOAD C:/ST/STM32CubeIDE_1.17.0/STM32CubeIDE/plugins/com.st.stm32cube.ide.mcu.externaltools.gnu-tools-for-stm32.12.3.rel1.win32_1.1.0.202410251130/tools/bin/../lib/gcc/arm-none-eabi/12.3.1/thumb/v7e-m+fp/hard/crti.o
LOAD C:/ST/STM32CubeIDE_1.17.0/STM32CubeIDE/plugins/com.st.stm32cube.ide.mcu.externaltools.gnu-tools-for-stm32.12.3.rel1.win32_1.1.0.202410251130/tools/bin/../lib/gcc/arm-none-eabi/12.3.1/thumb/v7e-m+fp/hard/crtbegin.o
LOAD C:/ST/STM32CubeIDE_1.17.0/STM32CubeIDE/plugins/com.st.stm32cube.ide.mcu.externaltools.gnu-tools-for-stm32.12.3.rel1.win32_1.1.0.202410251130/tools/bin/../lib/gcc/arm-none-eabi/12.3.1/../../../../arm-none-eabi/lib/thumb/v7e-m+fp/hard/crt0.o
LOAD ./Core/Src/STLogo.o
LOAD ./Core/Src/XPT2046_touch.o
LOAD ./Core/Src/font12.o
LOAD ./Core/Src/font16.o
LOAD ./Core/Src/font20.o
LOAD ./Core/Src/font24.o
LOAD ./Core/Src/font8.o
LOAD ./Core/Src/ili9341.o
LOAD ./Core/Src/main.o
LOAD ./Core/Src/stm32f4xx_hal_msp.o
LOAD ./Core/Src/stm32f4xx_it.o
LOAD ./Core/Src/syscalls.o
LOAD ./Core/Src/sysmem.o
LOAD ./Core/Src/system_stm32f4xx.o
LOAD ./Core/Startup/startup_stm32f429vitx.o
LOAD ./Drivers/STM32F4xx_HAL_Driver/Src/stm32f4xx_hal.o
LOAD ./Drivers/STM32F4xx_HAL_Driver/Src/stm32f4xx_hal_cortex.o
LOAD ./Drivers/STM32F4xx_HAL_Driver/Src/stm32f4xx_hal_dma.o
LOAD ./Drivers/STM32F4xx_HAL_Driver/Src/stm32f4xx_hal_dma_ex.o
LOAD ./Drivers/STM32F4xx_HAL_Driver/Src/stm32f4xx_hal_exti.o
LOAD ./Drivers/STM32F4xx_HAL_Driver/Src/stm32f4xx_hal_flash.o
LOAD ./Drivers/STM32F4xx_HAL_Driver/Src/stm32f4xx_hal_flash_ex.o
LOAD ./Drivers/STM32F4xx_HAL_Driver/Src/stm32f4xx_hal_flash_ramfunc.o
LOAD ./Drivers/STM32F4xx_HAL_Driver/Src/stm32f4xx_hal_gpio.o
LOAD ./Drivers/STM32F4xx_HAL_Driver/Src/stm32f4xx_hal_hcd.o
LOAD ./Drivers/STM32F4xx_HAL_Driver/Src/stm32f4xx_hal_nand.o
LOAD ./Drivers/STM32F4xx_HAL_Driver/Src/stm32f4xx_hal_nor.o
LOAD ./Drivers/STM32F4xx_HAL_Driver/Src/stm32f4xx_hal_pccard.o
LOAD ./Drivers/STM32F4xx_HAL_Driver/Src/stm32f4xx_hal_pwr.o
LOAD ./Drivers/STM32F4xx_HAL_Driver/Src/stm32f4xx_hal_pwr_ex.o
LOAD ./Drivers/STM32F4xx_HAL_Driver/Src/stm32f4xx_hal_rcc.o
LOAD ./Drivers/STM32F4xx_HAL_Driver/Src/stm32f4xx_hal_rcc_ex.o
LOAD ./Drivers/STM32F4xx_HAL_Driver/Src/stm32f4xx_hal_sdram.o
LOAD ./Drivers/STM32F4xx_HAL_Driver/Src/stm32f4xx_hal_spi.o
LOAD ./Drivers/STM32F4xx_HAL_Driver/Src/stm32f4xx_hal_sram.o
LOAD ./Drivers/STM32F4xx_HAL_Driver/Src/stm32f4xx_hal_tim.o
LOAD ./Drivers/STM32F4xx_HAL_Driver/Src/stm32f4xx_hal_tim_ex.o
LOAD ./Drivers/STM32F4xx_HAL_Driver/Src/stm32f4xx_hal_uart.o
LOAD ./Drivers/STM32F4xx_HAL_Driver/Src/stm32f4xx_ll_fmc.o
LOAD ./Drivers/STM32F4xx_HAL_Driver/Src/stm32f4xx_ll_usb.o
LOAD ./Middlewares/ST/STM32_USB_Host_Library/Class/HID/Src/usbh_hid.o
LOAD ./Middlewares/ST/STM32_USB_Host_Library/Class/HID/Src/usbh_hid_keybd.o
LOAD ./Middlewares/ST/STM32_USB_Host_Library/Class/HID/Src/usbh_hid_mouse.o
LOAD ./Middlewares/ST/STM32_USB_Host_Library/Class/HID/Src/usbh_hid_parser.o
LOAD ./Middlewares/ST/STM32_USB_Host_Library/Core/Src/usbh_core.o
LOAD ./Middlewares/ST/STM32_USB_Host_Library/Core/Src/usbh_ctlreq.o
LOAD ./Middlewares/ST/STM32_USB_Host_Library/Core/Src/usbh_ioreq.o
LOAD ./Middlewares/ST/STM32_USB_Host_Library/Core/Src/usbh_pipes.o
LOAD ./USB_HOST/App/usb_host.o
LOAD ./USB_HOST/Target/usbh_conf.o
LOAD ./USB_HOST/Target/usbh_platform.o
START GROUP
LOAD C:/ST/STM32CubeIDE_1.17.0/STM32CubeIDE/plugins/com.st.stm32cube.ide.mcu.externaltools.gnu-tools-for-stm32.12.3.rel1.win32_1.1.0.202410251130/tools/bin/../lib/gcc/arm-none-eabi/12.3.1/../../../../arm-none-eabi/lib/thumb/v7e-m+fp/hard\libc_nano.a
LOAD C:/ST/STM32CubeIDE_1.17.0/STM32CubeIDE/plugins/com.st.stm32cube.ide.mcu.externaltools.gnu-tools-for-stm32.12.3.rel1.win32_1.1.0.202410251130/tools/bin/../lib/gcc/arm-none-eabi/12.3.1/../../../../arm-none-eabi/lib/thumb/v7e-m+fp/hard\libm.a
END GROUP
START GROUP
LOAD C:/ST/STM32CubeIDE_1.17.0/STM32CubeIDE/plugins/com.st.stm32cube.ide.mcu.externaltools.gnu-tools-for-stm32.12.3.rel1.win32_1.1.0.202410251130/tools/bin/../lib/gcc/arm-none-eabi/12.3.1/thumb/v7e-m+fp/hard\libgcc.a
LOAD C:/ST/STM32CubeIDE_1.17.0/STM32CubeIDE/plugins/com.st.stm32cube.ide.mcu.externaltools.gnu-tools-for-stm32.12.3.rel1.win32_1.1.0.202410251130/tools/bin/../lib/gcc/arm-none-eabi/12.3.1/../../../../arm-none-eabi/lib/thumb/v7e-m+fp/hard\libc_nano.a
END GROUP
START GROUP
LOAD C:/ST/STM32CubeIDE_1.17.0/STM32CubeIDE/plugins/com.st.stm32cube.ide.mcu.externaltools.gnu-tools-for-stm32.12.3.rel1.win32_1.1.0.202410251130/tools/bin/../lib/gcc/arm-none-eabi/12.3.1/thumb/v7e-m+fp/hard\libgcc.a
LOAD C:/ST/STM32CubeIDE_1.17.0/STM32CubeIDE/plugins/com.st.stm32cube.ide.mcu.externaltools.gnu-tools-for-stm32.12.3.rel1.win32_1.1.0.202410251130/tools/bin/../lib/gcc/arm-none-eabi/12.3.1/../../../../arm-none-eabi/lib/thumb/v7e-m+fp/hard\libc_nano.a
LOAD C:/ST/STM32CubeIDE_1.17.0/STM32CubeIDE/plugins/com.st.stm32cube.ide.mcu.externaltools.gnu-tools-for-stm32.12.3.rel1.win32_1.1.0.202410251130/tools/bin/../lib/gcc/arm-none-eabi/12.3.1/../../../../arm-none-eabi/lib/thumb/v7e-m+fp/hard\libnosys.a
END GROUP
START GROUP
LOAD C:/ST/STM32CubeIDE_1.17.0/STM32CubeIDE/plugins/com.st.stm32cube.ide.mcu.externaltools.gnu-tools-for-stm32.12.3.rel1.win32_1.1.0.202410251130/tools/bin/../lib/gcc/arm-none-eabi/12.3.1/thumb/v7e-m+fp/hard\libgcc.a
LOAD C:/ST/STM32CubeIDE_1.17.0/STM32CubeIDE/plugins/com.st.stm32cube.ide.mcu.externaltools.gnu-tools-for-stm32.12.3.rel1.win32_1.1.0.202410251130/tools/bin/../lib/gcc/arm-none-eabi/12.3.1/../../../../arm-none-eabi/lib/thumb/v7e-m+fp/hard\libc_nano.a
LOAD C:/ST/STM32CubeIDE_1.17.0/STM32CubeIDE/plugins/com.st.stm32cube.ide.mcu.externaltools.gnu-tools-for-stm32.12.3.rel1.win32_1.1.0.202410251130/tools/bin/../lib/gcc/arm-none-eabi/12.3.1/../../../../arm-none-eabi/lib/thumb/v7e-m+fp/hard\libnosys.a
END GROUP
LOAD C:/ST/STM32CubeIDE_1.17.0/STM32CubeIDE/plugins/com.st.stm32cube.ide.mcu.externaltools.gnu-tools-for-stm32.12.3.rel1.win32_1.1.0.202410251130/tools/bin/../lib/gcc/arm-none-eabi/12.3.1/thumb/v7e-m+fp/hard/crtend.o
LOAD C:/ST/STM32CubeIDE_1.17.0/STM32CubeIDE/plugins/com.st.stm32cube.ide.mcu.externaltools.gnu-tools-for-stm32.12.3.rel1.win32_1.1.0.202410251130/tools/bin/../lib/gcc/arm-none-eabi/12.3.1/thumb/v7e-m+fp/hard/crtn.o
                0x20030000                        _estack = (ORIGIN (RAM) + LENGTH (RAM))
                0x00000200                        _Min_Heap_Size = 0x200
                0x00000400                        _Min_Stack_Size = 0x400

.isr_vector     0x08000000      0x1ac
                0x08000000                        . = ALIGN (0x4)
 *(.isr_vector)
 .isr_vector    0x08000000      0x1ac ./Core/Startup/startup_stm32f429vitx.o
                0x08000000                g_pfnVectors
                0x080001ac                        . = ALIGN (0x4)

.text           0x080001b0    0x100b8
                0x080001b0                        . = ALIGN (0x4)
 *(.text)
 .text          0x080001b0       0x40 C:/ST/STM32CubeIDE_1.17.0/STM32CubeIDE/plugins/com.st.stm32cube.ide.mcu.externaltools.gnu-tools-for-stm32.12.3.rel1.win32_1.1.0.202410251130/tools/bin/../lib/gcc/arm-none-eabi/12.3.1/thumb/v7e-m+fp/hard/crtbegin.o
 .text          0x080001f0       0x10 C:/ST/STM32CubeIDE_1.17.0/STM32CubeIDE/plugins/com.st.stm32cube.ide.mcu.externaltools.gnu-tools-for-stm32.12.3.rel1.win32_1.1.0.202410251130/tools/bin/../lib/gcc/arm-none-eabi/12.3.1/../../../../arm-none-eabi/lib/thumb/v7e-m+fp/hard\libc_nano.a(libc_a-strlen.o)
                0x080001f0                strlen
 .text          0x08000200       0xa0 C:/ST/STM32CubeIDE_1.17.0/STM32CubeIDE/plugins/com.st.stm32cube.ide.mcu.externaltools.gnu-tools-for-stm32.12.3.rel1.win32_1.1.0.202410251130/tools/bin/../lib/gcc/arm-none-eabi/12.3.1/../../../../arm-none-eabi/lib/thumb/v7e-m+fp/hard\libc_nano.a(libc_a-memchr.o)
                0x08000200                memchr
 .text          0x080002a0       0x30 C:/ST/STM32CubeIDE_1.17.0/STM32CubeIDE/plugins/com.st.stm32cube.ide.mcu.externaltools.gnu-tools-for-stm32.12.3.rel1.win32_1.1.0.202410251130/tools/bin/../lib/gcc/arm-none-eabi/12.3.1/thumb/v7e-m+fp/hard\libgcc.a(_aeabi_uldivmod.o)
                0x080002a0                __aeabi_uldivmod
 .text          0x080002d0      0x2bc C:/ST/STM32CubeIDE_1.17.0/STM32CubeIDE/plugins/com.st.stm32cube.ide.mcu.externaltools.gnu-tools-for-stm32.12.3.rel1.win32_1.1.0.202410251130/tools/bin/../lib/gcc/arm-none-eabi/12.3.1/thumb/v7e-m+fp/hard\libgcc.a(_udivmoddi4.o)
                0x080002d0                __udivmoddi4
 .text          0x0800058c        0x4 C:/ST/STM32CubeIDE_1.17.0/STM32CubeIDE/plugins/com.st.stm32cube.ide.mcu.externaltools.gnu-tools-for-stm32.12.3.rel1.win32_1.1.0.202410251130/tools/bin/../lib/gcc/arm-none-eabi/12.3.1/thumb/v7e-m+fp/hard\libgcc.a(_dvmd_tls.o)
                0x0800058c                __aeabi_idiv0
                0x0800058c                __aeabi_ldiv0
 *(.text*)
 .text.XPT2046_TouchSelect
                0x08000590       0x18 ./Core/Src/XPT2046_touch.o
 .text.XPT2046_TouchUnselect
                0x080005a8       0x18 ./Core/Src/XPT2046_touch.o
 .text.XPT2046_TouchPressed
                0x080005c0       0x20 ./Core/Src/XPT2046_touch.o
                0x080005c0                XPT2046_TouchPressed
 .text.XPT2046_TouchGetCoordinates
                0x080005e0      0x168 ./Core/Src/XPT2046_touch.o
                0x080005e0                XPT2046_TouchGetCoordinates
 .text.lcdInit  0x08000748      0x2e8 ./Core/Src/ili9341.o
                0x08000748                lcdInit
 .text.lcdFillRGB
                0x08000a30       0x54 ./Core/Src/ili9341.o
                0x08000a30                lcdFillRGB
 .text.lcdDrawPixel
                0x08000a84       0x48 ./Core/Src/ili9341.o
                0x08000a84                lcdDrawPixel
 .text.lcdDrawHLine
                0x08000acc       0x8c ./Core/Src/ili9341.o
                0x08000acc                lcdDrawHLine
 .text.lcdDrawVLine
                0x08000b58       0xa0 ./Core/Src/ili9341.o
                0x08000b58                lcdDrawVLine
 .text.lcdDrawRect
                0x08000bf8       0x92 ./Core/Src/ili9341.o
                0x08000bf8                lcdDrawRect
 *fill*         0x08000c8a        0x2 
 .text.lcdDrawChar
                0x08000c8c      0x154 ./Core/Src/ili9341.o
                0x08000c8c                lcdDrawChar
 .text.lcdPrintf
                0x08000de0      0x118 ./Core/Src/ili9341.o
                0x08000de0                lcdPrintf
 .text.lcdSetTextFont
                0x08000ef8       0x20 ./Core/Src/ili9341.o
                0x08000ef8                lcdSetTextFont
 .text.lcdSetTextColor
                0x08000f18       0x2c ./Core/Src/ili9341.o
                0x08000f18                lcdSetTextColor
 .text.lcdSetOrientation
                0x08000f44       0xd4 ./Core/Src/ili9341.o
                0x08000f44                lcdSetOrientation
 .text.lcdSetCursor
                0x08001018       0x34 ./Core/Src/ili9341.o
                0x08001018                lcdSetCursor
 .text.lcdSetWindow
                0x0800104c       0x98 ./Core/Src/ili9341.o
                0x0800104c                lcdSetWindow
 .text.lcdReset
                0x080010e4       0x14 ./Core/Src/ili9341.o
 .text.lcdWriteCommand
                0x080010f8       0x20 ./Core/Src/ili9341.o
 .text.lcdWriteData
                0x08001118       0x20 ./Core/Src/ili9341.o
 .text.lcdBuildMemoryAccessControlConfig
                0x08001138       0x82 ./Core/Src/ili9341.o
 .text.ITM_SendChar
                0x080011ba       0x4e ./Core/Src/main.o
 .text._write   0x08001208       0x38 ./Core/Src/main.o
                0x08001208                _write
 .text.USBH_HID_EventCallback
                0x08001240      0x154 ./Core/Src/main.o
                0x08001240                USBH_HID_EventCallback
 .text.main     0x08001394      0x220 ./Core/Src/main.o
                0x08001394                main
 .text.SystemClock_Config
                0x080015b4       0xd4 ./Core/Src/main.o
                0x080015b4                SystemClock_Config
 .text.MX_SPI4_Init
                0x08001688       0x6c ./Core/Src/main.o
 .text.MX_TIM2_Init
                0x080016f4       0x9c ./Core/Src/main.o
 .text.MX_TIM3_Init
                0x08001790       0xb0 ./Core/Src/main.o
 .text.MX_USART2_UART_Init
                0x08001840       0x54 ./Core/Src/main.o
 .text.MX_FMC_Init
                0x08001894       0xc4 ./Core/Src/main.o
 .text.MX_GPIO_Init
                0x08001958      0x18c ./Core/Src/main.o
 .text.DrawMainPage
                0x08001ae4      0x3bc ./Core/Src/main.o
                0x08001ae4                DrawMainPage
 .text.DrawInfoPage
                0x08001ea0      0x198 ./Core/Src/main.o
                0x08001ea0                DrawInfoPage
 .text.DrawConfirmationPage
                0x08002038       0xf0 ./Core/Src/main.o
                0x08002038                DrawConfirmationPage
 .text.DrawQueuePage
                0x08002128      0x1d4 ./Core/Src/main.o
                0x08002128                DrawQueuePage
 .text.DrawProgressPage
                0x080022fc      0x5b4 ./Core/Src/main.o
                0x080022fc                DrawProgressPage
 .text.DrawCountdownTime
                0x080028b0       0xc4 ./Core/Src/main.o
                0x080028b0                DrawCountdownTime
 .text.ConvertCharsToInt
                0x08002974       0x42 ./Core/Src/main.o
                0x08002974                ConvertCharsToInt
 *fill*         0x080029b6        0x2 
 .text.DrawProtocolInfoPage
                0x080029b8       0xac ./Core/Src/main.o
                0x080029b8                DrawProtocolInfoPage
 .text.DrawStopPage
                0x08002a64       0xc8 ./Core/Src/main.o
                0x08002a64                DrawStopPage
 .text.DrawPageFinish
                0x08002b2c       0x84 ./Core/Src/main.o
                0x08002b2c                DrawPageFinish
 .text.handleTouch
                0x08002bb0      0x8ec ./Core/Src/main.o
                0x08002bb0                handleTouch
 .text.erase_sector
                0x0800349c       0x28 ./Core/Src/main.o
                0x0800349c                erase_sector
 .text.write_to_flash
                0x080034c4       0x52 ./Core/Src/main.o
                0x080034c4                write_to_flash
 .text.read_from_flash
                0x08003516       0x6a ./Core/Src/main.o
                0x08003516                read_from_flash
 .text.storeProtocol
                0x08003580      0x33e ./Core/Src/main.o
                0x08003580                storeProtocol
 .text.get_num_protocols_in_sector
                0x080038be       0x4e ./Core/Src/main.o
                0x080038be                get_num_protocols_in_sector
 .text.getFreeSector
                0x0800390c       0x64 ./Core/Src/main.o
                0x0800390c                getFreeSector
 .text.transmitProtocol
                0x08003970       0xa8 ./Core/Src/main.o
                0x08003970                transmitProtocol
 .text.queueProtocol
                0x08003a18      0x100 ./Core/Src/main.o
                0x08003a18                queueProtocol
 .text.transmitQueuedProtocols
                0x08003b18       0xa0 ./Core/Src/main.o
                0x08003b18                transmitQueuedProtocols
 .text.deleteProtocol
                0x08003bb8      0x2e6 ./Core/Src/main.o
                0x08003bb8                deleteProtocol
 *fill*         0x08003e9e        0x2 
 .text.SendStopMotorsMessage
                0x08003ea0       0x28 ./Core/Src/main.o
                0x08003ea0                SendStopMotorsMessage
 .text.get_sector_address
                0x08003ec8       0xd0 ./Core/Src/main.o
                0x08003ec8                get_sector_address
 .text.sector_mapping
                0x08003f98       0x94 ./Core/Src/main.o
                0x08003f98                sector_mapping
 .text.HAL_GPIO_EXTI_Callback
                0x0800402c       0x60 ./Core/Src/main.o
                0x0800402c                HAL_GPIO_EXTI_Callback
 .text.Error_Handler
                0x0800408c        0xc ./Core/Src/main.o
                0x0800408c                Error_Handler
 .text.HAL_MspInit
                0x08004098       0x50 ./Core/Src/stm32f4xx_hal_msp.o
                0x08004098                HAL_MspInit
 .text.HAL_SPI_MspInit
                0x080040e8       0x90 ./Core/Src/stm32f4xx_hal_msp.o
                0x080040e8                HAL_SPI_MspInit
 .text.HAL_TIM_Base_MspInit
                0x08004178       0x40 ./Core/Src/stm32f4xx_hal_msp.o
                0x08004178                HAL_TIM_Base_MspInit
 .text.HAL_TIM_PWM_MspInit
                0x080041b8       0x44 ./Core/Src/stm32f4xx_hal_msp.o
                0x080041b8                HAL_TIM_PWM_MspInit
 .text.HAL_TIM_MspPostInit
                0x080041fc       0x74 ./Core/Src/stm32f4xx_hal_msp.o
                0x080041fc                HAL_TIM_MspPostInit
 .text.HAL_UART_MspInit
                0x08004270       0xa0 ./Core/Src/stm32f4xx_hal_msp.o
                0x08004270                HAL_UART_MspInit
 .text.HAL_FMC_MspInit
                0x08004310       0x98 ./Core/Src/stm32f4xx_hal_msp.o
 .text.HAL_SRAM_MspInit
                0x080043a8       0x14 ./Core/Src/stm32f4xx_hal_msp.o
                0x080043a8                HAL_SRAM_MspInit
 .text.NMI_Handler
                0x080043bc        0x8 ./Core/Src/stm32f4xx_it.o
                0x080043bc                NMI_Handler
 .text.HardFault_Handler
                0x080043c4        0x8 ./Core/Src/stm32f4xx_it.o
                0x080043c4                HardFault_Handler
 .text.MemManage_Handler
                0x080043cc        0x8 ./Core/Src/stm32f4xx_it.o
                0x080043cc                MemManage_Handler
 .text.BusFault_Handler
                0x080043d4        0x8 ./Core/Src/stm32f4xx_it.o
                0x080043d4                BusFault_Handler
 .text.UsageFault_Handler
                0x080043dc        0x8 ./Core/Src/stm32f4xx_it.o
                0x080043dc                UsageFault_Handler
 .text.SVC_Handler
                0x080043e4        0xe ./Core/Src/stm32f4xx_it.o
                0x080043e4                SVC_Handler
 .text.DebugMon_Handler
                0x080043f2        0xe ./Core/Src/stm32f4xx_it.o
                0x080043f2                DebugMon_Handler
 .text.PendSV_Handler
                0x08004400        0xe ./Core/Src/stm32f4xx_it.o
                0x08004400                PendSV_Handler
 .text.SysTick_Handler
                0x0800440e        0xc ./Core/Src/stm32f4xx_it.o
                0x0800440e                SysTick_Handler
 .text.EXTI4_IRQHandler
                0x0800441a        0xe ./Core/Src/stm32f4xx_it.o
                0x0800441a                EXTI4_IRQHandler
 .text.EXTI9_5_IRQHandler
                0x08004428       0x10 ./Core/Src/stm32f4xx_it.o
                0x08004428                EXTI9_5_IRQHandler
 .text.USART2_IRQHandler
                0x08004438       0x14 ./Core/Src/stm32f4xx_it.o
                0x08004438                USART2_IRQHandler
 .text.OTG_FS_IRQHandler
                0x0800444c       0x14 ./Core/Src/stm32f4xx_it.o
                0x0800444c                OTG_FS_IRQHandler
 .text._read    0x08004460       0x3a ./Core/Src/syscalls.o
                0x08004460                _read
 .text._close   0x0800449a       0x18 ./Core/Src/syscalls.o
                0x0800449a                _close
 .text._fstat   0x080044b2       0x20 ./Core/Src/syscalls.o
                0x080044b2                _fstat
 .text._isatty  0x080044d2       0x16 ./Core/Src/syscalls.o
                0x080044d2                _isatty
 .text._lseek   0x080044e8       0x1a ./Core/Src/syscalls.o
                0x080044e8                _lseek
 *fill*         0x08004502        0x2 
 .text._sbrk    0x08004504       0x6c ./Core/Src/sysmem.o
                0x08004504                _sbrk
 .text.SystemInit
                0x08004570       0x24 ./Core/Src/system_stm32f4xx.o
                0x08004570                SystemInit
 .text.Reset_Handler
                0x08004594       0x50 ./Core/Startup/startup_stm32f429vitx.o
                0x08004594                Reset_Handler
 .text.Default_Handler
                0x080045e4        0x2 ./Core/Startup/startup_stm32f429vitx.o
                0x080045e4                RTC_Alarm_IRQHandler
                0x080045e4                HASH_RNG_IRQHandler
                0x080045e4                EXTI2_IRQHandler
                0x080045e4                TIM8_CC_IRQHandler
                0x080045e4                UART8_IRQHandler
                0x080045e4                SPI4_IRQHandler
                0x080045e4                TIM1_CC_IRQHandler
                0x080045e4                DMA2_Stream5_IRQHandler
                0x080045e4                DMA1_Stream5_IRQHandler
                0x080045e4                PVD_IRQHandler
                0x080045e4                SDIO_IRQHandler
                0x080045e4                TAMP_STAMP_IRQHandler
                0x080045e4                CAN2_RX1_IRQHandler
                0x080045e4                EXTI3_IRQHandler
                0x080045e4                TIM8_TRG_COM_TIM14_IRQHandler
                0x080045e4                TIM1_UP_TIM10_IRQHandler
                0x080045e4                TIM8_UP_TIM13_IRQHandler
                0x080045e4                I2C3_ER_IRQHandler
                0x080045e4                EXTI0_IRQHandler
                0x080045e4                I2C2_EV_IRQHandler
                0x080045e4                DMA1_Stream2_IRQHandler
                0x080045e4                CAN1_RX0_IRQHandler
                0x080045e4                FPU_IRQHandler
                0x080045e4                OTG_HS_WKUP_IRQHandler
                0x080045e4                LTDC_ER_IRQHandler
                0x080045e4                CAN2_SCE_IRQHandler
                0x080045e4                DMA2_Stream2_IRQHandler
                0x080045e4                SPI1_IRQHandler
                0x080045e4                TIM6_DAC_IRQHandler
                0x080045e4                TIM1_BRK_TIM9_IRQHandler
                0x080045e4                DCMI_IRQHandler
                0x080045e4                CAN2_RX0_IRQHandler
                0x080045e4                DMA2_Stream3_IRQHandler
                0x080045e4                USART6_IRQHandler
                0x080045e4                USART3_IRQHandler
                0x080045e4                CAN1_RX1_IRQHandler
                0x080045e4                UART5_IRQHandler
                0x080045e4                DMA2_Stream0_IRQHandler
                0x080045e4                TIM4_IRQHandler
                0x080045e4                I2C1_EV_IRQHandler
                0x080045e4                DMA1_Stream6_IRQHandler
                0x080045e4                DMA1_Stream1_IRQHandler
                0x080045e4                UART4_IRQHandler
                0x080045e4                TIM3_IRQHandler
                0x080045e4                RCC_IRQHandler
                0x080045e4                TIM8_BRK_TIM12_IRQHandler
                0x080045e4                Default_Handler
                0x080045e4                EXTI15_10_IRQHandler
                0x080045e4                ADC_IRQHandler
                0x080045e4                DMA1_Stream7_IRQHandler
                0x080045e4                SPI5_IRQHandler
                0x080045e4                TIM7_IRQHandler
                0x080045e4                CAN2_TX_IRQHandler
                0x080045e4                TIM5_IRQHandler
                0x080045e4                DMA2_Stream7_IRQHandler
                0x080045e4                I2C3_EV_IRQHandler
                0x080045e4                RTC_WKUP_IRQHandler
                0x080045e4                LTDC_IRQHandler
                0x080045e4                ETH_WKUP_IRQHandler
                0x080045e4                SPI2_IRQHandler
                0x080045e4                OTG_HS_EP1_IN_IRQHandler
                0x080045e4                DMA1_Stream0_IRQHandler
                0x080045e4                CAN1_TX_IRQHandler
                0x080045e4                ETH_IRQHandler
                0x080045e4                OTG_HS_EP1_OUT_IRQHandler
                0x080045e4                WWDG_IRQHandler
                0x080045e4                SPI6_IRQHandler
                0x080045e4                TIM2_IRQHandler
                0x080045e4                OTG_FS_WKUP_IRQHandler
                0x080045e4                TIM1_TRG_COM_TIM11_IRQHandler
                0x080045e4                OTG_HS_IRQHandler
                0x080045e4                DMA2D_IRQHandler
                0x080045e4                EXTI1_IRQHandler
                0x080045e4                UART7_IRQHandler
                0x080045e4                I2C2_ER_IRQHandler
                0x080045e4                DMA2_Stream1_IRQHandler
                0x080045e4                CAN1_SCE_IRQHandler
                0x080045e4                FLASH_IRQHandler
                0x080045e4                DMA2_Stream4_IRQHandler
                0x080045e4                USART1_IRQHandler
                0x080045e4                SPI3_IRQHandler
                0x080045e4                DMA1_Stream4_IRQHandler
                0x080045e4                I2C1_ER_IRQHandler
                0x080045e4                FMC_IRQHandler
                0x080045e4                DMA2_Stream6_IRQHandler
                0x080045e4                SAI1_IRQHandler
                0x080045e4                DMA1_Stream3_IRQHandler
 *fill*         0x080045e6        0x2 
 .text.HAL_Init
                0x080045e8       0x44 ./Drivers/STM32F4xx_HAL_Driver/Src/stm32f4xx_hal.o
                0x080045e8                HAL_Init
 .text.HAL_InitTick
                0x0800462c       0x60 ./Drivers/STM32F4xx_HAL_Driver/Src/stm32f4xx_hal.o
                0x0800462c                HAL_InitTick
 .text.HAL_IncTick
                0x0800468c       0x28 ./Drivers/STM32F4xx_HAL_Driver/Src/stm32f4xx_hal.o
                0x0800468c                HAL_IncTick
 .text.HAL_GetTick
                0x080046b4       0x18 ./Drivers/STM32F4xx_HAL_Driver/Src/stm32f4xx_hal.o
                0x080046b4                HAL_GetTick
 .text.HAL_Delay
                0x080046cc       0x48 ./Drivers/STM32F4xx_HAL_Driver/Src/stm32f4xx_hal.o
                0x080046cc                HAL_Delay
 .text.__NVIC_SetPriorityGrouping
                0x08004714       0x48 ./Drivers/STM32F4xx_HAL_Driver/Src/stm32f4xx_hal_cortex.o
 .text.__NVIC_GetPriorityGrouping
                0x0800475c       0x1c ./Drivers/STM32F4xx_HAL_Driver/Src/stm32f4xx_hal_cortex.o
 .text.__NVIC_EnableIRQ
                0x08004778       0x3c ./Drivers/STM32F4xx_HAL_Driver/Src/stm32f4xx_hal_cortex.o
 .text.__NVIC_SetPriority
                0x080047b4       0x54 ./Drivers/STM32F4xx_HAL_Driver/Src/stm32f4xx_hal_cortex.o
 .text.NVIC_EncodePriority
                0x08004808       0x66 ./Drivers/STM32F4xx_HAL_Driver/Src/stm32f4xx_hal_cortex.o
 *fill*         0x0800486e        0x2 
 .text.SysTick_Config
                0x08004870       0x44 ./Drivers/STM32F4xx_HAL_Driver/Src/stm32f4xx_hal_cortex.o
 .text.HAL_NVIC_SetPriorityGrouping
                0x080048b4       0x16 ./Drivers/STM32F4xx_HAL_Driver/Src/stm32f4xx_hal_cortex.o
                0x080048b4                HAL_NVIC_SetPriorityGrouping
 .text.HAL_NVIC_SetPriority
                0x080048ca       0x38 ./Drivers/STM32F4xx_HAL_Driver/Src/stm32f4xx_hal_cortex.o
                0x080048ca                HAL_NVIC_SetPriority
 .text.HAL_NVIC_EnableIRQ
                0x08004902       0x1c ./Drivers/STM32F4xx_HAL_Driver/Src/stm32f4xx_hal_cortex.o
                0x08004902                HAL_NVIC_EnableIRQ
 .text.HAL_SYSTICK_Config
                0x0800491e       0x18 ./Drivers/STM32F4xx_HAL_Driver/Src/stm32f4xx_hal_cortex.o
                0x0800491e                HAL_SYSTICK_Config
 .text.HAL_DMA_Abort
                0x08004936       0xe0 ./Drivers/STM32F4xx_HAL_Driver/Src/stm32f4xx_hal_dma.o
                0x08004936                HAL_DMA_Abort
 .text.HAL_DMA_Abort_IT
                0x08004a16       0x44 ./Drivers/STM32F4xx_HAL_Driver/Src/stm32f4xx_hal_dma.o
                0x08004a16                HAL_DMA_Abort_IT
 *fill*         0x08004a5a        0x2 
 .text.HAL_FLASH_Program
                0x08004a5c       0xa8 ./Drivers/STM32F4xx_HAL_Driver/Src/stm32f4xx_hal_flash.o
                0x08004a5c                HAL_FLASH_Program
 .text.HAL_FLASH_Unlock
                0x08004b04       0x44 ./Drivers/STM32F4xx_HAL_Driver/Src/stm32f4xx_hal_flash.o
                0x08004b04                HAL_FLASH_Unlock
 .text.HAL_FLASH_Lock
                0x08004b48       0x20 ./Drivers/STM32F4xx_HAL_Driver/Src/stm32f4xx_hal_flash.o
                0x08004b48                HAL_FLASH_Lock
 .text.FLASH_WaitForLastOperation
                0x08004b68       0x80 ./Drivers/STM32F4xx_HAL_Driver/Src/stm32f4xx_hal_flash.o
                0x08004b68                FLASH_WaitForLastOperation
 .text.FLASH_Program_DoubleWord
                0x08004be8       0x64 ./Drivers/STM32F4xx_HAL_Driver/Src/stm32f4xx_hal_flash.o
 .text.FLASH_Program_Word
                0x08004c4c       0x44 ./Drivers/STM32F4xx_HAL_Driver/Src/stm32f4xx_hal_flash.o
 .text.FLASH_Program_HalfWord
                0x08004c90       0x48 ./Drivers/STM32F4xx_HAL_Driver/Src/stm32f4xx_hal_flash.o
 .text.FLASH_Program_Byte
                0x08004cd8       0x44 ./Drivers/STM32F4xx_HAL_Driver/Src/stm32f4xx_hal_flash.o
 .text.FLASH_SetErrorCode
                0x08004d1c       0xcc ./Drivers/STM32F4xx_HAL_Driver/Src/stm32f4xx_hal_flash.o
 .text.FLASH_Erase_Sector
                0x08004de8       0x9c ./Drivers/STM32F4xx_HAL_Driver/Src/stm32f4xx_hal_flash_ex.o
                0x08004de8                FLASH_Erase_Sector
 .text.HAL_GPIO_Init
                0x08004e84      0x358 ./Drivers/STM32F4xx_HAL_Driver/Src/stm32f4xx_hal_gpio.o
                0x08004e84                HAL_GPIO_Init
 .text.HAL_GPIO_ReadPin
                0x080051dc       0x30 ./Drivers/STM32F4xx_HAL_Driver/Src/stm32f4xx_hal_gpio.o
                0x080051dc                HAL_GPIO_ReadPin
 .text.HAL_GPIO_WritePin
                0x0800520c       0x32 ./Drivers/STM32F4xx_HAL_Driver/Src/stm32f4xx_hal_gpio.o
                0x0800520c                HAL_GPIO_WritePin
 *fill*         0x0800523e        0x2 
 .text.HAL_GPIO_EXTI_IRQHandler
                0x08005240       0x30 ./Drivers/STM32F4xx_HAL_Driver/Src/stm32f4xx_hal_gpio.o
                0x08005240                HAL_GPIO_EXTI_IRQHandler
 .text.HAL_HCD_Init
                0x08005270       0xce ./Drivers/STM32F4xx_HAL_Driver/Src/stm32f4xx_hal_hcd.o
                0x08005270                HAL_HCD_Init
 .text.HAL_HCD_HC_Init
                0x0800533e      0x170 ./Drivers/STM32F4xx_HAL_Driver/Src/stm32f4xx_hal_hcd.o
                0x0800533e                HAL_HCD_HC_Init
 .text.HAL_HCD_HC_Halt
                0x080054ae       0x46 ./Drivers/STM32F4xx_HAL_Driver/Src/stm32f4xx_hal_hcd.o
                0x080054ae                HAL_HCD_HC_Halt
 .text.HAL_HCD_HC_SubmitRequest
                0x080054f4      0x33c ./Drivers/STM32F4xx_HAL_Driver/Src/stm32f4xx_hal_hcd.o
                0x080054f4                HAL_HCD_HC_SubmitRequest
 .text.HAL_HCD_IRQHandler
                0x08005830      0x220 ./Drivers/STM32F4xx_HAL_Driver/Src/stm32f4xx_hal_hcd.o
                0x08005830                HAL_HCD_IRQHandler
 .text.HAL_HCD_Start
                0x08005a50       0x46 ./Drivers/STM32F4xx_HAL_Driver/Src/stm32f4xx_hal_hcd.o
                0x08005a50                HAL_HCD_Start
 .text.HAL_HCD_Stop
                0x08005a96       0x3a ./Drivers/STM32F4xx_HAL_Driver/Src/stm32f4xx_hal_hcd.o
                0x08005a96                HAL_HCD_Stop
 .text.HAL_HCD_ResetPort
                0x08005ad0       0x1c ./Drivers/STM32F4xx_HAL_Driver/Src/stm32f4xx_hal_hcd.o
                0x08005ad0                HAL_HCD_ResetPort
 .text.HAL_HCD_HC_GetURBState
                0x08005aec       0x2a ./Drivers/STM32F4xx_HAL_Driver/Src/stm32f4xx_hal_hcd.o
                0x08005aec                HAL_HCD_HC_GetURBState
 .text.HAL_HCD_HC_GetXferCount
                0x08005b16       0x2a ./Drivers/STM32F4xx_HAL_Driver/Src/stm32f4xx_hal_hcd.o
                0x08005b16                HAL_HCD_HC_GetXferCount
 .text.HAL_HCD_GetCurrentFrame
                0x08005b40       0x1c ./Drivers/STM32F4xx_HAL_Driver/Src/stm32f4xx_hal_hcd.o
                0x08005b40                HAL_HCD_GetCurrentFrame
 .text.HAL_HCD_GetCurrentSpeed
                0x08005b5c       0x1c ./Drivers/STM32F4xx_HAL_Driver/Src/stm32f4xx_hal_hcd.o
                0x08005b5c                HAL_HCD_GetCurrentSpeed
 .text.HAL_HCD_HC_ClearHubInfo
                0x08005b78       0x6a ./Drivers/STM32F4xx_HAL_Driver/Src/stm32f4xx_hal_hcd.o
                0x08005b78                HAL_HCD_HC_ClearHubInfo
 .text.HCD_HC_IN_IRQHandler
                0x08005be2      0xcd2 ./Drivers/STM32F4xx_HAL_Driver/Src/stm32f4xx_hal_hcd.o
 .text.HCD_HC_OUT_IRQHandler
                0x080068b4      0x97e ./Drivers/STM32F4xx_HAL_Driver/Src/stm32f4xx_hal_hcd.o
 .text.HCD_RXQLVL_IRQHandler
                0x08007232      0x1be ./Drivers/STM32F4xx_HAL_Driver/Src/stm32f4xx_hal_hcd.o
 .text.HCD_Port_IRQHandler
                0x080073f0       0xe6 ./Drivers/STM32F4xx_HAL_Driver/Src/stm32f4xx_hal_hcd.o
 *fill*         0x080074d6        0x2 
 .text.HAL_RCC_OscConfig
                0x080074d8      0x4f0 ./Drivers/STM32F4xx_HAL_Driver/Src/stm32f4xx_hal_rcc.o
                0x080074d8                HAL_RCC_OscConfig
 .text.HAL_RCC_ClockConfig
                0x080079c8      0x1cc ./Drivers/STM32F4xx_HAL_Driver/Src/stm32f4xx_hal_rcc.o
                0x080079c8                HAL_RCC_ClockConfig
 .text.HAL_RCC_GetSysClockFreq
                0x08007b94      0x208 ./Drivers/STM32F4xx_HAL_Driver/Src/stm32f4xx_hal_rcc.o
                0x08007b94                HAL_RCC_GetSysClockFreq
 .text.HAL_RCC_GetHCLKFreq
                0x08007d9c       0x18 ./Drivers/STM32F4xx_HAL_Driver/Src/stm32f4xx_hal_rcc.o
                0x08007d9c                HAL_RCC_GetHCLKFreq
 .text.HAL_RCC_GetPCLK1Freq
                0x08007db4       0x28 ./Drivers/STM32F4xx_HAL_Driver/Src/stm32f4xx_hal_rcc.o
                0x08007db4                HAL_RCC_GetPCLK1Freq
 .text.HAL_RCC_GetPCLK2Freq
                0x08007ddc       0x28 ./Drivers/STM32F4xx_HAL_Driver/Src/stm32f4xx_hal_rcc.o
                0x08007ddc                HAL_RCC_GetPCLK2Freq
 .text.HAL_SPI_Init
                0x08007e04      0x112 ./Drivers/STM32F4xx_HAL_Driver/Src/stm32f4xx_hal_spi.o
                0x08007e04                HAL_SPI_Init
 .text.HAL_SPI_Transmit
                0x08007f16      0x288 ./Drivers/STM32F4xx_HAL_Driver/Src/stm32f4xx_hal_spi.o
                0x08007f16                HAL_SPI_Transmit
 .text.HAL_SPI_TransmitReceive
                0x0800819e      0x352 ./Drivers/STM32F4xx_HAL_Driver/Src/stm32f4xx_hal_spi.o
                0x0800819e                HAL_SPI_TransmitReceive
 .text.SPI_WaitFlagStateUntilTimeout
                0x080084f0      0x110 ./Drivers/STM32F4xx_HAL_Driver/Src/stm32f4xx_hal_spi.o
 .text.SPI_EndRxTxTransaction
                0x08008600       0xa8 ./Drivers/STM32F4xx_HAL_Driver/Src/stm32f4xx_hal_spi.o
 .text.HAL_SRAM_Init
                0x080086a8       0x90 ./Drivers/STM32F4xx_HAL_Driver/Src/stm32f4xx_hal_sram.o
                0x080086a8                HAL_SRAM_Init
 .text.HAL_TIM_Base_Init
                0x08008738       0x9e ./Drivers/STM32F4xx_HAL_Driver/Src/stm32f4xx_hal_tim.o
                0x08008738                HAL_TIM_Base_Init
 *fill*         0x080087d6        0x2 
 .text.HAL_TIM_Base_Start_IT
                0x080087d8       0xe0 ./Drivers/STM32F4xx_HAL_Driver/Src/stm32f4xx_hal_tim.o
                0x080087d8                HAL_TIM_Base_Start_IT
 .text.HAL_TIM_Base_Stop_IT
                0x080088b8       0x5e ./Drivers/STM32F4xx_HAL_Driver/Src/stm32f4xx_hal_tim.o
                0x080088b8                HAL_TIM_Base_Stop_IT
 .text.HAL_TIM_PWM_Init
                0x08008916       0x9e ./Drivers/STM32F4xx_HAL_Driver/Src/stm32f4xx_hal_tim.o
                0x08008916                HAL_TIM_PWM_Init
 .text.HAL_TIM_PWM_Start
                0x080089b4      0x190 ./Drivers/STM32F4xx_HAL_Driver/Src/stm32f4xx_hal_tim.o
                0x080089b4                HAL_TIM_PWM_Start
 .text.HAL_TIM_PWM_ConfigChannel
                0x08008b44      0x184 ./Drivers/STM32F4xx_HAL_Driver/Src/stm32f4xx_hal_tim.o
                0x08008b44                HAL_TIM_PWM_ConfigChannel
 .text.HAL_TIM_ConfigClockSource
                0x08008cc8      0x18e ./Drivers/STM32F4xx_HAL_Driver/Src/stm32f4xx_hal_tim.o
                0x08008cc8                HAL_TIM_ConfigClockSource
 *fill*         0x08008e56        0x2 
 .text.TIM_Base_SetConfig
                0x08008e58      0x158 ./Drivers/STM32F4xx_HAL_Driver/Src/stm32f4xx_hal_tim.o
                0x08008e58                TIM_Base_SetConfig
 .text.TIM_OC1_SetConfig
                0x08008fb0       0xe0 ./Drivers/STM32F4xx_HAL_Driver/Src/stm32f4xx_hal_tim.o
 .text.TIM_OC2_SetConfig
                0x08009090       0xec ./Drivers/STM32F4xx_HAL_Driver/Src/stm32f4xx_hal_tim.o
                0x08009090                TIM_OC2_SetConfig
 .text.TIM_OC3_SetConfig
                0x0800917c       0xe8 ./Drivers/STM32F4xx_HAL_Driver/Src/stm32f4xx_hal_tim.o
 .text.TIM_OC4_SetConfig
                0x08009264       0xac ./Drivers/STM32F4xx_HAL_Driver/Src/stm32f4xx_hal_tim.o
 .text.TIM_TI1_ConfigInputStage
                0x08009310       0x5e ./Drivers/STM32F4xx_HAL_Driver/Src/stm32f4xx_hal_tim.o
 .text.TIM_TI2_ConfigInputStage
                0x0800936e       0x60 ./Drivers/STM32F4xx_HAL_Driver/Src/stm32f4xx_hal_tim.o
 .text.TIM_ITRx_SetConfig
                0x080093ce       0x36 ./Drivers/STM32F4xx_HAL_Driver/Src/stm32f4xx_hal_tim.o
 .text.TIM_ETR_SetConfig
                0x08009404       0x40 ./Drivers/STM32F4xx_HAL_Driver/Src/stm32f4xx_hal_tim.o
                0x08009404                TIM_ETR_SetConfig
 .text.TIM_CCxChannelCmd
                0x08009444       0x4a ./Drivers/STM32F4xx_HAL_Driver/Src/stm32f4xx_hal_tim.o
                0x08009444                TIM_CCxChannelCmd
 *fill*         0x0800948e        0x2 
 .text.HAL_TIMEx_MasterConfigSynchronization
                0x08009490       0xf8 ./Drivers/STM32F4xx_HAL_Driver/Src/stm32f4xx_hal_tim_ex.o
                0x08009490                HAL_TIMEx_MasterConfigSynchronization
 .text.HAL_UART_Init
                0x08009588       0xa0 ./Drivers/STM32F4xx_HAL_Driver/Src/stm32f4xx_hal_uart.o
                0x08009588                HAL_UART_Init
 .text.HAL_UART_Transmit
                0x08009628      0x116 ./Drivers/STM32F4xx_HAL_Driver/Src/stm32f4xx_hal_uart.o
                0x08009628                HAL_UART_Transmit
 .text.HAL_UART_Receive
                0x0800973e      0x12e ./Drivers/STM32F4xx_HAL_Driver/Src/stm32f4xx_hal_uart.o
                0x0800973e                HAL_UART_Receive
 .text.HAL_UART_IRQHandler
                0x0800986c      0x524 ./Drivers/STM32F4xx_HAL_Driver/Src/stm32f4xx_hal_uart.o
                0x0800986c                HAL_UART_IRQHandler
 .text.HAL_UART_TxCpltCallback
                0x08009d90       0x14 ./Drivers/STM32F4xx_HAL_Driver/Src/stm32f4xx_hal_uart.o
                0x08009d90                HAL_UART_TxCpltCallback
 .text.HAL_UART_RxCpltCallback
                0x08009da4       0x14 ./Drivers/STM32F4xx_HAL_Driver/Src/stm32f4xx_hal_uart.o
                0x08009da4                HAL_UART_RxCpltCallback
 .text.HAL_UART_ErrorCallback
                0x08009db8       0x14 ./Drivers/STM32F4xx_HAL_Driver/Src/stm32f4xx_hal_uart.o
                0x08009db8                HAL_UART_ErrorCallback
 .text.HAL_UARTEx_RxEventCallback
                0x08009dcc       0x18 ./Drivers/STM32F4xx_HAL_Driver/Src/stm32f4xx_hal_uart.o
                0x08009dcc                HAL_UARTEx_RxEventCallback
 .text.UART_WaitOnFlagUntilTimeout
                0x08009de4       0xb2 ./Drivers/STM32F4xx_HAL_Driver/Src/stm32f4xx_hal_uart.o
 .text.UART_EndRxTransfer
                0x08009e96       0xc6 ./Drivers/STM32F4xx_HAL_Driver/Src/stm32f4xx_hal_uart.o
 .text.UART_DMAAbortOnError
                0x08009f5c       0x28 ./Drivers/STM32F4xx_HAL_Driver/Src/stm32f4xx_hal_uart.o
 .text.UART_Transmit_IT
                0x08009f84       0xa0 ./Drivers/STM32F4xx_HAL_Driver/Src/stm32f4xx_hal_uart.o
 .text.UART_EndTransmit_IT
                0x0800a024       0x30 ./Drivers/STM32F4xx_HAL_Driver/Src/stm32f4xx_hal_uart.o
 .text.UART_Receive_IT
                0x0800a054      0x17c ./Drivers/STM32F4xx_HAL_Driver/Src/stm32f4xx_hal_uart.o
 .text.UART_SetConfig
                0x0800a1d0      0x4e8 ./Drivers/STM32F4xx_HAL_Driver/Src/stm32f4xx_hal_uart.o
 .text.FMC_NORSRAM_Init
                0x0800a6b8      0x10c ./Drivers/STM32F4xx_HAL_Driver/Src/stm32f4xx_ll_fmc.o
                0x0800a6b8                FMC_NORSRAM_Init
 .text.FMC_NORSRAM_Timing_Init
                0x0800a7c4       0xa0 ./Drivers/STM32F4xx_HAL_Driver/Src/stm32f4xx_ll_fmc.o
                0x0800a7c4                FMC_NORSRAM_Timing_Init
 .text.FMC_NORSRAM_Extended_Timing_Init
                0x0800a864       0x70 ./Drivers/STM32F4xx_HAL_Driver/Src/stm32f4xx_ll_fmc.o
                0x0800a864                FMC_NORSRAM_Extended_Timing_Init
 .text.USB_CoreInit
                0x0800a8d4       0xc8 ./Drivers/STM32F4xx_HAL_Driver/Src/stm32f4xx_ll_usb.o
                0x0800a8d4                USB_CoreInit
 .text.USB_EnableGlobalInt
                0x0800a99c       0x22 ./Drivers/STM32F4xx_HAL_Driver/Src/stm32f4xx_ll_usb.o
                0x0800a99c                USB_EnableGlobalInt
 .text.USB_DisableGlobalInt
                0x0800a9be       0x22 ./Drivers/STM32F4xx_HAL_Driver/Src/stm32f4xx_ll_usb.o
                0x0800a9be                USB_DisableGlobalInt
 .text.USB_SetCurrentMode
                0x0800a9e0       0x98 ./Drivers/STM32F4xx_HAL_Driver/Src/stm32f4xx_ll_usb.o
                0x0800a9e0                USB_SetCurrentMode
 .text.USB_FlushTxFifo
                0x0800aa78       0x64 ./Drivers/STM32F4xx_HAL_Driver/Src/stm32f4xx_ll_usb.o
                0x0800aa78                USB_FlushTxFifo
 .text.USB_FlushRxFifo
                0x0800aadc       0x5c ./Drivers/STM32F4xx_HAL_Driver/Src/stm32f4xx_ll_usb.o
                0x0800aadc                USB_FlushRxFifo
 .text.USB_WritePacket
                0x0800ab38       0x7c ./Drivers/STM32F4xx_HAL_Driver/Src/stm32f4xx_ll_usb.o
                0x0800ab38                USB_WritePacket
 .text.USB_ReadPacket
                0x0800abb4       0xb0 ./Drivers/STM32F4xx_HAL_Driver/Src/stm32f4xx_ll_usb.o
                0x0800abb4                USB_ReadPacket
 .text.USB_ReadInterrupts
                0x0800ac64       0x26 ./Drivers/STM32F4xx_HAL_Driver/Src/stm32f4xx_ll_usb.o
                0x0800ac64                USB_ReadInterrupts
 .text.USB_ReadChInterrupts
                0x0800ac8a       0x42 ./Drivers/STM32F4xx_HAL_Driver/Src/stm32f4xx_ll_usb.o
                0x0800ac8a                USB_ReadChInterrupts
 .text.USB_GetMode
                0x0800accc       0x1c ./Drivers/STM32F4xx_HAL_Driver/Src/stm32f4xx_ll_usb.o
                0x0800accc                USB_GetMode
 .text.USB_CoreReset
                0x0800ace8       0x62 ./Drivers/STM32F4xx_HAL_Driver/Src/stm32f4xx_ll_usb.o
 *fill*         0x0800ad4a        0x2 
 .text.USB_HostInit
                0x0800ad4c      0x188 ./Drivers/STM32F4xx_HAL_Driver/Src/stm32f4xx_ll_usb.o
                0x0800ad4c                USB_HostInit
 .text.USB_InitFSLSPClkSel
                0x0800aed4       0x7a ./Drivers/STM32F4xx_HAL_Driver/Src/stm32f4xx_ll_usb.o
                0x0800aed4                USB_InitFSLSPClkSel
 .text.USB_ResetPort
                0x0800af4e       0x54 ./Drivers/STM32F4xx_HAL_Driver/Src/stm32f4xx_ll_usb.o
                0x0800af4e                USB_ResetPort
 .text.USB_DriveVbus
                0x0800afa2       0x72 ./Drivers/STM32F4xx_HAL_Driver/Src/stm32f4xx_ll_usb.o
                0x0800afa2                USB_DriveVbus
 .text.USB_GetHostSpeed
                0x0800b014       0x2e ./Drivers/STM32F4xx_HAL_Driver/Src/stm32f4xx_ll_usb.o
                0x0800b014                USB_GetHostSpeed
 .text.USB_GetCurrentFrame
                0x0800b042       0x22 ./Drivers/STM32F4xx_HAL_Driver/Src/stm32f4xx_ll_usb.o
                0x0800b042                USB_GetCurrentFrame
 .text.USB_HC_Init
                0x0800b064      0x258 ./Drivers/STM32F4xx_HAL_Driver/Src/stm32f4xx_ll_usb.o
                0x0800b064                USB_HC_Init
 .text.USB_HC_StartXfer
                0x0800b2bc      0x4f4 ./Drivers/STM32F4xx_HAL_Driver/Src/stm32f4xx_ll_usb.o
                0x0800b2bc                USB_HC_StartXfer
 .text.USB_HC_ReadInterrupt
                0x0800b7b0       0x22 ./Drivers/STM32F4xx_HAL_Driver/Src/stm32f4xx_ll_usb.o
                0x0800b7b0                USB_HC_ReadInterrupt
 .text.USB_HC_Halt
                0x0800b7d2      0x240 ./Drivers/STM32F4xx_HAL_Driver/Src/stm32f4xx_ll_usb.o
                0x0800b7d2                USB_HC_Halt
 *fill*         0x0800ba12        0x2 
 .text.USB_DoPing
                0x0800ba14       0x78 ./Drivers/STM32F4xx_HAL_Driver/Src/stm32f4xx_ll_usb.o
                0x0800ba14                USB_DoPing
 .text.USB_StopHost
                0x0800ba8c      0x124 ./Drivers/STM32F4xx_HAL_Driver/Src/stm32f4xx_ll_usb.o
                0x0800ba8c                USB_StopHost
 .text.USBH_HID_InterfaceInit
                0x0800bbb0      0x2f4 ./Middlewares/ST/STM32_USB_Host_Library/Class/HID/Src/usbh_hid.o
 .text.USBH_HID_InterfaceDeInit
                0x0800bea4       0x8c ./Middlewares/ST/STM32_USB_Host_Library/Class/HID/Src/usbh_hid.o
 .text.USBH_HID_ClassRequest
                0x0800bf30      0x12c ./Middlewares/ST/STM32_USB_Host_Library/Class/HID/Src/usbh_hid.o
 .text.USBH_HID_Process
                0x0800c05c      0x1c0 ./Middlewares/ST/STM32_USB_Host_Library/Class/HID/Src/usbh_hid.o
 .text.USBH_HID_SOFProcess
                0x0800c21c       0x42 ./Middlewares/ST/STM32_USB_Host_Library/Class/HID/Src/usbh_hid.o
 *fill*         0x0800c25e        0x2 
 .text.USBH_HID_GetHIDReportDescriptor
                0x0800c260       0x5c ./Middlewares/ST/STM32_USB_Host_Library/Class/HID/Src/usbh_hid.o
                0x0800c260                USBH_HID_GetHIDReportDescriptor
 .text.USBH_HID_SetIdle
                0x0800c2bc       0x50 ./Middlewares/ST/STM32_USB_Host_Library/Class/HID/Src/usbh_hid.o
                0x0800c2bc                USBH_HID_SetIdle
 .text.USBH_HID_GetReport
                0x0800c30c       0x58 ./Middlewares/ST/STM32_USB_Host_Library/Class/HID/Src/usbh_hid.o
                0x0800c30c                USBH_HID_GetReport
 .text.USBH_HID_SetProtocol
                0x0800c364       0x4c ./Middlewares/ST/STM32_USB_Host_Library/Class/HID/Src/usbh_hid.o
                0x0800c364                USBH_HID_SetProtocol
 .text.USBH_HID_ParseHIDDesc
                0x0800c3b0       0xb6 ./Middlewares/ST/STM32_USB_Host_Library/Class/HID/Src/usbh_hid.o
 .text.USBH_HID_FifoInit
                0x0800c466       0x38 ./Middlewares/ST/STM32_USB_Host_Library/Class/HID/Src/usbh_hid.o
                0x0800c466                USBH_HID_FifoInit
 .text.USBH_HID_FifoRead
                0x0800c49e       0x92 ./Middlewares/ST/STM32_USB_Host_Library/Class/HID/Src/usbh_hid.o
                0x0800c49e                USBH_HID_FifoRead
 .text.USBH_HID_FifoWrite
                0x0800c530       0xa8 ./Middlewares/ST/STM32_USB_Host_Library/Class/HID/Src/usbh_hid.o
                0x0800c530                USBH_HID_FifoWrite
 .text.USBH_HID_KeybdInit
                0x0800c5d8       0xa8 ./Middlewares/ST/STM32_USB_Host_Library/Class/HID/Src/usbh_hid_keybd.o
                0x0800c5d8                USBH_HID_KeybdInit
 .text.USBH_HID_GetKeybdInfo
                0x0800c680       0x28 ./Middlewares/ST/STM32_USB_Host_Library/Class/HID/Src/usbh_hid_keybd.o
                0x0800c680                USBH_HID_GetKeybdInfo
 .text.USBH_HID_KeybdDecode
                0x0800c6a8      0x128 ./Middlewares/ST/STM32_USB_Host_Library/Class/HID/Src/usbh_hid_keybd.o
 .text.USBH_HID_GetASCIICode
                0x0800c7d0       0x58 ./Middlewares/ST/STM32_USB_Host_Library/Class/HID/Src/usbh_hid_keybd.o
                0x0800c7d0                USBH_HID_GetASCIICode
 .text.USBH_HID_MouseInit
                0x0800c828       0x94 ./Middlewares/ST/STM32_USB_Host_Library/Class/HID/Src/usbh_hid_mouse.o
                0x0800c828                USBH_HID_MouseInit
 .text.HID_ReadItem
                0x0800c8bc      0x134 ./Middlewares/ST/STM32_USB_Host_Library/Class/HID/Src/usbh_hid_parser.o
                0x0800c8bc                HID_ReadItem
 .text.USBH_Init
                0x0800c9f0       0x90 ./Middlewares/ST/STM32_USB_Host_Library/Core/Src/usbh_core.o
                0x0800c9f0                USBH_Init
 .text.DeInitStateMachine
                0x0800ca80       0xea ./Middlewares/ST/STM32_USB_Host_Library/Core/Src/usbh_core.o
 *fill*         0x0800cb6a        0x2 
 .text.USBH_RegisterClass
                0x0800cb6c       0x84 ./Middlewares/ST/STM32_USB_Host_Library/Core/Src/usbh_core.o
                0x0800cb6c                USBH_RegisterClass
 .text.USBH_SelectInterface
                0x0800cbf0       0xd0 ./Middlewares/ST/STM32_USB_Host_Library/Core/Src/usbh_core.o
                0x0800cbf0                USBH_SelectInterface
 .text.USBH_FindInterface
                0x0800ccc0       0x8c ./Middlewares/ST/STM32_USB_Host_Library/Core/Src/usbh_core.o
                0x0800ccc0                USBH_FindInterface
 .text.USBH_Start
                0x0800cd4c       0x20 ./Middlewares/ST/STM32_USB_Host_Library/Core/Src/usbh_core.o
                0x0800cd4c                USBH_Start
 .text.USBH_Process
                0x0800cd6c      0x4e4 ./Middlewares/ST/STM32_USB_Host_Library/Core/Src/usbh_core.o
                0x0800cd6c                USBH_Process
 .text.USBH_HandleEnum
                0x0800d250      0x554 ./Middlewares/ST/STM32_USB_Host_Library/Core/Src/usbh_core.o
 .text.USBH_LL_SetTimer
                0x0800d7a4       0x1e ./Middlewares/ST/STM32_USB_Host_Library/Core/Src/usbh_core.o
                0x0800d7a4                USBH_LL_SetTimer
 .text.USBH_LL_IncTimer
                0x0800d7c2       0x24 ./Middlewares/ST/STM32_USB_Host_Library/Core/Src/usbh_core.o
                0x0800d7c2                USBH_LL_IncTimer
 .text.USBH_HandleSof
                0x0800d7e6       0x30 ./Middlewares/ST/STM32_USB_Host_Library/Core/Src/usbh_core.o
 .text.USBH_LL_PortEnabled
                0x0800d816       0x1c ./Middlewares/ST/STM32_USB_Host_Library/Core/Src/usbh_core.o
                0x0800d816                USBH_LL_PortEnabled
 .text.USBH_LL_PortDisabled
                0x0800d832       0x1c ./Middlewares/ST/STM32_USB_Host_Library/Core/Src/usbh_core.o
                0x0800d832                USBH_LL_PortDisabled
 .text.USBH_LL_Connect
                0x0800d84e       0x2e ./Middlewares/ST/STM32_USB_Host_Library/Core/Src/usbh_core.o
                0x0800d84e                USBH_LL_Connect
 .text.USBH_LL_Disconnect
                0x0800d87c       0x48 ./Middlewares/ST/STM32_USB_Host_Library/Core/Src/usbh_core.o
                0x0800d87c                USBH_LL_Disconnect
 .text.USBH_Get_DevDesc
                0x0800d8c4       0x74 ./Middlewares/ST/STM32_USB_Host_Library/Core/Src/usbh_ctlreq.o
                0x0800d8c4                USBH_Get_DevDesc
 .text.USBH_Get_CfgDesc
                0x0800d938       0x70 ./Middlewares/ST/STM32_USB_Host_Library/Core/Src/usbh_ctlreq.o
                0x0800d938                USBH_Get_CfgDesc
 .text.USBH_Get_StringDesc
                0x0800d9a8       0x84 ./Middlewares/ST/STM32_USB_Host_Library/Core/Src/usbh_ctlreq.o
                0x0800d9a8                USBH_Get_StringDesc
 .text.USBH_GetDescriptor
                0x0800da2c       0x6a ./Middlewares/ST/STM32_USB_Host_Library/Core/Src/usbh_ctlreq.o
                0x0800da2c                USBH_GetDescriptor
 .text.USBH_SetAddress
                0x0800da96       0x48 ./Middlewares/ST/STM32_USB_Host_Library/Core/Src/usbh_ctlreq.o
                0x0800da96                USBH_SetAddress
 .text.USBH_SetCfg
                0x0800dade       0x46 ./Middlewares/ST/STM32_USB_Host_Library/Core/Src/usbh_ctlreq.o
                0x0800dade                USBH_SetCfg
 .text.USBH_SetFeature
                0x0800db24       0x48 ./Middlewares/ST/STM32_USB_Host_Library/Core/Src/usbh_ctlreq.o
                0x0800db24                USBH_SetFeature
 .text.USBH_ClrFeature
                0x0800db6c       0x48 ./Middlewares/ST/STM32_USB_Host_Library/Core/Src/usbh_ctlreq.o
                0x0800db6c                USBH_ClrFeature
 .text.USBH_ParseDevDesc
                0x0800dbb4      0x160 ./Middlewares/ST/STM32_USB_Host_Library/Core/Src/usbh_ctlreq.o
 .text.USBH_ParseCfgDesc
                0x0800dd14      0x1f0 ./Middlewares/ST/STM32_USB_Host_Library/Core/Src/usbh_ctlreq.o
 .text.USBH_ParseInterfaceDesc
                0x0800df04       0x68 ./Middlewares/ST/STM32_USB_Host_Library/Core/Src/usbh_ctlreq.o
 .text.USBH_ParseEPDesc
                0x0800df6c      0x1d2 ./Middlewares/ST/STM32_USB_Host_Library/Core/Src/usbh_ctlreq.o
 .text.USBH_ParseStringDesc
                0x0800e13e       0x66 ./Middlewares/ST/STM32_USB_Host_Library/Core/Src/usbh_ctlreq.o
 .text.USBH_GetNextDesc
                0x0800e1a4       0x34 ./Middlewares/ST/STM32_USB_Host_Library/Core/Src/usbh_ctlreq.o
                0x0800e1a4                USBH_GetNextDesc
 .text.USBH_CtlReq
                0x0800e1d8       0x7a ./Middlewares/ST/STM32_USB_Host_Library/Core/Src/usbh_ctlreq.o
                0x0800e1d8                USBH_CtlReq
 *fill*         0x0800e252        0x2 
 .text.USBH_HandleControl
                0x0800e254      0x304 ./Middlewares/ST/STM32_USB_Host_Library/Core/Src/usbh_ctlreq.o
 .text.USBH_CtlSendSetup
                0x0800e558       0x34 ./Middlewares/ST/STM32_USB_Host_Library/Core/Src/usbh_ioreq.o
                0x0800e558                USBH_CtlSendSetup
 .text.USBH_CtlSendData
                0x0800e58c       0x4a ./Middlewares/ST/STM32_USB_Host_Library/Core/Src/usbh_ioreq.o
                0x0800e58c                USBH_CtlSendData
 .text.USBH_CtlReceiveData
                0x0800e5d6       0x3c ./Middlewares/ST/STM32_USB_Host_Library/Core/Src/usbh_ioreq.o
                0x0800e5d6                USBH_CtlReceiveData
 .text.USBH_InterruptReceiveData
                0x0800e612       0x3e ./Middlewares/ST/STM32_USB_Host_Library/Core/Src/usbh_ioreq.o
                0x0800e612                USBH_InterruptReceiveData
 .text.USBH_OpenPipe
                0x0800e650       0x3e ./Middlewares/ST/STM32_USB_Host_Library/Core/Src/usbh_pipes.o
                0x0800e650                USBH_OpenPipe
 .text.USBH_ClosePipe
                0x0800e68e       0x20 ./Middlewares/ST/STM32_USB_Host_Library/Core/Src/usbh_pipes.o
                0x0800e68e                USBH_ClosePipe
 .text.USBH_AllocPipe
                0x0800e6ae       0x44 ./Middlewares/ST/STM32_USB_Host_Library/Core/Src/usbh_pipes.o
                0x0800e6ae                USBH_AllocPipe
 .text.USBH_FreePipe
                0x0800e6f2       0x40 ./Middlewares/ST/STM32_USB_Host_Library/Core/Src/usbh_pipes.o
                0x0800e6f2                USBH_FreePipe
 .text.USBH_GetFreePipe
                0x0800e732       0x4a ./Middlewares/ST/STM32_USB_Host_Library/Core/Src/usbh_pipes.o
 .text.MX_USB_HOST_Init
                0x0800e77c       0x4c ./USB_HOST/App/usb_host.o
                0x0800e77c                MX_USB_HOST_Init
 .text.MX_USB_HOST_Process
                0x0800e7c8       0x14 ./USB_HOST/App/usb_host.o
                0x0800e7c8                MX_USB_HOST_Process
 .text.USBH_UserProcess
                0x0800e7dc       0x5c ./USB_HOST/App/usb_host.o
 .text.HAL_HCD_MspInit
                0x0800e838       0xc4 ./USB_HOST/Target/usbh_conf.o
                0x0800e838                HAL_HCD_MspInit
 .text.HAL_HCD_SOF_Callback
                0x0800e8fc       0x1c ./USB_HOST/Target/usbh_conf.o
                0x0800e8fc                HAL_HCD_SOF_Callback
 .text.HAL_HCD_Connect_Callback
                0x0800e918       0x1c ./USB_HOST/Target/usbh_conf.o
                0x0800e918                HAL_HCD_Connect_Callback
 .text.HAL_HCD_Disconnect_Callback
                0x0800e934       0x1c ./USB_HOST/Target/usbh_conf.o
                0x0800e934                HAL_HCD_Disconnect_Callback
 .text.HAL_HCD_HC_NotifyURBChange_Callback
                0x0800e950       0x1c ./USB_HOST/Target/usbh_conf.o
                0x0800e950                HAL_HCD_HC_NotifyURBChange_Callback
 .text.HAL_HCD_PortEnabled_Callback
                0x0800e96c       0x1c ./USB_HOST/Target/usbh_conf.o
                0x0800e96c                HAL_HCD_PortEnabled_Callback
 .text.HAL_HCD_PortDisabled_Callback
                0x0800e988       0x1c ./USB_HOST/Target/usbh_conf.o
                0x0800e988                HAL_HCD_PortDisabled_Callback
 .text.USBH_LL_Init
                0x0800e9a4       0x78 ./USB_HOST/Target/usbh_conf.o
                0x0800e9a4                USBH_LL_Init
 .text.USBH_LL_Start
                0x0800ea1c       0x36 ./USB_HOST/Target/usbh_conf.o
                0x0800ea1c                USBH_LL_Start
 .text.USBH_LL_Stop
                0x0800ea52       0x36 ./USB_HOST/Target/usbh_conf.o
                0x0800ea52                USBH_LL_Stop
 .text.USBH_LL_GetSpeed
                0x0800ea88       0x4e ./USB_HOST/Target/usbh_conf.o
                0x0800ea88                USBH_LL_GetSpeed
 .text.USBH_LL_ResetPort
                0x0800ead6       0x36 ./USB_HOST/Target/usbh_conf.o
                0x0800ead6                USBH_LL_ResetPort
 .text.USBH_LL_GetLastXferSize
                0x0800eb0c       0x26 ./USB_HOST/Target/usbh_conf.o
                0x0800eb0c                USBH_LL_GetLastXferSize
 .text.USBH_LL_OpenPipe
                0x0800eb32       0x5e ./USB_HOST/Target/usbh_conf.o
                0x0800eb32                USBH_LL_OpenPipe
 .text.USBH_LL_ClosePipe
                0x0800eb90       0x3e ./USB_HOST/Target/usbh_conf.o
                0x0800eb90                USBH_LL_ClosePipe
 .text.USBH_LL_SubmitURB
                0x0800ebce       0x62 ./USB_HOST/Target/usbh_conf.o
                0x0800ebce                USBH_LL_SubmitURB
 .text.USBH_LL_GetURBState
                0x0800ec30       0x26 ./USB_HOST/Target/usbh_conf.o
                0x0800ec30                USBH_LL_GetURBState
 .text.USBH_LL_DriverVBUS
                0x0800ec56       0x2e ./USB_HOST/Target/usbh_conf.o
                0x0800ec56                USBH_LL_DriverVBUS
 .text.USBH_LL_SetToggle
                0x0800ec84       0x66 ./USB_HOST/Target/usbh_conf.o
                0x0800ec84                USBH_LL_SetToggle
 .text.USBH_Delay
                0x0800ecea       0x16 ./USB_HOST/Target/usbh_conf.o
                0x0800ecea                USBH_Delay
 .text.USBH_Get_USB_Status
                0x0800ed00       0x58 ./USB_HOST/Target/usbh_conf.o
                0x0800ed00                USBH_Get_USB_Status
 .text.MX_DriverVbusFS
                0x0800ed58       0x38 ./USB_HOST/Target/usbh_platform.o
                0x0800ed58                MX_DriverVbusFS
 .text.atoi     0x0800ed90        0x8 C:/ST/STM32CubeIDE_1.17.0/STM32CubeIDE/plugins/com.st.stm32cube.ide.mcu.externaltools.gnu-tools-for-stm32.12.3.rel1.win32_1.1.0.202410251130/tools/bin/../lib/gcc/arm-none-eabi/12.3.1/../../../../arm-none-eabi/lib/thumb/v7e-m+fp/hard\libc_nano.a(libc_a-atoi.o)
                0x0800ed90                atoi
 .text.malloc   0x0800ed98       0x10 C:/ST/STM32CubeIDE_1.17.0/STM32CubeIDE/plugins/com.st.stm32cube.ide.mcu.externaltools.gnu-tools-for-stm32.12.3.rel1.win32_1.1.0.202410251130/tools/bin/../lib/gcc/arm-none-eabi/12.3.1/../../../../arm-none-eabi/lib/thumb/v7e-m+fp/hard\libc_nano.a(libc_a-malloc.o)
                0x0800ed98                malloc
 .text.free     0x0800eda8       0x10 C:/ST/STM32CubeIDE_1.17.0/STM32CubeIDE/plugins/com.st.stm32cube.ide.mcu.externaltools.gnu-tools-for-stm32.12.3.rel1.win32_1.1.0.202410251130/tools/bin/../lib/gcc/arm-none-eabi/12.3.1/../../../../arm-none-eabi/lib/thumb/v7e-m+fp/hard\libc_nano.a(libc_a-malloc.o)
                0x0800eda8                free
 .text.sbrk_aligned
                0x0800edb8       0x44 C:/ST/STM32CubeIDE_1.17.0/STM32CubeIDE/plugins/com.st.stm32cube.ide.mcu.externaltools.gnu-tools-for-stm32.12.3.rel1.win32_1.1.0.202410251130/tools/bin/../lib/gcc/arm-none-eabi/12.3.1/../../../../arm-none-eabi/lib/thumb/v7e-m+fp/hard\libc_nano.a(libc_a-mallocr.o)
 .text._malloc_r
                0x0800edfc      0x100 C:/ST/STM32CubeIDE_1.17.0/STM32CubeIDE/plugins/com.st.stm32cube.ide.mcu.externaltools.gnu-tools-for-stm32.12.3.rel1.win32_1.1.0.202410251130/tools/bin/../lib/gcc/arm-none-eabi/12.3.1/../../../../arm-none-eabi/lib/thumb/v7e-m+fp/hard\libc_nano.a(libc_a-mallocr.o)
                0x0800edfc                _malloc_r
 .text.__malloc_lock
                0x0800eefc        0xc C:/ST/STM32CubeIDE_1.17.0/STM32CubeIDE/plugins/com.st.stm32cube.ide.mcu.externaltools.gnu-tools-for-stm32.12.3.rel1.win32_1.1.0.202410251130/tools/bin/../lib/gcc/arm-none-eabi/12.3.1/../../../../arm-none-eabi/lib/thumb/v7e-m+fp/hard\libc_nano.a(libc_a-mlock.o)
                0x0800eefc                __malloc_lock
 .text.__malloc_unlock
                0x0800ef08        0xc C:/ST/STM32CubeIDE_1.17.0/STM32CubeIDE/plugins/com.st.stm32cube.ide.mcu.externaltools.gnu-tools-for-stm32.12.3.rel1.win32_1.1.0.202410251130/tools/bin/../lib/gcc/arm-none-eabi/12.3.1/../../../../arm-none-eabi/lib/thumb/v7e-m+fp/hard\libc_nano.a(libc_a-mlock.o)
                0x0800ef08                __malloc_unlock
 .text._strtol_l.constprop.0
                0x0800ef14       0xf4 C:/ST/STM32CubeIDE_1.17.0/STM32CubeIDE/plugins/com.st.stm32cube.ide.mcu.externaltools.gnu-tools-for-stm32.12.3.rel1.win32_1.1.0.202410251130/tools/bin/../lib/gcc/arm-none-eabi/12.3.1/../../../../arm-none-eabi/lib/thumb/v7e-m+fp/hard\libc_nano.a(libc_a-strtol.o)
 .text.strtol   0x0800f008       0x14 C:/ST/STM32CubeIDE_1.17.0/STM32CubeIDE/plugins/com.st.stm32cube.ide.mcu.externaltools.gnu-tools-for-stm32.12.3.rel1.win32_1.1.0.202410251130/tools/bin/../lib/gcc/arm-none-eabi/12.3.1/../../../../arm-none-eabi/lib/thumb/v7e-m+fp/hard\libc_nano.a(libc_a-strtol.o)
                0x0800f008                strtol
 .text.std      0x0800f01c       0x6c C:/ST/STM32CubeIDE_1.17.0/STM32CubeIDE/plugins/com.st.stm32cube.ide.mcu.externaltools.gnu-tools-for-stm32.12.3.rel1.win32_1.1.0.202410251130/tools/bin/../lib/gcc/arm-none-eabi/12.3.1/../../../../arm-none-eabi/lib/thumb/v7e-m+fp/hard\libc_nano.a(libc_a-findfp.o)
 .text.stdio_exit_handler
                0x0800f088       0x18 C:/ST/STM32CubeIDE_1.17.0/STM32CubeIDE/plugins/com.st.stm32cube.ide.mcu.externaltools.gnu-tools-for-stm32.12.3.rel1.win32_1.1.0.202410251130/tools/bin/../lib/gcc/arm-none-eabi/12.3.1/../../../../arm-none-eabi/lib/thumb/v7e-m+fp/hard\libc_nano.a(libc_a-findfp.o)
 .text.cleanup_stdio
                0x0800f0a0       0x40 C:/ST/STM32CubeIDE_1.17.0/STM32CubeIDE/plugins/com.st.stm32cube.ide.mcu.externaltools.gnu-tools-for-stm32.12.3.rel1.win32_1.1.0.202410251130/tools/bin/../lib/gcc/arm-none-eabi/12.3.1/../../../../arm-none-eabi/lib/thumb/v7e-m+fp/hard\libc_nano.a(libc_a-findfp.o)
 .text.global_stdio_init.part.0
                0x0800f0e0       0x3c C:/ST/STM32CubeIDE_1.17.0/STM32CubeIDE/plugins/com.st.stm32cube.ide.mcu.externaltools.gnu-tools-for-stm32.12.3.rel1.win32_1.1.0.202410251130/tools/bin/../lib/gcc/arm-none-eabi/12.3.1/../../../../arm-none-eabi/lib/thumb/v7e-m+fp/hard\libc_nano.a(libc_a-findfp.o)
 .text.__sfp_lock_acquire
                0x0800f11c        0xc C:/ST/STM32CubeIDE_1.17.0/STM32CubeIDE/plugins/com.st.stm32cube.ide.mcu.externaltools.gnu-tools-for-stm32.12.3.rel1.win32_1.1.0.202410251130/tools/bin/../lib/gcc/arm-none-eabi/12.3.1/../../../../arm-none-eabi/lib/thumb/v7e-m+fp/hard\libc_nano.a(libc_a-findfp.o)
                0x0800f11c                __sfp_lock_acquire
 .text.__sfp_lock_release
                0x0800f128        0xc C:/ST/STM32CubeIDE_1.17.0/STM32CubeIDE/plugins/com.st.stm32cube.ide.mcu.externaltools.gnu-tools-for-stm32.12.3.rel1.win32_1.1.0.202410251130/tools/bin/../lib/gcc/arm-none-eabi/12.3.1/../../../../arm-none-eabi/lib/thumb/v7e-m+fp/hard\libc_nano.a(libc_a-findfp.o)
                0x0800f128                __sfp_lock_release
 .text.__sinit  0x0800f134       0x30 C:/ST/STM32CubeIDE_1.17.0/STM32CubeIDE/plugins/com.st.stm32cube.ide.mcu.externaltools.gnu-tools-for-stm32.12.3.rel1.win32_1.1.0.202410251130/tools/bin/../lib/gcc/arm-none-eabi/12.3.1/../../../../arm-none-eabi/lib/thumb/v7e-m+fp/hard\libc_nano.a(libc_a-findfp.o)
                0x0800f134                __sinit
 .text._fwalk_sglue
                0x0800f164       0x3c C:/ST/STM32CubeIDE_1.17.0/STM32CubeIDE/plugins/com.st.stm32cube.ide.mcu.externaltools.gnu-tools-for-stm32.12.3.rel1.win32_1.1.0.202410251130/tools/bin/../lib/gcc/arm-none-eabi/12.3.1/../../../../arm-none-eabi/lib/thumb/v7e-m+fp/hard\libc_nano.a(libc_a-fwalk.o)
                0x0800f164                _fwalk_sglue
 .text.printf   0x0800f1a0       0x24 C:/ST/STM32CubeIDE_1.17.0/STM32CubeIDE/plugins/com.st.stm32cube.ide.mcu.externaltools.gnu-tools-for-stm32.12.3.rel1.win32_1.1.0.202410251130/tools/bin/../lib/gcc/arm-none-eabi/12.3.1/../../../../arm-none-eabi/lib/thumb/v7e-m+fp/hard\libc_nano.a(libc_a-printf.o)
                0x0800f1a0                iprintf
                0x0800f1a0                printf
 .text.putchar  0x0800f1c4       0x10 C:/ST/STM32CubeIDE_1.17.0/STM32CubeIDE/plugins/com.st.stm32cube.ide.mcu.externaltools.gnu-tools-for-stm32.12.3.rel1.win32_1.1.0.202410251130/tools/bin/../lib/gcc/arm-none-eabi/12.3.1/../../../../arm-none-eabi/lib/thumb/v7e-m+fp/hard\libc_nano.a(libc_a-putchar.o)
                0x0800f1c4                putchar
 .text._puts_r  0x0800f1d4       0xaa C:/ST/STM32CubeIDE_1.17.0/STM32CubeIDE/plugins/com.st.stm32cube.ide.mcu.externaltools.gnu-tools-for-stm32.12.3.rel1.win32_1.1.0.202410251130/tools/bin/../lib/gcc/arm-none-eabi/12.3.1/../../../../arm-none-eabi/lib/thumb/v7e-m+fp/hard\libc_nano.a(libc_a-puts.o)
                0x0800f1d4                _puts_r
 *fill*         0x0800f27e        0x2 
 .text.puts     0x0800f280       0x10 C:/ST/STM32CubeIDE_1.17.0/STM32CubeIDE/plugins/com.st.stm32cube.ide.mcu.externaltools.gnu-tools-for-stm32.12.3.rel1.win32_1.1.0.202410251130/tools/bin/../lib/gcc/arm-none-eabi/12.3.1/../../../../arm-none-eabi/lib/thumb/v7e-m+fp/hard\libc_nano.a(libc_a-puts.o)
                0x0800f280                puts
 .text.sprintf  0x0800f290       0x40 C:/ST/STM32CubeIDE_1.17.0/STM32CubeIDE/plugins/com.st.stm32cube.ide.mcu.externaltools.gnu-tools-for-stm32.12.3.rel1.win32_1.1.0.202410251130/tools/bin/../lib/gcc/arm-none-eabi/12.3.1/../../../../arm-none-eabi/lib/thumb/v7e-m+fp/hard\libc_nano.a(libc_a-sprintf.o)
                0x0800f290                siprintf
                0x0800f290                sprintf
 .text.__sread  0x0800f2d0       0x22 C:/ST/STM32CubeIDE_1.17.0/STM32CubeIDE/plugins/com.st.stm32cube.ide.mcu.externaltools.gnu-tools-for-stm32.12.3.rel1.win32_1.1.0.202410251130/tools/bin/../lib/gcc/arm-none-eabi/12.3.1/../../../../arm-none-eabi/lib/thumb/v7e-m+fp/hard\libc_nano.a(libc_a-stdio.o)
                0x0800f2d0                __sread
 .text.__swrite
                0x0800f2f2       0x38 C:/ST/STM32CubeIDE_1.17.0/STM32CubeIDE/plugins/com.st.stm32cube.ide.mcu.externaltools.gnu-tools-for-stm32.12.3.rel1.win32_1.1.0.202410251130/tools/bin/../lib/gcc/arm-none-eabi/12.3.1/../../../../arm-none-eabi/lib/thumb/v7e-m+fp/hard\libc_nano.a(libc_a-stdio.o)
                0x0800f2f2                __swrite
 .text.__sseek  0x0800f32a       0x24 C:/ST/STM32CubeIDE_1.17.0/STM32CubeIDE/plugins/com.st.stm32cube.ide.mcu.externaltools.gnu-tools-for-stm32.12.3.rel1.win32_1.1.0.202410251130/tools/bin/../lib/gcc/arm-none-eabi/12.3.1/../../../../arm-none-eabi/lib/thumb/v7e-m+fp/hard\libc_nano.a(libc_a-stdio.o)
                0x0800f32a                __sseek
 .text.__sclose
                0x0800f34e        0x8 C:/ST/STM32CubeIDE_1.17.0/STM32CubeIDE/plugins/com.st.stm32cube.ide.mcu.externaltools.gnu-tools-for-stm32.12.3.rel1.win32_1.1.0.202410251130/tools/bin/../lib/gcc/arm-none-eabi/12.3.1/../../../../arm-none-eabi/lib/thumb/v7e-m+fp/hard\libc_nano.a(libc_a-stdio.o)
                0x0800f34e                __sclose
 *fill*         0x0800f356        0x2 
 .text._vsprintf_r
                0x0800f358       0x2c C:/ST/STM32CubeIDE_1.17.0/STM32CubeIDE/plugins/com.st.stm32cube.ide.mcu.externaltools.gnu-tools-for-stm32.12.3.rel1.win32_1.1.0.202410251130/tools/bin/../lib/gcc/arm-none-eabi/12.3.1/../../../../arm-none-eabi/lib/thumb/v7e-m+fp/hard\libc_nano.a(libc_a-vsprintf.o)
                0x0800f358                _vsprintf_r
                0x0800f358                _vsiprintf_r
 .text.vsprintf
                0x0800f384       0x14 C:/ST/STM32CubeIDE_1.17.0/STM32CubeIDE/plugins/com.st.stm32cube.ide.mcu.externaltools.gnu-tools-for-stm32.12.3.rel1.win32_1.1.0.202410251130/tools/bin/../lib/gcc/arm-none-eabi/12.3.1/../../../../arm-none-eabi/lib/thumb/v7e-m+fp/hard\libc_nano.a(libc_a-vsprintf.o)
                0x0800f384                vsiprintf
                0x0800f384                vsprintf
 .text.__swbuf_r
                0x0800f398       0x7c C:/ST/STM32CubeIDE_1.17.0/STM32CubeIDE/plugins/com.st.stm32cube.ide.mcu.externaltools.gnu-tools-for-stm32.12.3.rel1.win32_1.1.0.202410251130/tools/bin/../lib/gcc/arm-none-eabi/12.3.1/../../../../arm-none-eabi/lib/thumb/v7e-m+fp/hard\libc_nano.a(libc_a-wbuf.o)
                0x0800f398                __swbuf_r
 .text.__swsetup_r
                0x0800f414       0xac C:/ST/STM32CubeIDE_1.17.0/STM32CubeIDE/plugins/com.st.stm32cube.ide.mcu.externaltools.gnu-tools-for-stm32.12.3.rel1.win32_1.1.0.202410251130/tools/bin/../lib/gcc/arm-none-eabi/12.3.1/../../../../arm-none-eabi/lib/thumb/v7e-m+fp/hard\libc_nano.a(libc_a-wsetup.o)
                0x0800f414                __swsetup_r
 .text.memset   0x0800f4c0       0x10 C:/ST/STM32CubeIDE_1.17.0/STM32CubeIDE/plugins/com.st.stm32cube.ide.mcu.externaltools.gnu-tools-for-stm32.12.3.rel1.win32_1.1.0.202410251130/tools/bin/../lib/gcc/arm-none-eabi/12.3.1/../../../../arm-none-eabi/lib/thumb/v7e-m+fp/hard\libc_nano.a(libc_a-memset.o)
                0x0800f4c0                memset
 .text._close_r
                0x0800f4d0       0x20 C:/ST/STM32CubeIDE_1.17.0/STM32CubeIDE/plugins/com.st.stm32cube.ide.mcu.externaltools.gnu-tools-for-stm32.12.3.rel1.win32_1.1.0.202410251130/tools/bin/../lib/gcc/arm-none-eabi/12.3.1/../../../../arm-none-eabi/lib/thumb/v7e-m+fp/hard\libc_nano.a(libc_a-closer.o)
                0x0800f4d0                _close_r
 .text._lseek_r
                0x0800f4f0       0x24 C:/ST/STM32CubeIDE_1.17.0/STM32CubeIDE/plugins/com.st.stm32cube.ide.mcu.externaltools.gnu-tools-for-stm32.12.3.rel1.win32_1.1.0.202410251130/tools/bin/../lib/gcc/arm-none-eabi/12.3.1/../../../../arm-none-eabi/lib/thumb/v7e-m+fp/hard\libc_nano.a(libc_a-lseekr.o)
                0x0800f4f0                _lseek_r
 .text._read_r  0x0800f514       0x24 C:/ST/STM32CubeIDE_1.17.0/STM32CubeIDE/plugins/com.st.stm32cube.ide.mcu.externaltools.gnu-tools-for-stm32.12.3.rel1.win32_1.1.0.202410251130/tools/bin/../lib/gcc/arm-none-eabi/12.3.1/../../../../arm-none-eabi/lib/thumb/v7e-m+fp/hard\libc_nano.a(libc_a-readr.o)
                0x0800f514                _read_r
 .text._sbrk_r  0x0800f538       0x20 C:/ST/STM32CubeIDE_1.17.0/STM32CubeIDE/plugins/com.st.stm32cube.ide.mcu.externaltools.gnu-tools-for-stm32.12.3.rel1.win32_1.1.0.202410251130/tools/bin/../lib/gcc/arm-none-eabi/12.3.1/../../../../arm-none-eabi/lib/thumb/v7e-m+fp/hard\libc_nano.a(libc_a-sbrkr.o)
                0x0800f538                _sbrk_r
 .text._write_r
                0x0800f558       0x24 C:/ST/STM32CubeIDE_1.17.0/STM32CubeIDE/plugins/com.st.stm32cube.ide.mcu.externaltools.gnu-tools-for-stm32.12.3.rel1.win32_1.1.0.202410251130/tools/bin/../lib/gcc/arm-none-eabi/12.3.1/../../../../arm-none-eabi/lib/thumb/v7e-m+fp/hard\libc_nano.a(libc_a-writer.o)
                0x0800f558                _write_r
 .text.__errno  0x0800f57c        0xc C:/ST/STM32CubeIDE_1.17.0/STM32CubeIDE/plugins/com.st.stm32cube.ide.mcu.externaltools.gnu-tools-for-stm32.12.3.rel1.win32_1.1.0.202410251130/tools/bin/../lib/gcc/arm-none-eabi/12.3.1/../../../../arm-none-eabi/lib/thumb/v7e-m+fp/hard\libc_nano.a(libc_a-errno.o)
                0x0800f57c                __errno
 .text.__libc_init_array
                0x0800f588       0x48 C:/ST/STM32CubeIDE_1.17.0/STM32CubeIDE/plugins/com.st.stm32cube.ide.mcu.externaltools.gnu-tools-for-stm32.12.3.rel1.win32_1.1.0.202410251130/tools/bin/../lib/gcc/arm-none-eabi/12.3.1/../../../../arm-none-eabi/lib/thumb/v7e-m+fp/hard\libc_nano.a(libc_a-init.o)
                0x0800f588                __libc_init_array
 .text.__retarget_lock_init_recursive
                0x0800f5d0        0x2 C:/ST/STM32CubeIDE_1.17.0/STM32CubeIDE/plugins/com.st.stm32cube.ide.mcu.externaltools.gnu-tools-for-stm32.12.3.rel1.win32_1.1.0.202410251130/tools/bin/../lib/gcc/arm-none-eabi/12.3.1/../../../../arm-none-eabi/lib/thumb/v7e-m+fp/hard\libc_nano.a(libc_a-lock.o)
                0x0800f5d0                __retarget_lock_init_recursive
 .text.__retarget_lock_acquire_recursive
                0x0800f5d2        0x2 C:/ST/STM32CubeIDE_1.17.0/STM32CubeIDE/plugins/com.st.stm32cube.ide.mcu.externaltools.gnu-tools-for-stm32.12.3.rel1.win32_1.1.0.202410251130/tools/bin/../lib/gcc/arm-none-eabi/12.3.1/../../../../arm-none-eabi/lib/thumb/v7e-m+fp/hard\libc_nano.a(libc_a-lock.o)
                0x0800f5d2                __retarget_lock_acquire_recursive
 .text.__retarget_lock_release_recursive
                0x0800f5d4        0x2 C:/ST/STM32CubeIDE_1.17.0/STM32CubeIDE/plugins/com.st.stm32cube.ide.mcu.externaltools.gnu-tools-for-stm32.12.3.rel1.win32_1.1.0.202410251130/tools/bin/../lib/gcc/arm-none-eabi/12.3.1/../../../../arm-none-eabi/lib/thumb/v7e-m+fp/hard\libc_nano.a(libc_a-lock.o)
                0x0800f5d4                __retarget_lock_release_recursive
 .text.strcpy   0x0800f5d6       0x10 C:/ST/STM32CubeIDE_1.17.0/STM32CubeIDE/plugins/com.st.stm32cube.ide.mcu.externaltools.gnu-tools-for-stm32.12.3.rel1.win32_1.1.0.202410251130/tools/bin/../lib/gcc/arm-none-eabi/12.3.1/../../../../arm-none-eabi/lib/thumb/v7e-m+fp/hard\libc_nano.a(libc_a-strcpy.o)
                0x0800f5d6                strcpy
 *fill*         0x0800f5e6        0x2 
 .text._free_r  0x0800f5e8       0x94 C:/ST/STM32CubeIDE_1.17.0/STM32CubeIDE/plugins/com.st.stm32cube.ide.mcu.externaltools.gnu-tools-for-stm32.12.3.rel1.win32_1.1.0.202410251130/tools/bin/../lib/gcc/arm-none-eabi/12.3.1/../../../../arm-none-eabi/lib/thumb/v7e-m+fp/hard\libc_nano.a(libc_a-freer.o)
                0x0800f5e8                _free_r
 .text.__ssputs_r
                0x0800f67c       0xb6 C:/ST/STM32CubeIDE_1.17.0/STM32CubeIDE/plugins/com.st.stm32cube.ide.mcu.externaltools.gnu-tools-for-stm32.12.3.rel1.win32_1.1.0.202410251130/tools/bin/../lib/gcc/arm-none-eabi/12.3.1/../../../../arm-none-eabi/lib/thumb/v7e-m+fp/hard\libc_nano.a(libc_a-nano-svfprintf.o)
                0x0800f67c                __ssputs_r
 *fill*         0x0800f732        0x2 
 .text._svfprintf_r
                0x0800f734      0x1f8 C:/ST/STM32CubeIDE_1.17.0/STM32CubeIDE/plugins/com.st.stm32cube.ide.mcu.externaltools.gnu-tools-for-stm32.12.3.rel1.win32_1.1.0.202410251130/tools/bin/../lib/gcc/arm-none-eabi/12.3.1/../../../../arm-none-eabi/lib/thumb/v7e-m+fp/hard\libc_nano.a(libc_a-nano-svfprintf.o)
                0x0800f734                _svfiprintf_r
                0x0800f734                _svfprintf_r
 .text.__sfputc_r
                0x0800f92c       0x2e C:/ST/STM32CubeIDE_1.17.0/STM32CubeIDE/plugins/com.st.stm32cube.ide.mcu.externaltools.gnu-tools-for-stm32.12.3.rel1.win32_1.1.0.202410251130/tools/bin/../lib/gcc/arm-none-eabi/12.3.1/../../../../arm-none-eabi/lib/thumb/v7e-m+fp/hard\libc_nano.a(libc_a-nano-vfprintf.o)
 .text.__sfputs_r
                0x0800f95a       0x24 C:/ST/STM32CubeIDE_1.17.0/STM32CubeIDE/plugins/com.st.stm32cube.ide.mcu.externaltools.gnu-tools-for-stm32.12.3.rel1.win32_1.1.0.202410251130/tools/bin/../lib/gcc/arm-none-eabi/12.3.1/../../../../arm-none-eabi/lib/thumb/v7e-m+fp/hard\libc_nano.a(libc_a-nano-vfprintf.o)
                0x0800f95a                __sfputs_r
 *fill*         0x0800f97e        0x2 
 .text._vfprintf_r
                0x0800f980      0x230 C:/ST/STM32CubeIDE_1.17.0/STM32CubeIDE/plugins/com.st.stm32cube.ide.mcu.externaltools.gnu-tools-for-stm32.12.3.rel1.win32_1.1.0.202410251130/tools/bin/../lib/gcc/arm-none-eabi/12.3.1/../../../../arm-none-eabi/lib/thumb/v7e-m+fp/hard\libc_nano.a(libc_a-nano-vfprintf.o)
                0x0800f980                _vfprintf_r
                0x0800f980                _vfiprintf_r
 .text._printf_common
                0x0800fbb0       0xda C:/ST/STM32CubeIDE_1.17.0/STM32CubeIDE/plugins/com.st.stm32cube.ide.mcu.externaltools.gnu-tools-for-stm32.12.3.rel1.win32_1.1.0.202410251130/tools/bin/../lib/gcc/arm-none-eabi/12.3.1/../../../../arm-none-eabi/lib/thumb/v7e-m+fp/hard\libc_nano.a(libc_a-nano-vfprintf_i.o)
                0x0800fbb0                _printf_common
 *fill*         0x0800fc8a        0x2 
 .text._printf_i
                0x0800fc8c      0x240 C:/ST/STM32CubeIDE_1.17.0/STM32CubeIDE/plugins/com.st.stm32cube.ide.mcu.externaltools.gnu-tools-for-stm32.12.3.rel1.win32_1.1.0.202410251130/tools/bin/../lib/gcc/arm-none-eabi/12.3.1/../../../../arm-none-eabi/lib/thumb/v7e-m+fp/hard\libc_nano.a(libc_a-nano-vfprintf_i.o)
                0x0800fc8c                _printf_i
 .text.__sflush_r
                0x0800fecc      0x108 C:/ST/STM32CubeIDE_1.17.0/STM32CubeIDE/plugins/com.st.stm32cube.ide.mcu.externaltools.gnu-tools-for-stm32.12.3.rel1.win32_1.1.0.202410251130/tools/bin/../lib/gcc/arm-none-eabi/12.3.1/../../../../arm-none-eabi/lib/thumb/v7e-m+fp/hard\libc_nano.a(libc_a-fflush.o)
                0x0800fecc                __sflush_r
 .text._fflush_r
                0x0800ffd4       0x50 C:/ST/STM32CubeIDE_1.17.0/STM32CubeIDE/plugins/com.st.stm32cube.ide.mcu.externaltools.gnu-tools-for-stm32.12.3.rel1.win32_1.1.0.202410251130/tools/bin/../lib/gcc/arm-none-eabi/12.3.1/../../../../arm-none-eabi/lib/thumb/v7e-m+fp/hard\libc_nano.a(libc_a-fflush.o)
                0x0800ffd4                _fflush_r
 .text.__swhatbuf_r
                0x08010024       0x4c C:/ST/STM32CubeIDE_1.17.0/STM32CubeIDE/plugins/com.st.stm32cube.ide.mcu.externaltools.gnu-tools-for-stm32.12.3.rel1.win32_1.1.0.202410251130/tools/bin/../lib/gcc/arm-none-eabi/12.3.1/../../../../arm-none-eabi/lib/thumb/v7e-m+fp/hard\libc_nano.a(libc_a-makebuf.o)
                0x08010024                __swhatbuf_r
 .text.__smakebuf_r
                0x08010070       0x78 C:/ST/STM32CubeIDE_1.17.0/STM32CubeIDE/plugins/com.st.stm32cube.ide.mcu.externaltools.gnu-tools-for-stm32.12.3.rel1.win32_1.1.0.202410251130/tools/bin/../lib/gcc/arm-none-eabi/12.3.1/../../../../arm-none-eabi/lib/thumb/v7e-m+fp/hard\libc_nano.a(libc_a-makebuf.o)
                0x08010070                __smakebuf_r
 .text._putc_r  0x080100e8       0x68 C:/ST/STM32CubeIDE_1.17.0/STM32CubeIDE/plugins/com.st.stm32cube.ide.mcu.externaltools.gnu-tools-for-stm32.12.3.rel1.win32_1.1.0.202410251130/tools/bin/../lib/gcc/arm-none-eabi/12.3.1/../../../../arm-none-eabi/lib/thumb/v7e-m+fp/hard\libc_nano.a(libc_a-putc.o)
                0x080100e8                _putc_r
 .text.memmove  0x08010150       0x34 C:/ST/STM32CubeIDE_1.17.0/STM32CubeIDE/plugins/com.st.stm32cube.ide.mcu.externaltools.gnu-tools-for-stm32.12.3.rel1.win32_1.1.0.202410251130/tools/bin/../lib/gcc/arm-none-eabi/12.3.1/../../../../arm-none-eabi/lib/thumb/v7e-m+fp/hard\libc_nano.a(libc_a-memmove.o)
                0x08010150                memmove
 .text._fstat_r
                0x08010184       0x24 C:/ST/STM32CubeIDE_1.17.0/STM32CubeIDE/plugins/com.st.stm32cube.ide.mcu.externaltools.gnu-tools-for-stm32.12.3.rel1.win32_1.1.0.202410251130/tools/bin/../lib/gcc/arm-none-eabi/12.3.1/../../../../arm-none-eabi/lib/thumb/v7e-m+fp/hard\libc_nano.a(libc_a-fstatr.o)
                0x08010184                _fstat_r
 .text._isatty_r
                0x080101a8       0x20 C:/ST/STM32CubeIDE_1.17.0/STM32CubeIDE/plugins/com.st.stm32cube.ide.mcu.externaltools.gnu-tools-for-stm32.12.3.rel1.win32_1.1.0.202410251130/tools/bin/../lib/gcc/arm-none-eabi/12.3.1/../../../../arm-none-eabi/lib/thumb/v7e-m+fp/hard\libc_nano.a(libc_a-isattyr.o)
                0x080101a8                _isatty_r
 .text.memcpy   0x080101c8       0x1c C:/ST/STM32CubeIDE_1.17.0/STM32CubeIDE/plugins/com.st.stm32cube.ide.mcu.externaltools.gnu-tools-for-stm32.12.3.rel1.win32_1.1.0.202410251130/tools/bin/../lib/gcc/arm-none-eabi/12.3.1/../../../../arm-none-eabi/lib/thumb/v7e-m+fp/hard\libc_nano.a(libc_a-memcpy-stub.o)
                0x080101c8                memcpy
 .text._realloc_r
                0x080101e4       0x5c C:/ST/STM32CubeIDE_1.17.0/STM32CubeIDE/plugins/com.st.stm32cube.ide.mcu.externaltools.gnu-tools-for-stm32.12.3.rel1.win32_1.1.0.202410251130/tools/bin/../lib/gcc/arm-none-eabi/12.3.1/../../../../arm-none-eabi/lib/thumb/v7e-m+fp/hard\libc_nano.a(libc_a-reallocr.o)
                0x080101e4                _realloc_r
 .text._malloc_usable_size_r
                0x08010240       0x10 C:/ST/STM32CubeIDE_1.17.0/STM32CubeIDE/plugins/com.st.stm32cube.ide.mcu.externaltools.gnu-tools-for-stm32.12.3.rel1.win32_1.1.0.202410251130/tools/bin/../lib/gcc/arm-none-eabi/12.3.1/../../../../arm-none-eabi/lib/thumb/v7e-m+fp/hard\libc_nano.a(libc_a-msizer.o)
                0x08010240                _malloc_usable_size_r
 *(.glue_7)
 .glue_7        0x08010250        0x0 linker stubs
 *(.glue_7t)
 .glue_7t       0x08010250        0x0 linker stubs
 *(.eh_frame)
 .eh_frame      0x08010250        0x0 C:/ST/STM32CubeIDE_1.17.0/STM32CubeIDE/plugins/com.st.stm32cube.ide.mcu.externaltools.gnu-tools-for-stm32.12.3.rel1.win32_1.1.0.202410251130/tools/bin/../lib/gcc/arm-none-eabi/12.3.1/thumb/v7e-m+fp/hard/crtbegin.o
 *(.init)
 .init          0x08010250        0x4 C:/ST/STM32CubeIDE_1.17.0/STM32CubeIDE/plugins/com.st.stm32cube.ide.mcu.externaltools.gnu-tools-for-stm32.12.3.rel1.win32_1.1.0.202410251130/tools/bin/../lib/gcc/arm-none-eabi/12.3.1/thumb/v7e-m+fp/hard/crti.o
                0x08010250                _init
 .init          0x08010254        0x8 C:/ST/STM32CubeIDE_1.17.0/STM32CubeIDE/plugins/com.st.stm32cube.ide.mcu.externaltools.gnu-tools-for-stm32.12.3.rel1.win32_1.1.0.202410251130/tools/bin/../lib/gcc/arm-none-eabi/12.3.1/thumb/v7e-m+fp/hard/crtn.o
 *(.fini)
 .fini          0x0801025c        0x4 C:/ST/STM32CubeIDE_1.17.0/STM32CubeIDE/plugins/com.st.stm32cube.ide.mcu.externaltools.gnu-tools-for-stm32.12.3.rel1.win32_1.1.0.202410251130/tools/bin/../lib/gcc/arm-none-eabi/12.3.1/thumb/v7e-m+fp/hard/crti.o
                0x0801025c                _fini
 .fini          0x08010260        0x8 C:/ST/STM32CubeIDE_1.17.0/STM32CubeIDE/plugins/com.st.stm32cube.ide.mcu.externaltools.gnu-tools-for-stm32.12.3.rel1.win32_1.1.0.202410251130/tools/bin/../lib/gcc/arm-none-eabi/12.3.1/thumb/v7e-m+fp/hard/crtn.o
                0x08010268                        . = ALIGN (0x4)
                0x08010268                        _etext = .

.vfp11_veneer   0x08010268        0x0
 .vfp11_veneer  0x08010268        0x0 linker stubs

.v4_bx          0x08010268        0x0
 .v4_bx         0x08010268        0x0 linker stubs

.iplt           0x08010268        0x0
 .iplt          0x08010268        0x0 C:/ST/STM32CubeIDE_1.17.0/STM32CubeIDE/plugins/com.st.stm32cube.ide.mcu.externaltools.gnu-tools-for-stm32.12.3.rel1.win32_1.1.0.202410251130/tools/bin/../lib/gcc/arm-none-eabi/12.3.1/thumb/v7e-m+fp/hard/crtbegin.o

.rodata         0x08010268     0x2c60
                0x08010268                        . = ALIGN (0x4)
 *(.rodata)
 .rodata        0x08010268      0x19e ./Core/Src/main.o
 *fill*         0x08010406        0x2 
 .rodata        0x08010408      0x1c5 ./Middlewares/ST/STM32_USB_Host_Library/Class/HID/Src/usbh_hid.o
 *fill*         0x080105cd        0x3 
 .rodata        0x080105d0      0x460 ./Middlewares/ST/STM32_USB_Host_Library/Core/Src/usbh_core.o
 .rodata        0x08010a30      0x101 ./Middlewares/ST/STM32_USB_Host_Library/Core/Src/usbh_ctlreq.o
 *(.rodata*)
 *fill*         0x08010b31        0x3 
 .rodata.cmd_read_y.2
                0x08010b34        0x1 ./Core/Src/XPT2046_touch.o
 *fill*         0x08010b35        0x3 
 .rodata.zeroes_tx.1
                0x08010b38        0x2 ./Core/Src/XPT2046_touch.o
 *fill*         0x08010b3a        0x2 
 .rodata.cmd_read_x.0
                0x08010b3c        0x1 ./Core/Src/XPT2046_touch.o
 *fill*         0x08010b3d        0x3 
 .rodata.Font12_Table
                0x08010b40      0x474 ./Core/Src/font12.o
                0x08010b40                Font12_Table
 .rodata.Font16_Table
                0x08010fb4      0xbe0 ./Core/Src/font16.o
                0x08010fb4                Font16_Table
 .rodata.Font20_Table
                0x08011b94      0xed8 ./Core/Src/font20.o
                0x08011b94                Font20_Table
 .rodata.AHBPrescTable
                0x08012a6c       0x10 ./Core/Src/system_stm32f4xx.o
                0x08012a6c                AHBPrescTable
 .rodata.APBPrescTable
                0x08012a7c        0x8 ./Core/Src/system_stm32f4xx.o
                0x08012a7c                APBPrescTable
 .rodata.imp_0_lctrl
                0x08012a84       0x20 ./Middlewares/ST/STM32_USB_Host_Library/Class/HID/Src/usbh_hid_keybd.o
 .rodata.imp_0_lshift
                0x08012aa4       0x20 ./Middlewares/ST/STM32_USB_Host_Library/Class/HID/Src/usbh_hid_keybd.o
 .rodata.imp_0_lalt
                0x08012ac4       0x20 ./Middlewares/ST/STM32_USB_Host_Library/Class/HID/Src/usbh_hid_keybd.o
 .rodata.imp_0_lgui
                0x08012ae4       0x20 ./Middlewares/ST/STM32_USB_Host_Library/Class/HID/Src/usbh_hid_keybd.o
 .rodata.imp_0_rctrl
                0x08012b04       0x20 ./Middlewares/ST/STM32_USB_Host_Library/Class/HID/Src/usbh_hid_keybd.o
 .rodata.imp_0_rshift
                0x08012b24       0x20 ./Middlewares/ST/STM32_USB_Host_Library/Class/HID/Src/usbh_hid_keybd.o
 .rodata.imp_0_ralt
                0x08012b44       0x20 ./Middlewares/ST/STM32_USB_Host_Library/Class/HID/Src/usbh_hid_keybd.o
 .rodata.imp_0_rgui
                0x08012b64       0x20 ./Middlewares/ST/STM32_USB_Host_Library/Class/HID/Src/usbh_hid_keybd.o
 .rodata.imp_0_key_array
                0x08012b84       0x20 ./Middlewares/ST/STM32_USB_Host_Library/Class/HID/Src/usbh_hid_keybd.o
 .rodata.HID_KEYBRD_Key
                0x08012ba4       0x82 ./Middlewares/ST/STM32_USB_Host_Library/Class/HID/Src/usbh_hid_keybd.o
 *fill*         0x08012c26        0x2 
 .rodata.HID_KEYBRD_ShiftKey
                0x08012c28       0x82 ./Middlewares/ST/STM32_USB_Host_Library/Class/HID/Src/usbh_hid_keybd.o
 *fill*         0x08012caa        0x2 
 .rodata.HID_KEYBRD_Codes
                0x08012cac       0xe8 ./Middlewares/ST/STM32_USB_Host_Library/Class/HID/Src/usbh_hid_keybd.o
 .rodata._ctype_
                0x08012d94      0x101 C:/ST/STM32CubeIDE_1.17.0/STM32CubeIDE/plugins/com.st.stm32cube.ide.mcu.externaltools.gnu-tools-for-stm32.12.3.rel1.win32_1.1.0.202410251130/tools/bin/../lib/gcc/arm-none-eabi/12.3.1/../../../../arm-none-eabi/lib/thumb/v7e-m+fp/hard\libc_nano.a(libc_a-ctype_.o)
                0x08012d94                _ctype_
 .rodata._svfprintf_r.str1.1
                0x08012e95       0x11 C:/ST/STM32CubeIDE_1.17.0/STM32CubeIDE/plugins/com.st.stm32cube.ide.mcu.externaltools.gnu-tools-for-stm32.12.3.rel1.win32_1.1.0.202410251130/tools/bin/../lib/gcc/arm-none-eabi/12.3.1/../../../../arm-none-eabi/lib/thumb/v7e-m+fp/hard\libc_nano.a(libc_a-nano-svfprintf.o)
 .rodata._vfprintf_r.str1.1
                0x08012ea6       0x11 C:/ST/STM32CubeIDE_1.17.0/STM32CubeIDE/plugins/com.st.stm32cube.ide.mcu.externaltools.gnu-tools-for-stm32.12.3.rel1.win32_1.1.0.202410251130/tools/bin/../lib/gcc/arm-none-eabi/12.3.1/../../../../arm-none-eabi/lib/thumb/v7e-m+fp/hard\libc_nano.a(libc_a-nano-vfprintf.o)
 .rodata._printf_i.str1.1
                0x08012ea6       0x22 C:/ST/STM32CubeIDE_1.17.0/STM32CubeIDE/plugins/com.st.stm32cube.ide.mcu.externaltools.gnu-tools-for-stm32.12.3.rel1.win32_1.1.0.202410251130/tools/bin/../lib/gcc/arm-none-eabi/12.3.1/../../../../arm-none-eabi/lib/thumb/v7e-m+fp/hard\libc_nano.a(libc_a-nano-vfprintf_i.o)
                0x08012ec8                        . = ALIGN (0x4)

.ARM.extab      0x08012ec8        0x0
                0x08012ec8                        . = ALIGN (0x4)
 *(.ARM.extab* .gnu.linkonce.armextab.*)
                0x08012ec8                        . = ALIGN (0x4)

.ARM            0x08012ec8        0x8
                0x08012ec8                        . = ALIGN (0x4)
                0x08012ec8                        __exidx_start = .
 *(.ARM.exidx*)
 .ARM.exidx     0x08012ec8        0x8 C:/ST/STM32CubeIDE_1.17.0/STM32CubeIDE/plugins/com.st.stm32cube.ide.mcu.externaltools.gnu-tools-for-stm32.12.3.rel1.win32_1.1.0.202410251130/tools/bin/../lib/gcc/arm-none-eabi/12.3.1/../../../../arm-none-eabi/lib/thumb/v7e-m+fp/hard\libc_nano.a(libc_a-strlen.o)
 .ARM.exidx     0x08012ed0        0x0 C:/ST/STM32CubeIDE_1.17.0/STM32CubeIDE/plugins/com.st.stm32cube.ide.mcu.externaltools.gnu-tools-for-stm32.12.3.rel1.win32_1.1.0.202410251130/tools/bin/../lib/gcc/arm-none-eabi/12.3.1/../../../../arm-none-eabi/lib/thumb/v7e-m+fp/hard\libc_nano.a(libc_a-memchr.o)
                                  0x8 (size before relaxing)
 .ARM.exidx     0x08012ed0        0x0 C:/ST/STM32CubeIDE_1.17.0/STM32CubeIDE/plugins/com.st.stm32cube.ide.mcu.externaltools.gnu-tools-for-stm32.12.3.rel1.win32_1.1.0.202410251130/tools/bin/../lib/gcc/arm-none-eabi/12.3.1/thumb/v7e-m+fp/hard\libgcc.a(_udivmoddi4.o)
                                  0x8 (size before relaxing)
                0x08012ed0                        __exidx_end = .
                0x08012ed0                        . = ALIGN (0x4)

.preinit_array  0x08012ed0        0x0
                0x08012ed0                        . = ALIGN (0x4)
                0x08012ed0                        PROVIDE (__preinit_array_start = .)
 *(.preinit_array*)
                0x08012ed0                        PROVIDE (__preinit_array_end = .)
                0x08012ed0                        . = ALIGN (0x4)

.init_array     0x08012ed0        0x4
                0x08012ed0                        . = ALIGN (0x4)
                0x08012ed0                        PROVIDE (__init_array_start = .)
 *(SORT_BY_NAME(.init_array.*))
 *(.init_array*)
 .init_array    0x08012ed0        0x4 C:/ST/STM32CubeIDE_1.17.0/STM32CubeIDE/plugins/com.st.stm32cube.ide.mcu.externaltools.gnu-tools-for-stm32.12.3.rel1.win32_1.1.0.202410251130/tools/bin/../lib/gcc/arm-none-eabi/12.3.1/thumb/v7e-m+fp/hard/crtbegin.o
                0x08012ed4                        PROVIDE (__init_array_end = .)
                0x08012ed4                        . = ALIGN (0x4)

.fini_array     0x08012ed4        0x4
                0x08012ed4                        . = ALIGN (0x4)
                [!provide]                        PROVIDE (__fini_array_start = .)
 *(SORT_BY_NAME(.fini_array.*))
 *(.fini_array*)
 .fini_array    0x08012ed4        0x4 C:/ST/STM32CubeIDE_1.17.0/STM32CubeIDE/plugins/com.st.stm32cube.ide.mcu.externaltools.gnu-tools-for-stm32.12.3.rel1.win32_1.1.0.202410251130/tools/bin/../lib/gcc/arm-none-eabi/12.3.1/thumb/v7e-m+fp/hard/crtbegin.o
                [!provide]                        PROVIDE (__fini_array_end = .)
                0x08012ed8                        . = ALIGN (0x4)
                0x08012ed8                        _sidata = LOADADDR (.data)

.rel.dyn        0x08012ed8        0x0
 .rel.iplt      0x08012ed8        0x0 C:/ST/STM32CubeIDE_1.17.0/STM32CubeIDE/plugins/com.st.stm32cube.ide.mcu.externaltools.gnu-tools-for-stm32.12.3.rel1.win32_1.1.0.202410251130/tools/bin/../lib/gcc/arm-none-eabi/12.3.1/thumb/v7e-m+fp/hard/crtbegin.o

.data           0x20000000      0x31c load address 0x08012ed8
                0x20000000                        . = ALIGN (0x4)
                0x20000000                        _sdata = .
 *(.data)
 *(.data*)
 .data.Font12   0x20000000        0x8 ./Core/Src/font12.o
                0x20000000                Font12
 .data.Font16   0x20000008        0x8 ./Core/Src/font16.o
                0x20000008                Font16
 .data.Font20   0x20000010        0x8 ./Core/Src/font20.o
                0x20000010                Font20
 .data.lcdProperties
                0x20000018        0x8 ./Core/Src/ili9341.o
 .data.lcdFont  0x20000020       0x10 ./Core/Src/ili9341.o
 .data.buttons  0x20000030       0x7e ./Core/Src/main.o
                0x20000030                buttons
 *fill*         0x200000ae        0x2 
 .data.queueButton
                0x200000b0       0x2a ./Core/Src/main.o
                0x200000b0                queueButton
 *fill*         0x200000da        0x2 
 .data.runButton
                0x200000dc       0x2a ./Core/Src/main.o
                0x200000dc                runButton
 *fill*         0x20000106        0x2 
 .data.confirmButton
                0x20000108       0x2a ./Core/Src/main.o
                0x20000108                confirmButton
 *fill*         0x20000132        0x2 
 .data.queueSelectButton
                0x20000134       0x2a ./Core/Src/main.o
                0x20000134                queueSelectButton
 *fill*         0x2000015e        0x2 
 .data.selectButton
                0x20000160       0x2a ./Core/Src/main.o
                0x20000160                selectButton
 *fill*         0x2000018a        0x2 
 .data.deleteButton
                0x2000018c       0x2a ./Core/Src/main.o
                0x2000018c                deleteButton